Archive member included to satisfy reference by file (symbol)

c:/nxp/mcuxpressoide_11.3.1_5262/ide/plugins/com.nxp.mcuxpresso.tools.win32_11.3.0.202008311133/tools/bin/../lib/gcc/arm-none-eabi/9.3.1/../../../../arm-none-eabi/lib/thumb/v6-m/nofp\libcr_c.a(__weak__main.o)
                              ./Aplicacion/cr_startup_lpc84x.o (__main)

Discarded input sections

 .group         0x00000000        0xc ./Drivers/DR_Init.o
 .group         0x00000000        0xc ./Drivers/DR_Init.o
 .group         0x00000000        0xc ./Drivers/DR_Init.o
 .text          0x00000000        0x0 ./Drivers/DR_Init.o
 .data          0x00000000        0x0 ./Drivers/DR_Init.o
 .bss           0x00000000        0x0 ./Drivers/DR_Init.o
 .group         0x00000000        0xc ./Aplicacion/Registros.o
 .group         0x00000000        0xc ./Aplicacion/Registros.o
 .group         0x00000000        0xc ./Aplicacion/Registros.o
 .group         0x00000000        0xc ./Aplicacion/Registros.o
 .text          0x00000000        0x0 ./Aplicacion/Registros.o
 .data          0x00000000        0x0 ./Aplicacion/Registros.o
 .bss           0x00000000        0x0 ./Aplicacion/Registros.o
 .debug_macro   0x00000000      0xa96 ./Aplicacion/Registros.o
 .debug_macro   0x00000000      0x219 ./Aplicacion/Registros.o
 .debug_macro   0x00000000       0x10 ./Aplicacion/Registros.o
 .group         0x00000000        0xc ./Aplicacion/cr_startup_lpc84x.o
 .text          0x00000000        0x0 ./Aplicacion/cr_startup_lpc84x.o
 .data          0x00000000        0x0 ./Aplicacion/cr_startup_lpc84x.o
 .bss           0x00000000        0x0 ./Aplicacion/cr_startup_lpc84x.o
 .debug_macro   0x00000000      0xa96 ./Aplicacion/cr_startup_lpc84x.o
 .text          0x00000000        0x0 c:/nxp/mcuxpressoide_11.3.1_5262/ide/plugins/com.nxp.mcuxpresso.tools.win32_11.3.0.202008311133/tools/bin/../lib/gcc/arm-none-eabi/9.3.1/../../../../arm-none-eabi/lib/thumb/v6-m/nofp\libcr_c.a(__weak__main.o)
 .data          0x00000000        0x0 c:/nxp/mcuxpressoide_11.3.1_5262/ide/plugins/com.nxp.mcuxpresso.tools.win32_11.3.0.202008311133/tools/bin/../lib/gcc/arm-none-eabi/9.3.1/../../../../arm-none-eabi/lib/thumb/v6-m/nofp\libcr_c.a(__weak__main.o)
 .bss           0x00000000        0x0 c:/nxp/mcuxpressoide_11.3.1_5262/ide/plugins/com.nxp.mcuxpresso.tools.win32_11.3.0.202008311133/tools/bin/../lib/gcc/arm-none-eabi/9.3.1/../../../../arm-none-eabi/lib/thumb/v6-m/nofp\libcr_c.a(__weak__main.o)

Memory Configuration

Name             Origin             Length             Attributes
MFlash64         0x00000000         0x00010000         xr
RamLoc16         0x10000000         0x00004000         xrw
*default*        0x00000000         0xffffffff

Linker script and memory map

LOAD ./Drivers/DR_Init.o
LOAD ./Aplicacion/Registros.o
LOAD ./Aplicacion/cr_startup_lpc84x.o
START GROUP
LOAD c:/nxp/mcuxpressoide_11.3.1_5262/ide/plugins/com.nxp.mcuxpresso.tools.win32_11.3.0.202008311133/tools/bin/../lib/gcc/arm-none-eabi/9.3.1/../../../../arm-none-eabi/lib/thumb/v6-m/nofp\libcr_c.a
LOAD c:/nxp/mcuxpressoide_11.3.1_5262/ide/plugins/com.nxp.mcuxpresso.tools.win32_11.3.0.202008311133/tools/bin/../lib/gcc/arm-none-eabi/9.3.1/thumb/v6-m/nofp\libcr_eabihelpers.a
LOAD c:/nxp/mcuxpressoide_11.3.1_5262/ide/plugins/com.nxp.mcuxpresso.tools.win32_11.3.0.202008311133/tools/bin/../lib/gcc/arm-none-eabi/9.3.1/thumb/v6-m/nofp\libgcc.a
END GROUP
                0x00000000                __base_MFlash64 = 0x0
                0x00000000                __base_Flash = 0x0
                0x00010000                __top_MFlash64 = 0x10000
                0x00010000                __top_Flash = 0x10000
                0x10000000                __base_RamLoc16 = 0x10000000
                0x10000000                __base_RAM = 0x10000000
                0x10004000                __top_RamLoc16 = 0x10004000
                0x10004000                __top_RAM = 0x10004000

.text           0x00000000      0x384
 FILL mask 0xff
                0x00000000                __vectors_start__ = ABSOLUTE (.)
 *(.isr_vector)
 .isr_vector    0x00000000       0xc0 ./Aplicacion/cr_startup_lpc84x.o
                0x00000000                g_pfnVectors
                0x000000c0                . = ALIGN (0x4)
                0x000000c0                __section_table_start = .
                0x000000c0                __data_section_table = .
                0x000000c0        0x4 LONG 0x384 LOADADDR (.data)
                0x000000c4        0x4 LONG 0x10000000 ADDR (.data)
                0x000000c8        0x4 LONG 0x4 SIZEOF (.data)
                0x000000cc                __data_section_table_end = .
                0x000000cc                __bss_section_table = .
                0x000000cc        0x4 LONG 0x10000004 ADDR (.bss)
                0x000000d0        0x4 LONG 0x0 SIZEOF (.bss)
                0x000000d4                __bss_section_table_end = .
                0x000000d4                __section_table_end = .
 *(.after_vectors*)
 .after_vectors
                0x000000d4      0x118 ./Aplicacion/cr_startup_lpc84x.o
                0x000000d4                data_init
                0x00000116                bss_init
                0x0000014c                ResetISR
                0x000001c8                NMI_Handler
                0x000001ce                HardFault_Handler
                0x000001d4                SVC_Handler
                0x000001da                PendSV_Handler
                0x000001e0                SysTick_Handler
                0x000001e6                PININT1_IRQHandler
                0x000001e6                PININT2_IRQHandler
                0x000001e6                MRT_IRQHandler
                0x000001e6                I2C1_IRQHandler
                0x000001e6                UART1_IRQHandler
                0x000001e6                ADC_SEQB_IRQHandler
                0x000001e6                UART0_IRQHandler
                0x000001e6                I2C0_IRQHandler
                0x000001e6                SPI1_IRQHandler
                0x000001e6                WKT_IRQHandler
                0x000001e6                ADC_OVR_IRQHandler
                0x000001e6                PININT7_IRQHandler
                0x000001e6                CMP_IRQHandler
                0x000001e6                PININT3_IRQHandler
                0x000001e6                UART2_IRQHandler
                0x000001e6                PININT5_IRQHandler
                0x000001e6                PININT4_IRQHandler
                0x000001e6                ADC_THCMP_IRQHandler
                0x000001e6                PININT0_IRQHandler
                0x000001e6                BOD_IRQHandler
                0x000001e6                I2C3_IRQHandler
                0x000001e6                SCT_IRQHandler
                0x000001e6                WDT_IRQHandler
                0x000001e6                IntDefaultHandler
                0x000001e6                ADC_SEQA_IRQHandler
                0x000001e6                FAIM_IRQHandler
                0x000001e6                DAC0_IRQHandler
                0x000001e6                PININT6_IRQHandler
                0x000001e6                SPI0_IRQHandler
                0x000001e6                I2C2_IRQHandler
                0x000001e6                DMA_IRQHandler
                0x000001e6                FLASH_IRQHandler
                0x000001e6                CTIMER0_IRQHandler
 *(.text*)
 .text.InitHw   0x000001ec      0x114 ./Drivers/DR_Init.o
                0x000001ec                InitHw
 .text.main     0x00000300       0x7c ./Aplicacion/Registros.o
                0x00000300                main
 .text.__weak_main
                0x0000037c        0x8 c:/nxp/mcuxpressoide_11.3.1_5262/ide/plugins/com.nxp.mcuxpresso.tools.win32_11.3.0.202008311133/tools/bin/../lib/gcc/arm-none-eabi/9.3.1/../../../../arm-none-eabi/lib/thumb/v6-m/nofp\libcr_c.a(__weak__main.o)
                0x0000037c                __weak_main
                0x0000037c                __main
 *(.rodata .rodata.* .constdata .constdata.*)
                0x00000384                . = ALIGN (0x4)

.glue_7         0x00000384        0x0
 .glue_7        0x00000384        0x0 linker stubs

.glue_7t        0x00000384        0x0
 .glue_7t       0x00000384        0x0 linker stubs

.vfp11_veneer   0x00000384        0x0
 .vfp11_veneer  0x00000384        0x0 linker stubs

.v4_bx          0x00000384        0x0
 .v4_bx         0x00000384        0x0 linker stubs

.iplt           0x00000384        0x0
 .iplt          0x00000384        0x0 ./Drivers/DR_Init.o

.rel.dyn        0x00000384        0x0
 .rel.iplt      0x00000384        0x0 ./Drivers/DR_Init.o

.ARM.extab
 *(.ARM.extab* .gnu.linkonce.armextab.*)

.ARM.exidx      0x00000384        0x0
                0x00000384                __exidx_start = .
 *(.ARM.exidx* .gnu.linkonce.armexidx.*)
                0x00000384                __exidx_end = .
                0x00000384                _etext = .

.mtb_buffer_default
 *(.mtb*)

.uninit_RESERVED
                0x10000000        0x0
                0x10000000                _start_uninit_RESERVED = .
 *(.bss.$RESERVED*)
                0x10000000                . = ALIGN (0x4)
                0x10000000                _end_uninit_RESERVED = .

.data           0x10000000        0x4 load address 0x00000384
 FILL mask 0xff
                0x10000000                _data = .
                [!provide]                PROVIDE (__start_data_RAM = .)
                [!provide]                PROVIDE (__start_data_RamLoc16 = .)
 *(vtable)
 *(.ramfunc*)
 *(CodeQuickAccess)
 *(DataQuickAccess)
 *(RamFunction)
 *(.data*)
 .data.fro_set_frec
                0x10000000        0x4 ./Drivers/DR_Init.o
                0x10000000                fro_set_frec
                0x10000004                . = ALIGN (0x4)
                0x10000004                _edata = .
                [!provide]                PROVIDE (__end_data_RAM = .)
                [!provide]                PROVIDE (__end_data_RamLoc16 = .)

.igot.plt       0x10000004        0x0 load address 0x00000388
 .igot.plt      0x10000004        0x0 ./Drivers/DR_Init.o

.bss            0x10000004        0x0
                0x10000004                _bss = .
                [!provide]                PROVIDE (__start_bss_RAM = .)
                [!provide]                PROVIDE (__start_bss_RamLoc16 = .)
 *(.bss*)
 *(COMMON)
                0x10000004                . = ALIGN (0x4)
                0x10000004                _ebss = .
                [!provide]                PROVIDE (__end_bss_RAM = .)
                [!provide]                PROVIDE (__end_bss_RamLoc16 = .)
                [!provide]                PROVIDE (end = .)

.noinit         0x10000004        0x0
                0x10000004                _noinit = .
                [!provide]                PROVIDE (__start_noinit_RAM = .)
                [!provide]                PROVIDE (__start_noinit_RamLoc16 = .)
 *(.noinit*)
                0x10000004                . = ALIGN (0x4)
                0x10000004                _end_noinit = .
                [!provide]                PROVIDE (__end_noinit_RAM = .)
                [!provide]                PROVIDE (__end_noinit_RamLoc16 = .)
                [!provide]                PROVIDE (_pvHeapStart = DEFINED (__user_heap_base)?__user_heap_base:.)
                0x10004000                PROVIDE (_vStackTop = DEFINED (__user_stack_top)?__user_stack_top:(__top_RamLoc16 - 0x0))
                0xefffbb1b                PROVIDE (__valid_user_code_checksum = (0x0 - (((_vStackTop + (ResetISR + 0x1)) + (DEFINED (NMI_Handler)?NMI_Handler:M0_NMI_Handler + 0x1)) + (DEFINED (HardFault_Handler)?HardFault_Handler:M0_HardFault_Handler + 0x1))))
                0x00000000                _image_start = LOADADDR (.text)
                0x00000388                _image_end = (LOADADDR (.data) + SIZEOF (.data))
                0x00000388                _image_size = (_image_end - _image_start)
OUTPUT(Registros.axf elf32-littlearm)
LOAD linker stubs

.debug_info     0x00000000      0xbd6
 .debug_info    0x00000000      0x74b ./Drivers/DR_Init.o
 .debug_info    0x0000074b      0x26a ./Aplicacion/Registros.o
 .debug_info    0x000009b5      0x221 ./Aplicacion/cr_startup_lpc84x.o

.debug_abbrev   0x00000000      0x2f1
 .debug_abbrev  0x00000000      0x10d ./Drivers/DR_Init.o
 .debug_abbrev  0x0000010d       0xde ./Aplicacion/Registros.o
 .debug_abbrev  0x000001eb      0x106 ./Aplicacion/cr_startup_lpc84x.o

.debug_aranges  0x00000000       0xa0
 .debug_aranges
                0x00000000       0x20 ./Drivers/DR_Init.o
 .debug_aranges
                0x00000020       0x20 ./Aplicacion/Registros.o
 .debug_aranges
                0x00000040       0x60 ./Aplicacion/cr_startup_lpc84x.o

.debug_ranges   0x00000000       0x70
 .debug_ranges  0x00000000       0x10 ./Drivers/DR_Init.o
 .debug_ranges  0x00000010       0x10 ./Aplicacion/Registros.o
 .debug_ranges  0x00000020       0x50 ./Aplicacion/cr_startup_lpc84x.o

.debug_macro    0x00000000      0xdad
 .debug_macro   0x00000000       0x23 ./Drivers/DR_Init.o
 .debug_macro   0x00000023      0xa96 ./Drivers/DR_Init.o
 .debug_macro   0x00000ab9       0x10 ./Drivers/DR_Init.o
 .debug_macro   0x00000ac9      0x219 ./Drivers/DR_Init.o
 .debug_macro   0x00000ce2       0x2c ./Aplicacion/Registros.o
 .debug_macro   0x00000d0e       0x82 ./Aplicacion/Registros.o
 .debug_macro   0x00000d90       0x1d ./Aplicacion/cr_startup_lpc84x.o

.debug_line     0x00000000      0x37e
 .debug_line    0x00000000       0xe4 ./Drivers/DR_Init.o
 .debug_line    0x000000e4      0x160 ./Aplicacion/Registros.o
 .debug_line    0x00000244      0x13a ./Aplicacion/cr_startup_lpc84x.o

.debug_str      0x00000000     0x3e57
 .debug_str     0x00000000     0x385d ./Drivers/DR_Init.o
                               0x38a1 (size before relaxing)
 .debug_str     0x0000385d      0x468 ./Aplicacion/Registros.o
                               0x3a60 (size before relaxing)
 .debug_str     0x00003cc5      0x192 ./Aplicacion/cr_startup_lpc84x.o
                               0x2ed6 (size before relaxing)

.comment        0x00000000       0x4c
 .comment       0x00000000       0x4c ./Drivers/DR_Init.o
                                 0x4d (size before relaxing)
 .comment       0x0000004c       0x4d ./Aplicacion/Registros.o
 .comment       0x0000004c       0x4d ./Aplicacion/cr_startup_lpc84x.o
 .comment       0x0000004c       0x4d c:/nxp/mcuxpressoide_11.3.1_5262/ide/plugins/com.nxp.mcuxpresso.tools.win32_11.3.0.202008311133/tools/bin/../lib/gcc/arm-none-eabi/9.3.1/../../../../arm-none-eabi/lib/thumb/v6-m/nofp\libcr_c.a(__weak__main.o)

.ARM.attributes
                0x00000000       0x2c
 .ARM.attributes
                0x00000000       0x2c ./Drivers/DR_Init.o
 .ARM.attributes
                0x0000002c       0x2c ./Aplicacion/Registros.o
 .ARM.attributes
                0x00000058       0x2c ./Aplicacion/cr_startup_lpc84x.o
 .ARM.attributes
                0x00000084       0x2c c:/nxp/mcuxpressoide_11.3.1_5262/ide/plugins/com.nxp.mcuxpresso.tools.win32_11.3.0.202008311133/tools/bin/../lib/gcc/arm-none-eabi/9.3.1/../../../../arm-none-eabi/lib/thumb/v6-m/nofp\libcr_c.a(__weak__main.o)

.debug_frame    0x00000000      0x174
 .debug_frame   0x00000000       0x2c ./Drivers/DR_Init.o
 .debug_frame   0x0000002c       0x30 ./Aplicacion/Registros.o
 .debug_frame   0x0000005c      0x118 ./Aplicacion/cr_startup_lpc84x.o

Cross Reference Table

Symbol                                            File
ADC_OVR_IRQHandler                                ./Aplicacion/cr_startup_lpc84x.o
ADC_SEQA_IRQHandler                               ./Aplicacion/cr_startup_lpc84x.o
ADC_SEQB_IRQHandler                               ./Aplicacion/cr_startup_lpc84x.o
ADC_THCMP_IRQHandler                              ./Aplicacion/cr_startup_lpc84x.o
BOD_IRQHandler                                    ./Aplicacion/cr_startup_lpc84x.o
CMP_IRQHandler                                    ./Aplicacion/cr_startup_lpc84x.o
CTIMER0_IRQHandler                                ./Aplicacion/cr_startup_lpc84x.o
DAC0_IRQHandler                                   ./Aplicacion/cr_startup_lpc84x.o
DMA_IRQHandler                                    ./Aplicacion/cr_startup_lpc84x.o
FAIM_IRQHandler                                   ./Aplicacion/cr_startup_lpc84x.o
FLASH_IRQHandler                                  ./Aplicacion/cr_startup_lpc84x.o
HardFault_Handler                                 ./Aplicacion/cr_startup_lpc84x.o
I2C0_IRQHandler                                   ./Aplicacion/cr_startup_lpc84x.o
I2C1_IRQHandler                                   ./Aplicacion/cr_startup_lpc84x.o
I2C2_IRQHandler                                   ./Aplicacion/cr_startup_lpc84x.o
I2C3_IRQHandler                                   ./Aplicacion/cr_startup_lpc84x.o
InitHw                                            ./Drivers/DR_Init.o
                                                  ./Aplicacion/Registros.o
IntDefaultHandler                                 ./Aplicacion/cr_startup_lpc84x.o
MRT_IRQHandler                                    ./Aplicacion/cr_startup_lpc84x.o
NMI_Handler                                       ./Aplicacion/cr_startup_lpc84x.o
PININT0_IRQHandler                                ./Aplicacion/cr_startup_lpc84x.o
PININT1_IRQHandler                                ./Aplicacion/cr_startup_lpc84x.o
PININT2_IRQHandler                                ./Aplicacion/cr_startup_lpc84x.o
PININT3_IRQHandler                                ./Aplicacion/cr_startup_lpc84x.o
PININT4_IRQHandler                                ./Aplicacion/cr_startup_lpc84x.o
PININT5_IRQHandler                                ./Aplicacion/cr_startup_lpc84x.o
PININT6_IRQHandler                                ./Aplicacion/cr_startup_lpc84x.o
PININT7_IRQHandler                                ./Aplicacion/cr_startup_lpc84x.o
PendSV_Handler                                    ./Aplicacion/cr_startup_lpc84x.o
ResetISR                                          ./Aplicacion/cr_startup_lpc84x.o
SCT_IRQHandler                                    ./Aplicacion/cr_startup_lpc84x.o
SPI0_IRQHandler                                   ./Aplicacion/cr_startup_lpc84x.o
SPI1_IRQHandler                                   ./Aplicacion/cr_startup_lpc84x.o
SVC_Handler                                       ./Aplicacion/cr_startup_lpc84x.o
SysTick_Handler                                   ./Aplicacion/cr_startup_lpc84x.o
UART0_IRQHandler                                  ./Aplicacion/cr_startup_lpc84x.o
UART1_IRQHandler                                  ./Aplicacion/cr_startup_lpc84x.o
UART2_IRQHandler                                  ./Aplicacion/cr_startup_lpc84x.o
WDT_IRQHandler                                    ./Aplicacion/cr_startup_lpc84x.o
WKT_IRQHandler                                    ./Aplicacion/cr_startup_lpc84x.o
__bss_section_table_end                           ./Aplicacion/cr_startup_lpc84x.o
__data_section_table                              ./Aplicacion/cr_startup_lpc84x.o
__data_section_table_end                          ./Aplicacion/cr_startup_lpc84x.o
__main                                            c:/nxp/mcuxpressoide_11.3.1_5262/ide/plugins/com.nxp.mcuxpresso.tools.win32_11.3.0.202008311133/tools/bin/../lib/gcc/arm-none-eabi/9.3.1/../../../../arm-none-eabi/lib/thumb/v6-m/nofp\libcr_c.a(__weak__main.o)
                                                  ./Aplicacion/cr_startup_lpc84x.o
__valid_user_code_checksum                        ./Aplicacion/cr_startup_lpc84x.o
__weak_main                                       c:/nxp/mcuxpressoide_11.3.1_5262/ide/plugins/com.nxp.mcuxpresso.tools.win32_11.3.0.202008311133/tools/bin/../lib/gcc/arm-none-eabi/9.3.1/../../../../arm-none-eabi/lib/thumb/v6-m/nofp\libcr_c.a(__weak__main.o)
_vStackTop                                        ./Aplicacion/cr_startup_lpc84x.o
bss_init                                          ./Aplicacion/cr_startup_lpc84x.o
data_init                                         ./Aplicacion/cr_startup_lpc84x.o
fro_set_frec                                      ./Drivers/DR_Init.o
g_pfnVectors                                      ./Aplicacion/cr_startup_lpc84x.o
main                                              ./Aplicacion/Registros.o
                                                  c:/nxp/mcuxpressoide_11.3.1_5262/ide/plugins/com.nxp.mcuxpresso.tools.win32_11.3.0.202008311133/tools/bin/../lib/gcc/arm-none-eabi/9.3.1/../../../../arm-none-eabi/lib/thumb/v6-m/nofp\libcr_c.a(__weak__main.o)
