Archive member included to satisfy reference by file (symbol)

/usr/local/mcuxpressoide-11.5.1_7266/ide/plugins/com.nxp.mcuxpresso.tools.linux_11.5.1.202201181444/tools/bin/../lib/gcc/arm-none-eabi/10.3.1/../../../../arm-none-eabi/lib/thumb/v6-m/nofp/libcr_c.a(__weak__main.o)
                              ./src/cr_startup_lpc84x.o (__main)

Discarded input sections

 .group         0x0000000000000000        0xc ./src/MdePpal.o
 .group         0x0000000000000000        0xc ./src/MdePpal.o
 .group         0x0000000000000000        0xc ./src/MdePpal.o
 .group         0x0000000000000000        0xc ./src/MdePpal.o
 .group         0x0000000000000000        0xc ./src/MdePpal.o
 .text          0x0000000000000000        0x0 ./src/MdePpal.o
 .data          0x0000000000000000        0x0 ./src/MdePpal.o
 .bss           0x0000000000000000        0x0 ./src/MdePpal.o
 .group         0x0000000000000000        0xc ./src/MdeSerie.o
 .group         0x0000000000000000        0xc ./src/MdeSerie.o
 .group         0x0000000000000000        0xc ./src/MdeSerie.o
 .text          0x0000000000000000        0x0 ./src/MdeSerie.o
 .data          0x0000000000000000        0x0 ./src/MdeSerie.o
 .bss           0x0000000000000000        0x0 ./src/MdeSerie.o
 .debug_macro   0x0000000000000000      0xa66 ./src/MdeSerie.o
 .debug_macro   0x0000000000000000      0x313 ./src/MdeSerie.o
 .group         0x0000000000000000        0xc ./src/ResolucionRecu.o
 .group         0x0000000000000000        0xc ./src/ResolucionRecu.o
 .group         0x0000000000000000        0xc ./src/ResolucionRecu.o
 .group         0x0000000000000000        0xc ./src/ResolucionRecu.o
 .group         0x0000000000000000        0xc ./src/ResolucionRecu.o
 .text          0x0000000000000000        0x0 ./src/ResolucionRecu.o
 .data          0x0000000000000000        0x0 ./src/ResolucionRecu.o
 .bss           0x0000000000000000        0x0 ./src/ResolucionRecu.o
 .debug_macro   0x0000000000000000      0xa66 ./src/ResolucionRecu.o
 .debug_macro   0x0000000000000000      0x313 ./src/ResolucionRecu.o
 .debug_macro   0x0000000000000000       0x10 ./src/ResolucionRecu.o
 .group         0x0000000000000000        0xc ./src/cr_startup_lpc84x.o
 .text          0x0000000000000000        0x0 ./src/cr_startup_lpc84x.o
 .data          0x0000000000000000        0x0 ./src/cr_startup_lpc84x.o
 .bss           0x0000000000000000        0x0 ./src/cr_startup_lpc84x.o
 .debug_macro   0x0000000000000000      0xa66 ./src/cr_startup_lpc84x.o
 .text          0x0000000000000000        0x0 /usr/local/mcuxpressoide-11.5.1_7266/ide/plugins/com.nxp.mcuxpresso.tools.linux_11.5.1.202201181444/tools/bin/../lib/gcc/arm-none-eabi/10.3.1/../../../../arm-none-eabi/lib/thumb/v6-m/nofp/libcr_c.a(__weak__main.o)
 .data          0x0000000000000000        0x0 /usr/local/mcuxpressoide-11.5.1_7266/ide/plugins/com.nxp.mcuxpresso.tools.linux_11.5.1.202201181444/tools/bin/../lib/gcc/arm-none-eabi/10.3.1/../../../../arm-none-eabi/lib/thumb/v6-m/nofp/libcr_c.a(__weak__main.o)
 .bss           0x0000000000000000        0x0 /usr/local/mcuxpressoide-11.5.1_7266/ide/plugins/com.nxp.mcuxpresso.tools.linux_11.5.1.202201181444/tools/bin/../lib/gcc/arm-none-eabi/10.3.1/../../../../arm-none-eabi/lib/thumb/v6-m/nofp/libcr_c.a(__weak__main.o)

Memory Configuration

Name             Origin             Length             Attributes
MFlash64         0x0000000000000000 0x0000000000010000 xr
RamLoc16         0x0000000010000000 0x0000000000004000 xrw
*default*        0x0000000000000000 0xffffffffffffffff

Linker script and memory map

LOAD ./src/MdePpal.o
LOAD ./src/MdeSerie.o
LOAD ./src/ResolucionRecu.o
LOAD ./src/cr_startup_lpc84x.o
START GROUP
LOAD /usr/local/mcuxpressoide-11.5.1_7266/ide/plugins/com.nxp.mcuxpresso.tools.linux_11.5.1.202201181444/tools/bin/../lib/gcc/arm-none-eabi/10.3.1/../../../../arm-none-eabi/lib/thumb/v6-m/nofp/libcr_c.a
LOAD /usr/local/mcuxpressoide-11.5.1_7266/ide/plugins/com.nxp.mcuxpresso.tools.linux_11.5.1.202201181444/tools/bin/../lib/gcc/arm-none-eabi/10.3.1/thumb/v6-m/nofp/libcr_eabihelpers.a
LOAD /usr/local/mcuxpressoide-11.5.1_7266/ide/plugins/com.nxp.mcuxpresso.tools.linux_11.5.1.202201181444/tools/bin/../lib/gcc/arm-none-eabi/10.3.1/thumb/v6-m/nofp/libgcc.a
END GROUP
                0x0000000000000000                __base_MFlash64 = 0x0
                0x0000000000000000                __base_Flash = 0x0
                0x0000000000010000                __top_MFlash64 = 0x10000
                0x0000000000010000                __top_Flash = 0x10000
                0x0000000010000000                __base_RamLoc16 = 0x10000000
                0x0000000010000000                __base_RAM = 0x10000000
                0x0000000010004000                __top_RamLoc16 = 0x10004000
                0x0000000010004000                __top_RAM = 0x10004000

.text           0x0000000000000000      0x574
 FILL mask 0xff
                0x0000000000000000                __vectors_start__ = ABSOLUTE (.)
 *(.isr_vector)
 .isr_vector    0x0000000000000000       0xc0 ./src/cr_startup_lpc84x.o
                0x0000000000000000                g_pfnVectors
                0x00000000000000c0                . = ALIGN (0x4)
                0x00000000000000c0                __section_table_start = .
                0x00000000000000c0                __data_section_table = .
                0x00000000000000c0        0x4 LONG 0x574 LOADADDR (.data)
                0x00000000000000c4        0x4 LONG 0x10000000 ADDR (.data)
                0x00000000000000c8        0x4 LONG 0x0 SIZEOF (.data)
                0x00000000000000cc                __data_section_table_end = .
                0x00000000000000cc                __bss_section_table = .
                0x00000000000000cc        0x4 LONG 0x10000000 ADDR (.bss)
                0x00000000000000d0        0x4 LONG 0xc SIZEOF (.bss)
                0x00000000000000d4                __bss_section_table_end = .
                0x00000000000000d4                __section_table_end = .
 *(.after_vectors*)
 .after_vectors
                0x00000000000000d4      0x118 ./src/cr_startup_lpc84x.o
                0x00000000000000d4                data_init
                0x0000000000000116                bss_init
                0x000000000000014c                ResetISR
                0x00000000000001c8                NMI_Handler
                0x00000000000001ce                HardFault_Handler
                0x00000000000001d4                SVC_Handler
                0x00000000000001da                PendSV_Handler
                0x00000000000001e0                SysTick_Handler
                0x00000000000001e6                CMP_IRQHandler
                0x00000000000001e6                PININT7_IRQHandler
                0x00000000000001e6                I2C0_IRQHandler
                0x00000000000001e6                WKT_IRQHandler
                0x00000000000001e6                PININT2_IRQHandler
                0x00000000000001e6                PININT1_IRQHandler
                0x00000000000001e6                MRT_IRQHandler
                0x00000000000001e6                I2C1_IRQHandler
                0x00000000000001e6                UART1_IRQHandler
                0x00000000000001e6                ADC_SEQB_IRQHandler
                0x00000000000001e6                UART0_IRQHandler
                0x00000000000001e6                SPI1_IRQHandler
                0x00000000000001e6                IntDefaultHandler
                0x00000000000001e6                ADC_OVR_IRQHandler
                0x00000000000001e6                I2C2_IRQHandler
                0x00000000000001e6                PININT3_IRQHandler
                0x00000000000001e6                UART2_IRQHandler
                0x00000000000001e6                PININT5_IRQHandler
                0x00000000000001e6                PININT4_IRQHandler
                0x00000000000001e6                ADC_THCMP_IRQHandler
                0x00000000000001e6                PININT0_IRQHandler
                0x00000000000001e6                BOD_IRQHandler
                0x00000000000001e6                I2C3_IRQHandler
                0x00000000000001e6                SCT_IRQHandler
                0x00000000000001e6                WDT_IRQHandler
                0x00000000000001e6                ADC_SEQA_IRQHandler
                0x00000000000001e6                FAIM_IRQHandler
                0x00000000000001e6                DAC0_IRQHandler
                0x00000000000001e6                PININT6_IRQHandler
                0x00000000000001e6                SPI0_IRQHandler
                0x00000000000001e6                DMA_IRQHandler
                0x00000000000001e6                FLASH_IRQHandler
                0x00000000000001e6                CTIMER0_IRQHandler
 *(.text*)
 .text.MdePpal  0x00000000000001ec      0x1ec ./src/MdePpal.o
                0x00000000000001ec                MdePpal
 .text.InitMdePpal
                0x00000000000003d8       0x1c ./src/MdePpal.o
                0x00000000000003d8                InitMdePpal
 .text.HandlerT0
                0x00000000000003f4       0x14 ./src/MdePpal.o
                0x00000000000003f4                HandlerT0
 .text.MdeSerie
                0x0000000000000408      0x138 ./src/MdeSerie.o
                0x0000000000000408                MdeSerie
 .text.InitMdeSerie
                0x0000000000000540       0x14 ./src/MdeSerie.o
                0x0000000000000540                InitMdeSerie
 .text.main     0x0000000000000554       0x16 ./src/ResolucionRecu.o
                0x0000000000000554                main
 .text.__weak_main
                0x000000000000056a        0x8 /usr/local/mcuxpressoide-11.5.1_7266/ide/plugins/com.nxp.mcuxpresso.tools.linux_11.5.1.202201181444/tools/bin/../lib/gcc/arm-none-eabi/10.3.1/../../../../arm-none-eabi/lib/thumb/v6-m/nofp/libcr_c.a(__weak__main.o)
                0x000000000000056a                __main
                0x000000000000056a                __weak_main
 *(.rodata .rodata.* .constdata .constdata.*)
                0x0000000000000574                . = ALIGN (0x4)
 *fill*         0x0000000000000572        0x2 ff

.glue_7         0x0000000000000574        0x0
 .glue_7        0x0000000000000574        0x0 linker stubs

.glue_7t        0x0000000000000574        0x0
 .glue_7t       0x0000000000000574        0x0 linker stubs

.vfp11_veneer   0x0000000000000574        0x0
 .vfp11_veneer  0x0000000000000574        0x0 linker stubs

.v4_bx          0x0000000000000574        0x0
 .v4_bx         0x0000000000000574        0x0 linker stubs

.iplt           0x0000000000000574        0x0
 .iplt          0x0000000000000574        0x0 ./src/MdePpal.o

.rel.dyn        0x0000000000000574        0x0
 .rel.iplt      0x0000000000000574        0x0 ./src/MdePpal.o

.ARM.extab
 *(.ARM.extab* .gnu.linkonce.armextab.*)

.ARM.exidx      0x0000000000000574        0x0
                0x0000000000000574                __exidx_start = .
 *(.ARM.exidx* .gnu.linkonce.armexidx.*)
                0x0000000000000574                __exidx_end = .
                0x0000000000000574                _etext = .

.mtb_buffer_default
 *(.mtb*)

.uninit_RESERVED
                0x0000000010000000        0x0
                0x0000000010000000                _start_uninit_RESERVED = .
 *(.bss.$RESERVED*)
                0x0000000010000000                . = ALIGN (0x4)
                0x0000000010000000                _end_uninit_RESERVED = .

.data           0x0000000010000000        0x0 load address 0x0000000000000574
 FILL mask 0xff
                0x0000000010000000                _data = .
                [!provide]                        PROVIDE (__start_data_RAM = .)
                [!provide]                        PROVIDE (__start_data_RamLoc16 = .)
 *(vtable)
 *(.ramfunc*)
 *(CodeQuickAccess)
 *(DataQuickAccess)
 *(RamFunction)
 *(.data*)
                0x0000000010000000                . = ALIGN (0x4)
                0x0000000010000000                _edata = .
                [!provide]                        PROVIDE (__end_data_RAM = .)
                [!provide]                        PROVIDE (__end_data_RamLoc16 = .)

.igot.plt       0x0000000010000000        0x0 load address 0x0000000000000574
 .igot.plt      0x0000000010000000        0x0 ./src/MdePpal.o

.bss            0x0000000010000000        0xc
                0x0000000010000000                _bss = .
                [!provide]                        PROVIDE (__start_bss_RAM = .)
                [!provide]                        PROVIDE (__start_bss_RamLoc16 = .)
 *(.bss*)
 .bss.t_bolsa   0x0000000010000000        0x1 ./src/MdePpal.o
                0x0000000010000000                t_bolsa
 .bss.pc_ok     0x0000000010000001        0x1 ./src/MdePpal.o
                0x0000000010000001                pc_ok
 .bss.flag_t0   0x0000000010000002        0x1 ./src/MdePpal.o
                0x0000000010000002                flag_t0
 .bss.cant_bolsas
                0x0000000010000003        0x1 ./src/MdePpal.o
                0x0000000010000003                cant_bolsas
 .bss.bolsas_selladas
                0x0000000010000004        0x1 ./src/MdePpal.o
                0x0000000010000004                bolsas_selladas
 .bss.estado.0  0x0000000010000005        0x1 ./src/MdePpal.o
 .bss.estado    0x0000000010000006        0x1 ./src/MdeSerie.o
 .bss.cant_auxiliar.1
                0x0000000010000007        0x1 ./src/MdeSerie.o
 .bss.t_auxiliar.0
                0x0000000010000008        0x1 ./src/MdeSerie.o
 *(COMMON)
                0x000000001000000c                . = ALIGN (0x4)
 *fill*         0x0000000010000009        0x3 
                0x000000001000000c                _ebss = .
                [!provide]                        PROVIDE (__end_bss_RAM = .)
                [!provide]                        PROVIDE (__end_bss_RamLoc16 = .)
                [!provide]                        PROVIDE (end = .)

.noinit         0x000000001000000c        0x0
                0x000000001000000c                _noinit = .
                [!provide]                        PROVIDE (__start_noinit_RAM = .)
                [!provide]                        PROVIDE (__start_noinit_RamLoc16 = .)
 *(.noinit*)
                0x000000001000000c                . = ALIGN (0x4)
                0x000000001000000c                _end_noinit = .
                [!provide]                        PROVIDE (__end_noinit_RAM = .)
                [!provide]                        PROVIDE (__end_noinit_RamLoc16 = .)
                [!provide]                        PROVIDE (_pvHeapStart = DEFINED (__user_heap_base)?__user_heap_base:.)
                0x0000000010004000                PROVIDE (_vStackTop = DEFINED (__user_stack_top)?__user_stack_top:(__top_RamLoc16 - 0x0))
                0xffffffffefffbb1b                PROVIDE (__valid_user_code_checksum = (0x0 - (((_vStackTop + (ResetISR + 0x1)) + (DEFINED (NMI_Handler)?NMI_Handler:M0_NMI_Handler + 0x1)) + (DEFINED (HardFault_Handler)?HardFault_Handler:M0_HardFault_Handler + 0x1))))
                0x0000000000000000                _image_start = LOADADDR (.text)
                0x0000000000000574                _image_end = (LOADADDR (.data) + SIZEOF (.data))
                0x0000000000000574                _image_size = (_image_end - _image_start)
OUTPUT(ResolucionRecu.axf elf32-littlearm)
LOAD linker stubs

.debug_info     0x0000000000000000      0x4cb
 .debug_info    0x0000000000000000      0x145 ./src/MdePpal.o
 .debug_info    0x0000000000000145       0xee ./src/MdeSerie.o
 .debug_info    0x0000000000000233       0x6a ./src/ResolucionRecu.o
 .debug_info    0x000000000000029d      0x22e ./src/cr_startup_lpc84x.o

.debug_abbrev   0x0000000000000000      0x2cf
 .debug_abbrev  0x0000000000000000       0xd0 ./src/MdePpal.o
 .debug_abbrev  0x00000000000000d0       0xa5 ./src/MdeSerie.o
 .debug_abbrev  0x0000000000000175       0x49 ./src/ResolucionRecu.o
 .debug_abbrev  0x00000000000001be      0x111 ./src/cr_startup_lpc84x.o

.debug_aranges  0x0000000000000000       0xd8
 .debug_aranges
                0x0000000000000000       0x30 ./src/MdePpal.o
 .debug_aranges
                0x0000000000000030       0x28 ./src/MdeSerie.o
 .debug_aranges
                0x0000000000000058       0x20 ./src/ResolucionRecu.o
 .debug_aranges
                0x0000000000000078       0x60 ./src/cr_startup_lpc84x.o

.debug_ranges   0x0000000000000000       0x98
 .debug_ranges  0x0000000000000000       0x20 ./src/MdePpal.o
 .debug_ranges  0x0000000000000020       0x18 ./src/MdeSerie.o
 .debug_ranges  0x0000000000000038       0x10 ./src/ResolucionRecu.o
 .debug_ranges  0x0000000000000048       0x50 ./src/cr_startup_lpc84x.o

.debug_macro    0x0000000000000000      0xf3d
 .debug_macro   0x0000000000000000       0x3b ./src/MdePpal.o
 .debug_macro   0x000000000000003b      0xa66 ./src/MdePpal.o
 .debug_macro   0x0000000000000aa1      0x313 ./src/MdePpal.o
 .debug_macro   0x0000000000000db4       0x10 ./src/MdePpal.o
 .debug_macro   0x0000000000000dc4       0x1c ./src/MdePpal.o
 .debug_macro   0x0000000000000de0       0x22 ./src/MdePpal.o
 .debug_macro   0x0000000000000e02       0x29 ./src/MdeSerie.o
 .debug_macro   0x0000000000000e2b       0x1c ./src/MdeSerie.o
 .debug_macro   0x0000000000000e47       0x35 ./src/ResolucionRecu.o
 .debug_macro   0x0000000000000e7c       0x82 ./src/ResolucionRecu.o
 .debug_macro   0x0000000000000efe       0x22 ./src/ResolucionRecu.o
 .debug_macro   0x0000000000000f20       0x1d ./src/cr_startup_lpc84x.o

.debug_line     0x0000000000000000      0x4c9
 .debug_line    0x0000000000000000      0x172 ./src/MdePpal.o
 .debug_line    0x0000000000000172      0x10b ./src/MdeSerie.o
 .debug_line    0x000000000000027d      0x119 ./src/ResolucionRecu.o
 .debug_line    0x0000000000000396      0x133 ./src/cr_startup_lpc84x.o

.debug_str      0x0000000000000000     0x3fb9
 .debug_str     0x0000000000000000     0x39aa ./src/MdePpal.o
                                       0x39ff (size before relaxing)
 .debug_str     0x00000000000039aa       0x32 ./src/MdeSerie.o
                                       0x3998 (size before relaxing)
 .debug_str     0x00000000000039dc      0x466 ./src/ResolucionRecu.o
                                       0x3d99 (size before relaxing)
 .debug_str     0x0000000000003e42      0x177 ./src/cr_startup_lpc84x.o
                                       0x2dc8 (size before relaxing)

.comment        0x0000000000000000       0x49
 .comment       0x0000000000000000       0x49 ./src/MdePpal.o
                                         0x4a (size before relaxing)
 .comment       0x0000000000000049       0x4a ./src/MdeSerie.o
 .comment       0x0000000000000049       0x4a ./src/ResolucionRecu.o
 .comment       0x0000000000000049       0x4a ./src/cr_startup_lpc84x.o
 .comment       0x0000000000000049       0x4a /usr/local/mcuxpressoide-11.5.1_7266/ide/plugins/com.nxp.mcuxpresso.tools.linux_11.5.1.202201181444/tools/bin/../lib/gcc/arm-none-eabi/10.3.1/../../../../arm-none-eabi/lib/thumb/v6-m/nofp/libcr_c.a(__weak__main.o)

.ARM.attributes
                0x0000000000000000       0x2c
 .ARM.attributes
                0x0000000000000000       0x2c ./src/MdePpal.o
 .ARM.attributes
                0x000000000000002c       0x2c ./src/MdeSerie.o
 .ARM.attributes
                0x0000000000000058       0x2c ./src/ResolucionRecu.o
 .ARM.attributes
                0x0000000000000084       0x2c ./src/cr_startup_lpc84x.o
 .ARM.attributes
                0x00000000000000b0       0x2c /usr/local/mcuxpressoide-11.5.1_7266/ide/plugins/com.nxp.mcuxpresso.tools.linux_11.5.1.202201181444/tools/bin/../lib/gcc/arm-none-eabi/10.3.1/../../../../arm-none-eabi/lib/thumb/v6-m/nofp/libcr_c.a(__weak__main.o)

.debug_frame    0x0000000000000000      0x1f8
 .debug_frame   0x0000000000000000       0x68 ./src/MdePpal.o
 .debug_frame   0x0000000000000068       0x4c ./src/MdeSerie.o
 .debug_frame   0x00000000000000b4       0x2c ./src/ResolucionRecu.o
 .debug_frame   0x00000000000000e0      0x118 ./src/cr_startup_lpc84x.o

Cross Reference Table

Symbol                                            File
ADC_OVR_IRQHandler                                ./src/cr_startup_lpc84x.o
ADC_SEQA_IRQHandler                               ./src/cr_startup_lpc84x.o
ADC_SEQB_IRQHandler                               ./src/cr_startup_lpc84x.o
ADC_THCMP_IRQHandler                              ./src/cr_startup_lpc84x.o
BOD_IRQHandler                                    ./src/cr_startup_lpc84x.o
CMP_IRQHandler                                    ./src/cr_startup_lpc84x.o
CTIMER0_IRQHandler                                ./src/cr_startup_lpc84x.o
DAC0_IRQHandler                                   ./src/cr_startup_lpc84x.o
DMA_IRQHandler                                    ./src/cr_startup_lpc84x.o
FAIM_IRQHandler                                   ./src/cr_startup_lpc84x.o
FLASH_IRQHandler                                  ./src/cr_startup_lpc84x.o
GetBoton                                          ./src/MdePpal.o
HandlerT0                                         ./src/MdePpal.o
HardFault_Handler                                 ./src/cr_startup_lpc84x.o
I2C0_IRQHandler                                   ./src/cr_startup_lpc84x.o
I2C1_IRQHandler                                   ./src/cr_startup_lpc84x.o
I2C2_IRQHandler                                   ./src/cr_startup_lpc84x.o
I2C3_IRQHandler                                   ./src/cr_startup_lpc84x.o
InitHw                                            ./src/ResolucionRecu.o
InitMdePpal                                       ./src/MdePpal.o
                                                  ./src/ResolucionRecu.o
InitMdeSerie                                      ./src/MdeSerie.o
                                                  ./src/MdePpal.o
IntDefaultHandler                                 ./src/cr_startup_lpc84x.o
LeerByte                                          ./src/MdePpal.o
MRT_IRQHandler                                    ./src/cr_startup_lpc84x.o
MdePpal                                           ./src/MdePpal.o
                                                  ./src/ResolucionRecu.o
MdeSerie                                          ./src/MdeSerie.o
                                                  ./src/MdePpal.o
MotorCinta                                        ./src/MdePpal.o
NMI_Handler                                       ./src/cr_startup_lpc84x.o
PININT0_IRQHandler                                ./src/cr_startup_lpc84x.o
PININT1_IRQHandler                                ./src/cr_startup_lpc84x.o
PININT2_IRQHandler                                ./src/cr_startup_lpc84x.o
PININT3_IRQHandler                                ./src/cr_startup_lpc84x.o
PININT4_IRQHandler                                ./src/cr_startup_lpc84x.o
PININT5_IRQHandler                                ./src/cr_startup_lpc84x.o
PININT6_IRQHandler                                ./src/cr_startup_lpc84x.o
PININT7_IRQHandler                                ./src/cr_startup_lpc84x.o
PendSV_Handler                                    ./src/cr_startup_lpc84x.o
PistonSellado                                     ./src/MdePpal.o
R_Sellado                                         ./src/MdePpal.o
ResetISR                                          ./src/cr_startup_lpc84x.o
SCT_IRQHandler                                    ./src/cr_startup_lpc84x.o
SPI0_IRQHandler                                   ./src/cr_startup_lpc84x.o
SPI1_IRQHandler                                   ./src/cr_startup_lpc84x.o
SVC_Handler                                       ./src/cr_startup_lpc84x.o
SysTick_Handler                                   ./src/cr_startup_lpc84x.o
TempOK                                            ./src/MdePpal.o
TimerEvent                                        ./src/ResolucionRecu.o
TimerStart                                        ./src/MdePpal.o
TimerStop                                         ./src/MdePpal.o
UART0_IRQHandler                                  ./src/cr_startup_lpc84x.o
UART1_IRQHandler                                  ./src/cr_startup_lpc84x.o
UART2_IRQHandler                                  ./src/cr_startup_lpc84x.o
WDT_IRQHandler                                    ./src/cr_startup_lpc84x.o
WKT_IRQHandler                                    ./src/cr_startup_lpc84x.o
__bss_section_table_end                           ./src/cr_startup_lpc84x.o
__data_section_table                              ./src/cr_startup_lpc84x.o
__data_section_table_end                          ./src/cr_startup_lpc84x.o
__main                                            /usr/local/mcuxpressoide-11.5.1_7266/ide/plugins/com.nxp.mcuxpresso.tools.linux_11.5.1.202201181444/tools/bin/../lib/gcc/arm-none-eabi/10.3.1/../../../../arm-none-eabi/lib/thumb/v6-m/nofp/libcr_c.a(__weak__main.o)
                                                  ./src/cr_startup_lpc84x.o
__valid_user_code_checksum                        ./src/cr_startup_lpc84x.o
__weak_main                                       /usr/local/mcuxpressoide-11.5.1_7266/ide/plugins/com.nxp.mcuxpresso.tools.linux_11.5.1.202201181444/tools/bin/../lib/gcc/arm-none-eabi/10.3.1/../../../../arm-none-eabi/lib/thumb/v6-m/nofp/libcr_c.a(__weak__main.o)
_vStackTop                                        ./src/cr_startup_lpc84x.o
bolsas_selladas                                   ./src/MdePpal.o
bss_init                                          ./src/cr_startup_lpc84x.o
cant_bolsas                                       ./src/MdePpal.o
                                                  ./src/MdeSerie.o
data_init                                         ./src/cr_startup_lpc84x.o
flag_t0                                           ./src/MdePpal.o
g_pfnVectors                                      ./src/cr_startup_lpc84x.o
main                                              ./src/ResolucionRecu.o
                                                  /usr/local/mcuxpressoide-11.5.1_7266/ide/plugins/com.nxp.mcuxpresso.tools.linux_11.5.1.202201181444/tools/bin/../lib/gcc/arm-none-eabi/10.3.1/../../../../arm-none-eabi/lib/thumb/v6-m/nofp/libcr_c.a(__weak__main.o)
pc_ok                                             ./src/MdePpal.o
                                                  ./src/MdeSerie.o
t_bolsa                                           ./src/MdePpal.o
                                                  ./src/MdeSerie.o
