Archive member included to satisfy reference by file (symbol)

/usr/local/mcuxpressoide-11.5.1_7266/ide/plugins/com.nxp.mcuxpresso.tools.linux_11.5.1.202201181444/tools/bin/../lib/gcc/arm-none-eabi/10.3.1/../../../../arm-none-eabi/lib/thumb/v6-m/nofp/libcr_c.a(__weak__main.o)
                              ./Aplicacion/cr_startup_lpc84x.o (__main)
/usr/local/mcuxpressoide-11.5.1_7266/ide/plugins/com.nxp.mcuxpresso.tools.linux_11.5.1.202201181444/tools/bin/../lib/gcc/arm-none-eabi/10.3.1/thumb/v6-m/nofp/libcr_eabihelpers.a(division_32.o)
                              ./Primitivas/PR_7Seg.o (__aeabi_uidiv)
/usr/local/mcuxpressoide-11.5.1_7266/ide/plugins/com.nxp.mcuxpresso.tools.linux_11.5.1.202201181444/tools/bin/../lib/gcc/arm-none-eabi/10.3.1/thumb/v6-m/nofp/libcr_eabihelpers.a(division_idiv0.o)
                              /usr/local/mcuxpressoide-11.5.1_7266/ide/plugins/com.nxp.mcuxpresso.tools.linux_11.5.1.202201181444/tools/bin/../lib/gcc/arm-none-eabi/10.3.1/thumb/v6-m/nofp/libcr_eabihelpers.a(division_32.o) (__aeabi_idiv0)

Discarded input sections

 .group         0x0000000000000000        0xc ./Primitivas/PR_7Seg.o
 .group         0x0000000000000000        0xc ./Primitivas/PR_7Seg.o
 .group         0x0000000000000000        0xc ./Primitivas/PR_7Seg.o
 .group         0x0000000000000000        0xc ./Primitivas/PR_7Seg.o
 .text          0x0000000000000000        0x0 ./Primitivas/PR_7Seg.o
 .data          0x0000000000000000        0x0 ./Primitivas/PR_7Seg.o
 .bss           0x0000000000000000        0x0 ./Primitivas/PR_7Seg.o
 .text.Display  0x0000000000000000       0x8c ./Primitivas/PR_7Seg.o
 .debug_info    0x0000000000000000       0xd5 ./Primitivas/PR_7Seg.o
 .debug_abbrev  0x0000000000000000       0xae ./Primitivas/PR_7Seg.o
 .debug_aranges
                0x0000000000000000       0x20 ./Primitivas/PR_7Seg.o
 .debug_ranges  0x0000000000000000       0x10 ./Primitivas/PR_7Seg.o
 .debug_macro   0x0000000000000000       0x42 ./Primitivas/PR_7Seg.o
 .debug_macro   0x0000000000000000      0xa66 ./Primitivas/PR_7Seg.o
 .debug_macro   0x0000000000000000      0x313 ./Primitivas/PR_7Seg.o
 .debug_macro   0x0000000000000000       0x2e ./Primitivas/PR_7Seg.o
 .debug_macro   0x0000000000000000       0x52 ./Primitivas/PR_7Seg.o
 .debug_line    0x0000000000000000      0x108 ./Primitivas/PR_7Seg.o
 .debug_str     0x0000000000000000     0x3b33 ./Primitivas/PR_7Seg.o
 .comment       0x0000000000000000       0x4a ./Primitivas/PR_7Seg.o
 .debug_frame   0x0000000000000000       0x30 ./Primitivas/PR_7Seg.o
 .ARM.attributes
                0x0000000000000000       0x2c ./Primitivas/PR_7Seg.o
 .group         0x0000000000000000        0xc ./Primitivas/PR_Leds.o
 .group         0x0000000000000000        0xc ./Primitivas/PR_Leds.o
 .group         0x0000000000000000        0xc ./Primitivas/PR_Leds.o
 .group         0x0000000000000000        0xc ./Primitivas/PR_Leds.o
 .text          0x0000000000000000        0x0 ./Primitivas/PR_Leds.o
 .data          0x0000000000000000        0x0 ./Primitivas/PR_Leds.o
 .bss           0x0000000000000000        0x0 ./Primitivas/PR_Leds.o
 .text.LED_OFF  0x0000000000000000       0x1c ./Primitivas/PR_Leds.o
 .text.LED_ON   0x0000000000000000       0x1c ./Primitivas/PR_Leds.o
 .text.SwapEstadoLed
                0x0000000000000000       0x32 ./Primitivas/PR_Leds.o
 .text.Leds     0x0000000000000000       0x74 ./Primitivas/PR_Leds.o
 .debug_info    0x0000000000000000      0x10f ./Primitivas/PR_Leds.o
 .debug_abbrev  0x0000000000000000       0x83 ./Primitivas/PR_Leds.o
 .debug_aranges
                0x0000000000000000       0x38 ./Primitivas/PR_Leds.o
 .debug_ranges  0x0000000000000000       0x28 ./Primitivas/PR_Leds.o
 .debug_macro   0x0000000000000000       0x3c ./Primitivas/PR_Leds.o
 .debug_macro   0x0000000000000000      0xa66 ./Primitivas/PR_Leds.o
 .debug_macro   0x0000000000000000      0x313 ./Primitivas/PR_Leds.o
 .debug_macro   0x0000000000000000       0x2e ./Primitivas/PR_Leds.o
 .debug_macro   0x0000000000000000       0x22 ./Primitivas/PR_Leds.o
 .debug_line    0x0000000000000000      0x182 ./Primitivas/PR_Leds.o
 .debug_str     0x0000000000000000     0x39f1 ./Primitivas/PR_Leds.o
 .comment       0x0000000000000000       0x4a ./Primitivas/PR_Leds.o
 .debug_frame   0x0000000000000000       0x90 ./Primitivas/PR_Leds.o
 .ARM.attributes
                0x0000000000000000       0x2c ./Primitivas/PR_Leds.o
 .group         0x0000000000000000        0xc ./Primitivas/PR_TImers.o
 .group         0x0000000000000000        0xc ./Primitivas/PR_TImers.o
 .group         0x0000000000000000        0xc ./Primitivas/PR_TImers.o
 .group         0x0000000000000000        0xc ./Primitivas/PR_TImers.o
 .group         0x0000000000000000        0xc ./Primitivas/PR_TImers.o
 .group         0x0000000000000000        0xc ./Primitivas/PR_TImers.o
 .text          0x0000000000000000        0x0 ./Primitivas/PR_TImers.o
 .data          0x0000000000000000        0x0 ./Primitivas/PR_TImers.o
 .bss           0x0000000000000000        0x0 ./Primitivas/PR_TImers.o
 .bss.flagT0    0x0000000000000000        0x1 ./Primitivas/PR_TImers.o
 .bss.flagT1    0x0000000000000000        0x1 ./Primitivas/PR_TImers.o
 .bss.flagT2    0x0000000000000000        0x1 ./Primitivas/PR_TImers.o
 .text.TimerStop
                0x0000000000000000       0x34 ./Primitivas/PR_TImers.o
 .text.HandlerT0
                0x0000000000000000       0x14 ./Primitivas/PR_TImers.o
 .text.HandlerT1
                0x0000000000000000       0x14 ./Primitivas/PR_TImers.o
 .text.HandlerT2
                0x0000000000000000       0x14 ./Primitivas/PR_TImers.o
 .debug_macro   0x0000000000000000      0xa66 ./Primitivas/PR_TImers.o
 .debug_macro   0x0000000000000000      0x313 ./Primitivas/PR_TImers.o
 .debug_macro   0x0000000000000000       0x2e ./Primitivas/PR_TImers.o
 .group         0x0000000000000000        0xc ./Primitivas/PR_Teclado.o
 .group         0x0000000000000000        0xc ./Primitivas/PR_Teclado.o
 .group         0x0000000000000000        0xc ./Primitivas/PR_Teclado.o
 .group         0x0000000000000000        0xc ./Primitivas/PR_Teclado.o
 .text          0x0000000000000000        0x0 ./Primitivas/PR_Teclado.o
 .data          0x0000000000000000        0x0 ./Primitivas/PR_Teclado.o
 .bss           0x0000000000000000        0x0 ./Primitivas/PR_Teclado.o
 .text.getKey   0x0000000000000000       0x24 ./Primitivas/PR_Teclado.o
 .debug_info    0x0000000000000000       0x9e ./Primitivas/PR_Teclado.o
 .debug_abbrev  0x0000000000000000       0x7c ./Primitivas/PR_Teclado.o
 .debug_aranges
                0x0000000000000000       0x20 ./Primitivas/PR_Teclado.o
 .debug_ranges  0x0000000000000000       0x10 ./Primitivas/PR_Teclado.o
 .debug_macro   0x0000000000000000       0x46 ./Primitivas/PR_Teclado.o
 .debug_macro   0x0000000000000000      0xa66 ./Primitivas/PR_Teclado.o
 .debug_macro   0x0000000000000000      0x313 ./Primitivas/PR_Teclado.o
 .debug_macro   0x0000000000000000       0x2e ./Primitivas/PR_Teclado.o
 .debug_macro   0x0000000000000000       0x7c ./Primitivas/PR_Teclado.o
 .debug_line    0x0000000000000000      0x13c ./Primitivas/PR_Teclado.o
 .debug_str     0x0000000000000000     0x3ac6 ./Primitivas/PR_Teclado.o
 .comment       0x0000000000000000       0x4a ./Primitivas/PR_Teclado.o
 .debug_frame   0x0000000000000000       0x30 ./Primitivas/PR_Teclado.o
 .ARM.attributes
                0x0000000000000000       0x2c ./Primitivas/PR_Teclado.o
 .group         0x0000000000000000        0xc ./Primitivas/PR_UART.o
 .group         0x0000000000000000        0xc ./Primitivas/PR_UART.o
 .group         0x0000000000000000        0xc ./Primitivas/PR_UART.o
 .text          0x0000000000000000        0x0 ./Primitivas/PR_UART.o
 .data          0x0000000000000000        0x0 ./Primitivas/PR_UART.o
 .bss           0x0000000000000000        0x0 ./Primitivas/PR_UART.o
 .text.TransmitirMsg
                0x0000000000000000       0x36 ./Primitivas/PR_UART.o
 .text.RecibirSerie
                0x0000000000000000       0x10 ./Primitivas/PR_UART.o
 .debug_macro   0x0000000000000000      0xa66 ./Primitivas/PR_UART.o
 .debug_macro   0x0000000000000000      0x313 ./Primitivas/PR_UART.o
 .group         0x0000000000000000        0xc ./Drivers/DR_7Seg.o
 .group         0x0000000000000000        0xc ./Drivers/DR_7Seg.o
 .group         0x0000000000000000        0xc ./Drivers/DR_7Seg.o
 .group         0x0000000000000000        0xc ./Drivers/DR_7Seg.o
 .text          0x0000000000000000        0x0 ./Drivers/DR_7Seg.o
 .data          0x0000000000000000        0x0 ./Drivers/DR_7Seg.o
 .bss           0x0000000000000000        0x0 ./Drivers/DR_7Seg.o
 .debug_macro   0x0000000000000000      0xa66 ./Drivers/DR_7Seg.o
 .debug_macro   0x0000000000000000      0x313 ./Drivers/DR_7Seg.o
 .debug_macro   0x0000000000000000       0x2e ./Drivers/DR_7Seg.o
 .debug_macro   0x0000000000000000       0x52 ./Drivers/DR_7Seg.o
 .group         0x0000000000000000        0xc ./Drivers/DR_GPIO.o
 .group         0x0000000000000000        0xc ./Drivers/DR_GPIO.o
 .group         0x0000000000000000        0xc ./Drivers/DR_GPIO.o
 .text          0x0000000000000000        0x0 ./Drivers/DR_GPIO.o
 .data          0x0000000000000000        0x0 ./Drivers/DR_GPIO.o
 .bss           0x0000000000000000        0x0 ./Drivers/DR_GPIO.o
 .debug_macro   0x0000000000000000      0xa66 ./Drivers/DR_GPIO.o
 .debug_macro   0x0000000000000000      0x313 ./Drivers/DR_GPIO.o
 .debug_macro   0x0000000000000000       0x2e ./Drivers/DR_GPIO.o
 .group         0x0000000000000000        0xc ./Drivers/DR_Init.o
 .group         0x0000000000000000        0xc ./Drivers/DR_Init.o
 .group         0x0000000000000000        0xc ./Drivers/DR_Init.o
 .group         0x0000000000000000        0xc ./Drivers/DR_Init.o
 .group         0x0000000000000000        0xc ./Drivers/DR_Init.o
 .group         0x0000000000000000        0xc ./Drivers/DR_Init.o
 .group         0x0000000000000000        0xc ./Drivers/DR_Init.o
 .group         0x0000000000000000        0xc ./Drivers/DR_Init.o
 .group         0x0000000000000000        0xc ./Drivers/DR_Init.o
 .text          0x0000000000000000        0x0 ./Drivers/DR_Init.o
 .data          0x0000000000000000        0x0 ./Drivers/DR_Init.o
 .bss           0x0000000000000000        0x0 ./Drivers/DR_Init.o
 .debug_macro   0x0000000000000000      0xa66 ./Drivers/DR_Init.o
 .debug_macro   0x0000000000000000      0x313 ./Drivers/DR_Init.o
 .debug_macro   0x0000000000000000       0x2e ./Drivers/DR_Init.o
 .debug_macro   0x0000000000000000       0x7c ./Drivers/DR_Init.o
 .debug_macro   0x0000000000000000       0x58 ./Drivers/DR_Init.o
 .debug_macro   0x0000000000000000       0x1c ./Drivers/DR_Init.o
 .group         0x0000000000000000        0xc ./Drivers/DR_UART.o
 .group         0x0000000000000000        0xc ./Drivers/DR_UART.o
 .group         0x0000000000000000        0xc ./Drivers/DR_UART.o
 .text          0x0000000000000000        0x0 ./Drivers/DR_UART.o
 .data          0x0000000000000000        0x0 ./Drivers/DR_UART.o
 .bss           0x0000000000000000        0x0 ./Drivers/DR_UART.o
 .bss.out_rx    0x0000000000000000        0x4 ./Drivers/DR_UART.o
 .data.primerDato
                0x0000000000000000        0x1 ./Drivers/DR_UART.o
 .text.PopRx    0x0000000000000000       0x58 ./Drivers/DR_UART.o
 .debug_macro   0x0000000000000000      0xa66 ./Drivers/DR_UART.o
 .debug_macro   0x0000000000000000      0x313 ./Drivers/DR_UART.o
 .debug_macro   0x0000000000000000       0x1c ./Drivers/DR_UART.o
 .group         0x0000000000000000        0xc ./Drivers/DR_teclado.o
 .group         0x0000000000000000        0xc ./Drivers/DR_teclado.o
 .group         0x0000000000000000        0xc ./Drivers/DR_teclado.o
 .group         0x0000000000000000        0xc ./Drivers/DR_teclado.o
 .text          0x0000000000000000        0x0 ./Drivers/DR_teclado.o
 .data          0x0000000000000000        0x0 ./Drivers/DR_teclado.o
 .bss           0x0000000000000000        0x0 ./Drivers/DR_teclado.o
 .text.DriverTecladoHW
                0x0000000000000000       0x3c ./Drivers/DR_teclado.o
 .debug_macro   0x0000000000000000      0xa66 ./Drivers/DR_teclado.o
 .debug_macro   0x0000000000000000      0x313 ./Drivers/DR_teclado.o
 .debug_macro   0x0000000000000000       0x2e ./Drivers/DR_teclado.o
 .group         0x0000000000000000        0xc ./Drivers/Systick.o
 .group         0x0000000000000000        0xc ./Drivers/Systick.o
 .group         0x0000000000000000        0xc ./Drivers/Systick.o
 .group         0x0000000000000000        0xc ./Drivers/Systick.o
 .group         0x0000000000000000        0xc ./Drivers/Systick.o
 .text          0x0000000000000000        0x0 ./Drivers/Systick.o
 .data          0x0000000000000000        0x0 ./Drivers/Systick.o
 .bss           0x0000000000000000        0x0 ./Drivers/Systick.o
 .debug_macro   0x0000000000000000      0xa66 ./Drivers/Systick.o
 .debug_macro   0x0000000000000000      0x313 ./Drivers/Systick.o
 .debug_macro   0x0000000000000000       0x2e ./Drivers/Systick.o
 .debug_macro   0x0000000000000000       0x7c ./Drivers/Systick.o
 .debug_macro   0x0000000000000000       0x58 ./Drivers/Systick.o
 .group         0x0000000000000000        0xc ./Aplicacion/PruebaSerie.o
 .group         0x0000000000000000        0xc ./Aplicacion/PruebaSerie.o
 .group         0x0000000000000000        0xc ./Aplicacion/PruebaSerie.o
 .group         0x0000000000000000        0xc ./Aplicacion/PruebaSerie.o
 .group         0x0000000000000000        0xc ./Aplicacion/PruebaSerie.o
 .group         0x0000000000000000        0xc ./Aplicacion/PruebaSerie.o
 .group         0x0000000000000000        0xc ./Aplicacion/PruebaSerie.o
 .group         0x0000000000000000        0xc ./Aplicacion/PruebaSerie.o
 .group         0x0000000000000000        0xc ./Aplicacion/PruebaSerie.o
 .group         0x0000000000000000        0xc ./Aplicacion/PruebaSerie.o
 .text          0x0000000000000000        0x0 ./Aplicacion/PruebaSerie.o
 .data          0x0000000000000000        0x0 ./Aplicacion/PruebaSerie.o
 .bss           0x0000000000000000        0x0 ./Aplicacion/PruebaSerie.o
 .data.mensaje  0x0000000000000000        0x9 ./Aplicacion/PruebaSerie.o
 .debug_macro   0x0000000000000000      0xa66 ./Aplicacion/PruebaSerie.o
 .debug_macro   0x0000000000000000      0x313 ./Aplicacion/PruebaSerie.o
 .debug_macro   0x0000000000000000       0x10 ./Aplicacion/PruebaSerie.o
 .debug_macro   0x0000000000000000       0x2e ./Aplicacion/PruebaSerie.o
 .debug_macro   0x0000000000000000       0x7c ./Aplicacion/PruebaSerie.o
 .debug_macro   0x0000000000000000       0x58 ./Aplicacion/PruebaSerie.o
 .debug_macro   0x0000000000000000       0x28 ./Aplicacion/PruebaSerie.o
 .debug_macro   0x0000000000000000       0x1c ./Aplicacion/PruebaSerie.o
 .debug_macro   0x0000000000000000       0x22 ./Aplicacion/PruebaSerie.o
 .text          0x0000000000000000        0x0 ./Aplicacion/aeabi_romdiv_patch.o
 .data          0x0000000000000000        0x0 ./Aplicacion/aeabi_romdiv_patch.o
 .bss           0x0000000000000000        0x0 ./Aplicacion/aeabi_romdiv_patch.o
 .ARM.attributes
                0x0000000000000000       0x1c ./Aplicacion/aeabi_romdiv_patch.o
 .group         0x0000000000000000        0xc ./Aplicacion/cr_startup_lpc84x.o
 .text          0x0000000000000000        0x0 ./Aplicacion/cr_startup_lpc84x.o
 .data          0x0000000000000000        0x0 ./Aplicacion/cr_startup_lpc84x.o
 .bss           0x0000000000000000        0x0 ./Aplicacion/cr_startup_lpc84x.o
 .debug_macro   0x0000000000000000      0xa66 ./Aplicacion/cr_startup_lpc84x.o
 .group         0x0000000000000000        0xc ./Aplicacion/crp.o
 .group         0x0000000000000000        0xc ./Aplicacion/crp.o
 .text          0x0000000000000000        0x0 ./Aplicacion/crp.o
 .data          0x0000000000000000        0x0 ./Aplicacion/crp.o
 .bss           0x0000000000000000        0x0 ./Aplicacion/crp.o
 .crp           0x0000000000000000        0x4 ./Aplicacion/crp.o
 .debug_info    0x0000000000000000       0x40 ./Aplicacion/crp.o
 .debug_abbrev  0x0000000000000000       0x38 ./Aplicacion/crp.o
 .debug_aranges
                0x0000000000000000       0x18 ./Aplicacion/crp.o
 .debug_macro   0x0000000000000000       0x1a ./Aplicacion/crp.o
 .debug_macro   0x0000000000000000      0xa66 ./Aplicacion/crp.o
 .debug_macro   0x0000000000000000       0x34 ./Aplicacion/crp.o
 .debug_line    0x0000000000000000       0xbc ./Aplicacion/crp.o
 .debug_str     0x0000000000000000     0x2d53 ./Aplicacion/crp.o
 .comment       0x0000000000000000       0x4a ./Aplicacion/crp.o
 .ARM.attributes
                0x0000000000000000       0x31 ./Aplicacion/crp.o
 .group         0x0000000000000000        0xc ./Aplicacion/mtb.o
 .text          0x0000000000000000        0x0 ./Aplicacion/mtb.o
 .data          0x0000000000000000        0x0 ./Aplicacion/mtb.o
 .bss           0x0000000000000000        0x0 ./Aplicacion/mtb.o
 .debug_info    0x0000000000000000       0x21 ./Aplicacion/mtb.o
 .debug_abbrev  0x0000000000000000       0x13 ./Aplicacion/mtb.o
 .debug_aranges
                0x0000000000000000       0x18 ./Aplicacion/mtb.o
 .debug_macro   0x0000000000000000       0x11 ./Aplicacion/mtb.o
 .debug_macro   0x0000000000000000      0xa66 ./Aplicacion/mtb.o
 .debug_line    0x0000000000000000       0x34 ./Aplicacion/mtb.o
 .debug_str     0x0000000000000000     0x2c6a ./Aplicacion/mtb.o
 .comment       0x0000000000000000       0x4a ./Aplicacion/mtb.o
 .ARM.attributes
                0x0000000000000000       0x31 ./Aplicacion/mtb.o
 .text          0x0000000000000000        0x0 /usr/local/mcuxpressoide-11.5.1_7266/ide/plugins/com.nxp.mcuxpresso.tools.linux_11.5.1.202201181444/tools/bin/../lib/gcc/arm-none-eabi/10.3.1/../../../../arm-none-eabi/lib/thumb/v6-m/nofp/libcr_c.a(__weak__main.o)
 .data          0x0000000000000000        0x0 /usr/local/mcuxpressoide-11.5.1_7266/ide/plugins/com.nxp.mcuxpresso.tools.linux_11.5.1.202201181444/tools/bin/../lib/gcc/arm-none-eabi/10.3.1/../../../../arm-none-eabi/lib/thumb/v6-m/nofp/libcr_c.a(__weak__main.o)
 .bss           0x0000000000000000        0x0 /usr/local/mcuxpressoide-11.5.1_7266/ide/plugins/com.nxp.mcuxpresso.tools.linux_11.5.1.202201181444/tools/bin/../lib/gcc/arm-none-eabi/10.3.1/../../../../arm-none-eabi/lib/thumb/v6-m/nofp/libcr_c.a(__weak__main.o)
 .text          0x0000000000000000        0x0 /usr/local/mcuxpressoide-11.5.1_7266/ide/plugins/com.nxp.mcuxpresso.tools.linux_11.5.1.202201181444/tools/bin/../lib/gcc/arm-none-eabi/10.3.1/thumb/v6-m/nofp/libcr_eabihelpers.a(division_32.o)
 .data          0x0000000000000000        0x0 /usr/local/mcuxpressoide-11.5.1_7266/ide/plugins/com.nxp.mcuxpresso.tools.linux_11.5.1.202201181444/tools/bin/../lib/gcc/arm-none-eabi/10.3.1/thumb/v6-m/nofp/libcr_eabihelpers.a(division_32.o)
 .bss           0x0000000000000000        0x0 /usr/local/mcuxpressoide-11.5.1_7266/ide/plugins/com.nxp.mcuxpresso.tools.linux_11.5.1.202201181444/tools/bin/../lib/gcc/arm-none-eabi/10.3.1/thumb/v6-m/nofp/libcr_eabihelpers.a(division_32.o)
 .text          0x0000000000000000        0x0 /usr/local/mcuxpressoide-11.5.1_7266/ide/plugins/com.nxp.mcuxpresso.tools.linux_11.5.1.202201181444/tools/bin/../lib/gcc/arm-none-eabi/10.3.1/thumb/v6-m/nofp/libcr_eabihelpers.a(division_idiv0.o)
 .data          0x0000000000000000        0x0 /usr/local/mcuxpressoide-11.5.1_7266/ide/plugins/com.nxp.mcuxpresso.tools.linux_11.5.1.202201181444/tools/bin/../lib/gcc/arm-none-eabi/10.3.1/thumb/v6-m/nofp/libcr_eabihelpers.a(division_idiv0.o)
 .bss           0x0000000000000000        0x0 /usr/local/mcuxpressoide-11.5.1_7266/ide/plugins/com.nxp.mcuxpresso.tools.linux_11.5.1.202201181444/tools/bin/../lib/gcc/arm-none-eabi/10.3.1/thumb/v6-m/nofp/libcr_eabihelpers.a(division_idiv0.o)

Memory Configuration

Name             Origin             Length             Attributes
MFlash64         0x0000000000000000 0x0000000000010000 xr
RamLoc16         0x0000000010000000 0x0000000000004000 xrw
*default*        0x0000000000000000 0xffffffffffffffff

Linker script and memory map

LOAD ./Primitivas/PR_7Seg.o
LOAD ./Primitivas/PR_Leds.o
LOAD ./Primitivas/PR_TImers.o
LOAD ./Primitivas/PR_Teclado.o
LOAD ./Primitivas/PR_UART.o
LOAD ./Drivers/DR_7Seg.o
LOAD ./Drivers/DR_GPIO.o
LOAD ./Drivers/DR_Init.o
LOAD ./Drivers/DR_UART.o
LOAD ./Drivers/DR_teclado.o
LOAD ./Drivers/Systick.o
LOAD ./Aplicacion/PruebaSerie.o
LOAD ./Aplicacion/aeabi_romdiv_patch.o
LOAD ./Aplicacion/cr_startup_lpc84x.o
LOAD ./Aplicacion/crp.o
LOAD ./Aplicacion/mtb.o
START GROUP
LOAD /usr/local/mcuxpressoide-11.5.1_7266/ide/plugins/com.nxp.mcuxpresso.tools.linux_11.5.1.202201181444/tools/bin/../lib/gcc/arm-none-eabi/10.3.1/../../../../arm-none-eabi/lib/thumb/v6-m/nofp/libcr_c.a
LOAD /usr/local/mcuxpressoide-11.5.1_7266/ide/plugins/com.nxp.mcuxpresso.tools.linux_11.5.1.202201181444/tools/bin/../lib/gcc/arm-none-eabi/10.3.1/thumb/v6-m/nofp/libcr_eabihelpers.a
LOAD /usr/local/mcuxpressoide-11.5.1_7266/ide/plugins/com.nxp.mcuxpresso.tools.linux_11.5.1.202201181444/tools/bin/../lib/gcc/arm-none-eabi/10.3.1/thumb/v6-m/nofp/libgcc.a
END GROUP
                0x0000000000000000                __base_MFlash64 = 0x0
                0x0000000000000000                __base_Flash = 0x0
                0x0000000000010000                __top_MFlash64 = 0x10000
                0x0000000000010000                __top_Flash = 0x10000
                0x0000000010000000                __base_RamLoc16 = 0x10000000
                0x0000000010000000                __base_RAM = 0x10000000
                0x0000000010004000                __top_RamLoc16 = 0x10004000
                0x0000000010004000                __top_RAM = 0x10004000

.text           0x0000000000000000      0xc0c
 FILL mask 0xff
                0x0000000000000000                __vectors_start__ = ABSOLUTE (.)
 *(.isr_vector)
 .isr_vector    0x0000000000000000       0xc0 ./Aplicacion/cr_startup_lpc84x.o
                0x0000000000000000                g_pfnVectors
                0x00000000000000c0                . = ALIGN (0x4)
                0x00000000000000c0                __section_table_start = .
                0x00000000000000c0                __data_section_table = .
                0x00000000000000c0        0x4 LONG 0xc0c LOADADDR (.data)
                0x00000000000000c4        0x4 LONG 0x10000000 ADDR (.data)
                0x00000000000000c8        0x4 LONG 0x8 SIZEOF (.data)
                0x00000000000000cc                __data_section_table_end = .
                0x00000000000000cc                __bss_section_table = .
                0x00000000000000cc        0x4 LONG 0x10000008 ADDR (.bss)
                0x00000000000000d0        0x4 LONG 0xe8 SIZEOF (.bss)
                0x00000000000000d4                __bss_section_table_end = .
                0x00000000000000d4                __section_table_end = .
 *(.after_vectors*)
 .after_vectors
                0x00000000000000d4      0x118 ./Aplicacion/cr_startup_lpc84x.o
                0x00000000000000d4                data_init
                0x0000000000000116                bss_init
                0x000000000000014c                ResetISR
                0x00000000000001c8                NMI_Handler
                0x00000000000001ce                HardFault_Handler
                0x00000000000001d4                SVC_Handler
                0x00000000000001da                PendSV_Handler
                0x00000000000001e6                CMP_IRQHandler
                0x00000000000001e6                PININT7_IRQHandler
                0x00000000000001e6                I2C0_IRQHandler
                0x00000000000001e6                WKT_IRQHandler
                0x00000000000001e6                PININT2_IRQHandler
                0x00000000000001e6                PININT1_IRQHandler
                0x00000000000001e6                MRT_IRQHandler
                0x00000000000001e6                I2C1_IRQHandler
                0x00000000000001e6                UART1_IRQHandler
                0x00000000000001e6                ADC_SEQB_IRQHandler
                0x00000000000001e6                SPI1_IRQHandler
                0x00000000000001e6                IntDefaultHandler
                0x00000000000001e6                ADC_OVR_IRQHandler
                0x00000000000001e6                I2C2_IRQHandler
                0x00000000000001e6                PININT3_IRQHandler
                0x00000000000001e6                UART2_IRQHandler
                0x00000000000001e6                PININT5_IRQHandler
                0x00000000000001e6                PININT4_IRQHandler
                0x00000000000001e6                ADC_THCMP_IRQHandler
                0x00000000000001e6                PININT0_IRQHandler
                0x00000000000001e6                BOD_IRQHandler
                0x00000000000001e6                I2C3_IRQHandler
                0x00000000000001e6                SCT_IRQHandler
                0x00000000000001e6                WDT_IRQHandler
                0x00000000000001e6                ADC_SEQA_IRQHandler
                0x00000000000001e6                FAIM_IRQHandler
                0x00000000000001e6                DAC0_IRQHandler
                0x00000000000001e6                PININT6_IRQHandler
                0x00000000000001e6                SPI0_IRQHandler
                0x00000000000001e6                DMA_IRQHandler
                0x00000000000001e6                FLASH_IRQHandler
                0x00000000000001e6                CTIMER0_IRQHandler
 *(.text*)
 .text.TimerStart
                0x00000000000001ec       0x50 ./Primitivas/PR_TImers.o
                0x00000000000001ec                TimerStart
 .text.TimerEvent
                0x000000000000023c       0x5c ./Primitivas/PR_TImers.o
                0x000000000000023c                TimerEvent
 .text.TransmitirByte
                0x0000000000000298       0x1e ./Primitivas/PR_UART.o
                0x0000000000000298                TransmitirByte
 *fill*         0x00000000000002b6        0x2 ff
 .text.Init7Segs
                0x00000000000002b8       0xa4 ./Drivers/DR_7Seg.o
                0x00000000000002b8                Init7Segs
 .text.BarridoDisplay
                0x000000000000035c       0xd8 ./Drivers/DR_7Seg.o
                0x000000000000035c                BarridoDisplay
 .text.InitGPIO
                0x0000000000000434       0x78 ./Drivers/DR_GPIO.o
                0x0000000000000434                InitGPIO
 .text.SetDIR   0x00000000000004ac       0x7e ./Drivers/DR_GPIO.o
                0x00000000000004ac                SetDIR
 .text.SetPIN   0x000000000000052a       0x7e ./Drivers/DR_GPIO.o
                0x000000000000052a                SetPIN
 .text.GetPIN   0x00000000000005a8       0x3a ./Drivers/DR_GPIO.o
                0x00000000000005a8                GetPIN
 *fill*         0x00000000000005e2        0x2 ff
 .text.SetPINMODE_IN
                0x00000000000005e4       0x34 ./Drivers/DR_GPIO.o
                0x00000000000005e4                SetPINMODE_IN
 .text.SetPINMODE_OUT
                0x0000000000000618       0x4c ./Drivers/DR_GPIO.o
                0x0000000000000618                SetPINMODE_OUT
 .text.InitHw   0x0000000000000664       0x22 ./Drivers/DR_Init.o
                0x0000000000000664                InitHw
 *fill*         0x0000000000000686        0x2 ff
 .text.InitPLL  0x0000000000000688       0x88 ./Drivers/DR_Init.o
                0x0000000000000688                InitPLL
 .text.UART0_Init
                0x0000000000000710       0xac ./Drivers/DR_UART.o
                0x0000000000000710                UART0_Init
 .text.UART0_IRQHandler
                0x00000000000007bc       0x50 ./Drivers/DR_UART.o
                0x00000000000007bc                UART0_IRQHandler
 .text.PopTx    0x000000000000080c       0x58 ./Drivers/DR_UART.o
                0x000000000000080c                PopTx
 .text.PushTx   0x0000000000000864       0x50 ./Drivers/DR_UART.o
                0x0000000000000864                PushTx
 .text.PushRx   0x00000000000008b4       0x40 ./Drivers/DR_UART.o
                0x00000000000008b4                PushRx
 .text.DriverTecladoSW
                0x00000000000008f4       0x70 ./Drivers/DR_teclado.o
                0x00000000000008f4                DriverTecladoSW
 .text.DriverTecladoMatricialHW
                0x0000000000000964       0x94 ./Drivers/DR_teclado.o
                0x0000000000000964                DriverTecladoMatricialHW
 .text.InitTecladoMatricial
                0x00000000000009f8       0x78 ./Drivers/DR_teclado.o
                0x00000000000009f8                InitTecladoMatricial
 .text.SysTick_Handler
                0x0000000000000a70       0x28 ./Drivers/Systick.o
                0x0000000000000a70                SysTick_Handler
 .text.AnalizarTimers
                0x0000000000000a98       0x70 ./Drivers/Systick.o
                0x0000000000000a98                AnalizarTimers
 .text.InitSystick
                0x0000000000000b08       0x28 ./Drivers/Systick.o
                0x0000000000000b08                InitSystick
 .text.main     0x0000000000000b30       0x20 ./Aplicacion/PruebaSerie.o
                0x0000000000000b30                main
 .text.Handler  0x0000000000000b50       0x38 ./Aplicacion/PruebaSerie.o
                0x0000000000000b50                Handler
 .text.__weak_main
                0x0000000000000b88        0x8 /usr/local/mcuxpressoide-11.5.1_7266/ide/plugins/com.nxp.mcuxpresso.tools.linux_11.5.1.202201181444/tools/bin/../lib/gcc/arm-none-eabi/10.3.1/../../../../arm-none-eabi/lib/thumb/v6-m/nofp/libcr_c.a(__weak__main.o)
                0x0000000000000b88                __main
                0x0000000000000b88                __weak_main
 .text.__aeabi_division_idivmod
                0x0000000000000b90       0x78 /usr/local/mcuxpressoide-11.5.1_7266/ide/plugins/com.nxp.mcuxpresso.tools.linux_11.5.1.202201181444/tools/bin/../lib/gcc/arm-none-eabi/10.3.1/thumb/v6-m/nofp/libcr_eabihelpers.a(division_32.o)
                0x0000000000000b90                __aeabi_idiv
                0x0000000000000b90                __aeabi_idivmod
                0x0000000000000b96                __aeabi_uidiv
                0x0000000000000b96                __aeabi_uidivmod
 .text.__aeabi_division_idiv0
                0x0000000000000c08        0x2 /usr/local/mcuxpressoide-11.5.1_7266/ide/plugins/com.nxp.mcuxpresso.tools.linux_11.5.1.202201181444/tools/bin/../lib/gcc/arm-none-eabi/10.3.1/thumb/v6-m/nofp/libcr_eabihelpers.a(division_idiv0.o)
                0x0000000000000c08                __aeabi_idiv0
 *(.rodata .rodata.* .constdata .constdata.*)
                0x0000000000000c0c                . = ALIGN (0x4)
 *fill*         0x0000000000000c0a        0x2 ff

.glue_7         0x0000000000000c0c        0x0
 .glue_7        0x0000000000000c0c        0x0 linker stubs

.glue_7t        0x0000000000000c0c        0x0
 .glue_7t       0x0000000000000c0c        0x0 linker stubs

.vfp11_veneer   0x0000000000000c0c        0x0
 .vfp11_veneer  0x0000000000000c0c        0x0 linker stubs

.v4_bx          0x0000000000000c0c        0x0
 .v4_bx         0x0000000000000c0c        0x0 linker stubs

.iplt           0x0000000000000c0c        0x0
 .iplt          0x0000000000000c0c        0x0 ./Primitivas/PR_TImers.o

.rel.dyn        0x0000000000000c0c        0x0
 .rel.iplt      0x0000000000000c0c        0x0 ./Primitivas/PR_TImers.o

.ARM.extab
 *(.ARM.extab* .gnu.linkonce.armextab.*)

.ARM.exidx      0x0000000000000c0c        0x0
                0x0000000000000c0c                __exidx_start = .
 *(.ARM.exidx* .gnu.linkonce.armexidx.*)
                0x0000000000000c0c                __exidx_end = .
                0x0000000000000c0c                _etext = .

.mtb_buffer_default
 *(.mtb*)

.uninit_RESERVED
                0x0000000010000000        0x0
                0x0000000010000000                _start_uninit_RESERVED = .
 *(.bss.$RESERVED*)
                0x0000000010000000                . = ALIGN (0x4)
                0x0000000010000000                _end_uninit_RESERVED = .

.data           0x0000000010000000        0x8 load address 0x0000000000000c0c
 FILL mask 0xff
                0x0000000010000000                _data = .
                [!provide]                        PROVIDE (__start_data_RAM = .)
                [!provide]                        PROVIDE (__start_data_RamLoc16 = .)
 *(vtable)
 *(.ramfunc*)
 *(CodeQuickAccess)
 *(DataQuickAccess)
 *(RamFunction)
 *(.data*)
 .data.fro_set_frec
                0x0000000010000000        0x4 ./Drivers/DR_Init.o
                0x0000000010000000                fro_set_frec
 .data.lastKey.1
                0x0000000010000004        0x1 ./Drivers/DR_teclado.o
 .data.letra    0x0000000010000005        0x1 ./Aplicacion/PruebaSerie.o
                0x0000000010000005                letra
                0x0000000010000008                . = ALIGN (0x4)
 *fill*         0x0000000010000006        0x2 ff
                0x0000000010000008                _edata = .
                [!provide]                        PROVIDE (__end_data_RAM = .)
                [!provide]                        PROVIDE (__end_data_RamLoc16 = .)

.igot.plt       0x0000000010000008        0x0 load address 0x0000000000000c14
 .igot.plt      0x0000000010000008        0x0 ./Primitivas/PR_TImers.o

.bss            0x0000000010000008       0xe8
                0x0000000010000008                _bss = .
                [!provide]                        PROVIDE (__start_bss_RAM = .)
                [!provide]                        PROVIDE (__start_bss_RamLoc16 = .)
 *(.bss*)
 .bss.HandlersTimer
                0x0000000010000008       0x40 ./Primitivas/PR_TImers.o
                0x0000000010000008                HandlersTimer
 .bss.display   0x0000000010000048        0x6 ./Drivers/DR_7Seg.o
                0x0000000010000048                display
 .bss.digito.0  0x000000001000004e        0x1 ./Drivers/DR_7Seg.o
 *fill*         0x000000001000004f        0x1 
 .bss.buf_tx    0x0000000010000050       0x20 ./Drivers/DR_UART.o
                0x0000000010000050                buf_tx
 .bss.buf_rx    0x0000000010000070       0x20 ./Drivers/DR_UART.o
                0x0000000010000070                buf_rx
 .bss.in_tx     0x0000000010000090        0x4 ./Drivers/DR_UART.o
                0x0000000010000090                in_tx
 .bss.out_tx    0x0000000010000094        0x4 ./Drivers/DR_UART.o
                0x0000000010000094                out_tx
 .bss.in_rx     0x0000000010000098        0x4 ./Drivers/DR_UART.o
                0x0000000010000098                in_rx
 .bss.Tecla     0x000000001000009c        0x1 ./Drivers/DR_teclado.o
                0x000000001000009c                Tecla
 .bss.cont.0    0x000000001000009d        0x1 ./Drivers/DR_teclado.o
 *fill*         0x000000001000009e        0x2 
 .bss.flagsT    0x00000000100000a0       0x10 ./Drivers/Systick.o
                0x00000000100000a0                flagsT
 .bss.timers    0x00000000100000b0       0x40 ./Drivers/Systick.o
                0x00000000100000b0                timers
 *(COMMON)
                0x00000000100000f0                . = ALIGN (0x4)
                0x00000000100000f0                _ebss = .
                [!provide]                        PROVIDE (__end_bss_RAM = .)
                [!provide]                        PROVIDE (__end_bss_RamLoc16 = .)
                [!provide]                        PROVIDE (end = .)

.noinit         0x00000000100000f0        0x0
                0x00000000100000f0                _noinit = .
                [!provide]                        PROVIDE (__start_noinit_RAM = .)
                [!provide]                        PROVIDE (__start_noinit_RamLoc16 = .)
 *(.noinit*)
                0x00000000100000f0                . = ALIGN (0x4)
                0x00000000100000f0                _end_noinit = .
                [!provide]                        PROVIDE (__end_noinit_RAM = .)
                [!provide]                        PROVIDE (__end_noinit_RamLoc16 = .)
                [!provide]                        PROVIDE (_pvHeapStart = DEFINED (__user_heap_base)?__user_heap_base:.)
                0x0000000010004000                PROVIDE (_vStackTop = DEFINED (__user_stack_top)?__user_stack_top:(__top_RamLoc16 - 0x0))
                0xffffffffefffbb1b                PROVIDE (__valid_user_code_checksum = (0x0 - (((_vStackTop + (ResetISR + 0x1)) + (DEFINED (NMI_Handler)?NMI_Handler:M0_NMI_Handler + 0x1)) + (DEFINED (HardFault_Handler)?HardFault_Handler:M0_HardFault_Handler + 0x1))))
                0x0000000000000000                _image_start = LOADADDR (.text)
                0x0000000000000c14                _image_end = (LOADADDR (.data) + SIZEOF (.data))
                0x0000000000000c14                _image_size = (_image_end - _image_start)
OUTPUT(SerieBuffers.axf elf32-littlearm)
LOAD linker stubs

.debug_info     0x0000000000000000     0x1e88
 .debug_info    0x0000000000000000      0x1ea ./Primitivas/PR_TImers.o
 .debug_info    0x00000000000001ea       0xfc ./Primitivas/PR_UART.o
 .debug_info    0x00000000000002e6       0xd3 ./Drivers/DR_7Seg.o
 .debug_info    0x00000000000003b9      0x862 ./Drivers/DR_GPIO.o
 .debug_info    0x0000000000000c1b      0x550 ./Drivers/DR_Init.o
 .debug_info    0x000000000000116b      0x799 ./Drivers/DR_UART.o
 .debug_info    0x0000000000001904      0x10a ./Drivers/DR_teclado.o
 .debug_info    0x0000000000001a0e      0x190 ./Drivers/Systick.o
 .debug_info    0x0000000000001b9e       0xbc ./Aplicacion/PruebaSerie.o
 .debug_info    0x0000000000001c5a      0x22e ./Aplicacion/cr_startup_lpc84x.o

.debug_abbrev   0x0000000000000000      0xa46
 .debug_abbrev  0x0000000000000000      0x121 ./Primitivas/PR_TImers.o
 .debug_abbrev  0x0000000000000121       0x9f ./Primitivas/PR_UART.o
 .debug_abbrev  0x00000000000001c0       0xc8 ./Drivers/DR_7Seg.o
 .debug_abbrev  0x0000000000000288      0x14e ./Drivers/DR_GPIO.o
 .debug_abbrev  0x00000000000003d6       0xfc ./Drivers/DR_Init.o
 .debug_abbrev  0x00000000000004d2      0x1e4 ./Drivers/DR_UART.o
 .debug_abbrev  0x00000000000006b6       0xd0 ./Drivers/DR_teclado.o
 .debug_abbrev  0x0000000000000786      0x118 ./Drivers/Systick.o
 .debug_abbrev  0x000000000000089e       0x97 ./Aplicacion/PruebaSerie.o
 .debug_abbrev  0x0000000000000935      0x111 ./Aplicacion/cr_startup_lpc84x.o

.debug_aranges  0x0000000000000000      0x248
 .debug_aranges
                0x0000000000000000       0x48 ./Primitivas/PR_TImers.o
 .debug_aranges
                0x0000000000000048       0x30 ./Primitivas/PR_UART.o
 .debug_aranges
                0x0000000000000078       0x28 ./Drivers/DR_7Seg.o
 .debug_aranges
                0x00000000000000a0       0x48 ./Drivers/DR_GPIO.o
 .debug_aranges
                0x00000000000000e8       0x28 ./Drivers/DR_Init.o
 .debug_aranges
                0x0000000000000110       0x48 ./Drivers/DR_UART.o
 .debug_aranges
                0x0000000000000158       0x38 ./Drivers/DR_teclado.o
 .debug_aranges
                0x0000000000000190       0x30 ./Drivers/Systick.o
 .debug_aranges
                0x00000000000001c0       0x28 ./Aplicacion/PruebaSerie.o
 .debug_aranges
                0x00000000000001e8       0x60 ./Aplicacion/cr_startup_lpc84x.o

.debug_ranges   0x0000000000000000      0x1a8
 .debug_ranges  0x0000000000000000       0x38 ./Primitivas/PR_TImers.o
 .debug_ranges  0x0000000000000038       0x20 ./Primitivas/PR_UART.o
 .debug_ranges  0x0000000000000058       0x18 ./Drivers/DR_7Seg.o
 .debug_ranges  0x0000000000000070       0x38 ./Drivers/DR_GPIO.o
 .debug_ranges  0x00000000000000a8       0x18 ./Drivers/DR_Init.o
 .debug_ranges  0x00000000000000c0       0x38 ./Drivers/DR_UART.o
 .debug_ranges  0x00000000000000f8       0x28 ./Drivers/DR_teclado.o
 .debug_ranges  0x0000000000000120       0x20 ./Drivers/Systick.o
 .debug_ranges  0x0000000000000140       0x18 ./Aplicacion/PruebaSerie.o
 .debug_ranges  0x0000000000000158       0x50 ./Aplicacion/cr_startup_lpc84x.o

.debug_macro    0x0000000000000000      0x594
 .debug_macro   0x0000000000000000       0x6e ./Primitivas/PR_TImers.o
 .debug_macro   0x000000000000006e       0x7c ./Primitivas/PR_TImers.o
 .debug_macro   0x00000000000000ea       0x58 ./Primitivas/PR_TImers.o
 .debug_macro   0x0000000000000142       0x1c ./Primitivas/PR_TImers.o
 .debug_macro   0x000000000000015e       0x37 ./Primitivas/PR_UART.o
 .debug_macro   0x0000000000000195       0x1c ./Primitivas/PR_UART.o
 .debug_macro   0x00000000000001b1       0x3c ./Drivers/DR_7Seg.o
 .debug_macro   0x00000000000001ed       0x2d ./Drivers/DR_GPIO.o
 .debug_macro   0x000000000000021a       0x95 ./Drivers/DR_Init.o
 .debug_macro   0x00000000000002af       0x10 ./Drivers/DR_Init.o
 .debug_macro   0x00000000000002bf       0x28 ./Drivers/DR_Init.o
 .debug_macro   0x00000000000002e7       0x22 ./Drivers/DR_Init.o
 .debug_macro   0x0000000000000309       0x29 ./Drivers/DR_UART.o
 .debug_macro   0x0000000000000332       0x3c ./Drivers/DR_teclado.o
 .debug_macro   0x000000000000036e       0x76 ./Drivers/DR_teclado.o
 .debug_macro   0x00000000000003e4       0x63 ./Drivers/Systick.o
 .debug_macro   0x0000000000000447       0xae ./Aplicacion/PruebaSerie.o
 .debug_macro   0x00000000000004f5       0x82 ./Aplicacion/PruebaSerie.o
 .debug_macro   0x0000000000000577       0x1d ./Aplicacion/cr_startup_lpc84x.o

.debug_line     0x0000000000000000     0x1067
 .debug_line    0x0000000000000000      0x212 ./Primitivas/PR_TImers.o
 .debug_line    0x0000000000000212      0x11d ./Primitivas/PR_UART.o
 .debug_line    0x000000000000032f      0x147 ./Drivers/DR_7Seg.o
 .debug_line    0x0000000000000476      0x1a5 ./Drivers/DR_GPIO.o
 .debug_line    0x000000000000061b      0x1e0 ./Drivers/DR_Init.o
 .debug_line    0x00000000000007fb      0x16d ./Drivers/DR_UART.o
 .debug_line    0x0000000000000968      0x1b0 ./Drivers/DR_teclado.o
 .debug_line    0x0000000000000b18      0x1cd ./Drivers/Systick.o
 .debug_line    0x0000000000000ce5      0x248 ./Aplicacion/PruebaSerie.o
 .debug_line    0x0000000000000f2d      0x13a ./Aplicacion/cr_startup_lpc84x.o

.debug_str      0x0000000000000000     0x4966
 .debug_str     0x0000000000000000     0x3cba ./Primitivas/PR_TImers.o
                                       0x3cfe (size before relaxing)
 .debug_str     0x0000000000003cba       0xaf ./Primitivas/PR_UART.o
                                       0x39bc (size before relaxing)
 .debug_str     0x0000000000003d69       0x3d ./Drivers/DR_7Seg.o
                                       0x3b1b (size before relaxing)
 .debug_str     0x0000000000003da6      0x39a ./Drivers/DR_GPIO.o
                                       0x3d0e (size before relaxing)
 .debug_str     0x0000000000004140       0x94 ./Drivers/DR_Init.o
                                       0x4027 (size before relaxing)
 .debug_str     0x00000000000041d4       0xc7 ./Drivers/DR_UART.o
                                       0x3d25 (size before relaxing)
 .debug_str     0x000000000000429b       0x79 ./Drivers/DR_teclado.o
                                       0x3af7 (size before relaxing)
 .debug_str     0x0000000000004314       0x5d ./Drivers/Systick.o
                                       0x3c97 (size before relaxing)
 .debug_str     0x0000000000004371      0x487 ./Aplicacion/PruebaSerie.o
                                       0x4199 (size before relaxing)
 .debug_str     0x00000000000047f8      0x16e ./Aplicacion/cr_startup_lpc84x.o
                                       0x2de7 (size before relaxing)

.comment        0x0000000000000000       0x49
 .comment       0x0000000000000000       0x49 ./Primitivas/PR_TImers.o
                                         0x4a (size before relaxing)
 .comment       0x0000000000000049       0x4a ./Primitivas/PR_UART.o
 .comment       0x0000000000000049       0x4a ./Drivers/DR_7Seg.o
 .comment       0x0000000000000049       0x4a ./Drivers/DR_GPIO.o
 .comment       0x0000000000000049       0x4a ./Drivers/DR_Init.o
 .comment       0x0000000000000049       0x4a ./Drivers/DR_UART.o
 .comment       0x0000000000000049       0x4a ./Drivers/DR_teclado.o
 .comment       0x0000000000000049       0x4a ./Drivers/Systick.o
 .comment       0x0000000000000049       0x4a ./Aplicacion/PruebaSerie.o
 .comment       0x0000000000000049       0x4a ./Aplicacion/cr_startup_lpc84x.o
 .comment       0x0000000000000049       0x4a /usr/local/mcuxpressoide-11.5.1_7266/ide/plugins/com.nxp.mcuxpresso.tools.linux_11.5.1.202201181444/tools/bin/../lib/gcc/arm-none-eabi/10.3.1/../../../../arm-none-eabi/lib/thumb/v6-m/nofp/libcr_c.a(__weak__main.o)

.ARM.attributes
                0x0000000000000000       0x2a
 .ARM.attributes
                0x0000000000000000       0x2c ./Primitivas/PR_TImers.o
 .ARM.attributes
                0x000000000000002c       0x2c ./Primitivas/PR_UART.o
 .ARM.attributes
                0x0000000000000058       0x2c ./Drivers/DR_7Seg.o
 .ARM.attributes
                0x0000000000000084       0x2c ./Drivers/DR_GPIO.o
 .ARM.attributes
                0x00000000000000b0       0x2c ./Drivers/DR_Init.o
 .ARM.attributes
                0x00000000000000dc       0x2c ./Drivers/DR_UART.o
 .ARM.attributes
                0x0000000000000108       0x2c ./Drivers/DR_teclado.o
 .ARM.attributes
                0x0000000000000134       0x2c ./Drivers/Systick.o
 .ARM.attributes
                0x0000000000000160       0x2c ./Aplicacion/PruebaSerie.o
 .ARM.attributes
                0x000000000000018c       0x2c ./Aplicacion/cr_startup_lpc84x.o
 .ARM.attributes
                0x00000000000001b8       0x2c /usr/local/mcuxpressoide-11.5.1_7266/ide/plugins/com.nxp.mcuxpresso.tools.linux_11.5.1.202201181444/tools/bin/../lib/gcc/arm-none-eabi/10.3.1/../../../../arm-none-eabi/lib/thumb/v6-m/nofp/libcr_c.a(__weak__main.o)
 .ARM.attributes
                0x00000000000001e4       0x1c /usr/local/mcuxpressoide-11.5.1_7266/ide/plugins/com.nxp.mcuxpresso.tools.linux_11.5.1.202201181444/tools/bin/../lib/gcc/arm-none-eabi/10.3.1/thumb/v6-m/nofp/libcr_eabihelpers.a(division_32.o)
 .ARM.attributes
                0x0000000000000200       0x1c /usr/local/mcuxpressoide-11.5.1_7266/ide/plugins/com.nxp.mcuxpresso.tools.linux_11.5.1.202201181444/tools/bin/../lib/gcc/arm-none-eabi/10.3.1/thumb/v6-m/nofp/libcr_eabihelpers.a(division_idiv0.o)

.debug_frame    0x0000000000000000      0x5ac
 .debug_frame   0x0000000000000000       0xc4 ./Primitivas/PR_TImers.o
 .debug_frame   0x00000000000000c4       0x6c ./Primitivas/PR_UART.o
 .debug_frame   0x0000000000000130       0x4c ./Drivers/DR_7Seg.o
 .debug_frame   0x000000000000017c       0xcc ./Drivers/DR_GPIO.o
 .debug_frame   0x0000000000000248       0x48 ./Drivers/DR_Init.o
 .debug_frame   0x0000000000000290       0xcc ./Drivers/DR_UART.o
 .debug_frame   0x000000000000035c       0x84 ./Drivers/DR_teclado.o
 .debug_frame   0x00000000000003e0       0x6c ./Drivers/Systick.o
 .debug_frame   0x000000000000044c       0x48 ./Aplicacion/PruebaSerie.o
 .debug_frame   0x0000000000000494      0x118 ./Aplicacion/cr_startup_lpc84x.o

Cross Reference Table

Symbol                                            File
ADC_OVR_IRQHandler                                ./Aplicacion/cr_startup_lpc84x.o
ADC_SEQA_IRQHandler                               ./Aplicacion/cr_startup_lpc84x.o
ADC_SEQB_IRQHandler                               ./Aplicacion/cr_startup_lpc84x.o
ADC_THCMP_IRQHandler                              ./Aplicacion/cr_startup_lpc84x.o
AnalizarTimers                                    ./Drivers/Systick.o
BOD_IRQHandler                                    ./Aplicacion/cr_startup_lpc84x.o
BarridoDisplay                                    ./Drivers/DR_7Seg.o
                                                  ./Drivers/Systick.o
CMP_IRQHandler                                    ./Aplicacion/cr_startup_lpc84x.o
CRP_WORD                                          ./Aplicacion/crp.o
CTIMER0_IRQHandler                                ./Aplicacion/cr_startup_lpc84x.o
DAC0_IRQHandler                                   ./Aplicacion/cr_startup_lpc84x.o
DMA_IRQHandler                                    ./Aplicacion/cr_startup_lpc84x.o
Display                                           ./Primitivas/PR_7Seg.o
DriverTecladoHW                                   ./Drivers/DR_teclado.o
DriverTecladoMatricialHW                          ./Drivers/DR_teclado.o
DriverTecladoSW                                   ./Drivers/DR_teclado.o
                                                  ./Drivers/Systick.o
FAIM_IRQHandler                                   ./Aplicacion/cr_startup_lpc84x.o
FLASH_IRQHandler                                  ./Aplicacion/cr_startup_lpc84x.o
GetPIN                                            ./Drivers/DR_GPIO.o
                                                  ./Drivers/DR_teclado.o
                                                  ./Primitivas/PR_Leds.o
Handler                                           ./Aplicacion/PruebaSerie.o
HandlerT0                                         ./Primitivas/PR_TImers.o
HandlerT1                                         ./Primitivas/PR_TImers.o
HandlerT2                                         ./Primitivas/PR_TImers.o
HandlersTimer                                     ./Primitivas/PR_TImers.o
HardFault_Handler                                 ./Aplicacion/cr_startup_lpc84x.o
I2C0_IRQHandler                                   ./Aplicacion/cr_startup_lpc84x.o
I2C1_IRQHandler                                   ./Aplicacion/cr_startup_lpc84x.o
I2C2_IRQHandler                                   ./Aplicacion/cr_startup_lpc84x.o
I2C3_IRQHandler                                   ./Aplicacion/cr_startup_lpc84x.o
Init7Segs                                         ./Drivers/DR_7Seg.o
                                                  ./Drivers/DR_Init.o
InitGPIO                                          ./Drivers/DR_GPIO.o
                                                  ./Drivers/DR_Init.o
InitHw                                            ./Drivers/DR_Init.o
                                                  ./Aplicacion/PruebaSerie.o
InitPLL                                           ./Drivers/DR_Init.o
InitSystick                                       ./Drivers/Systick.o
                                                  ./Drivers/DR_Init.o
InitTecladoMatricial                              ./Drivers/DR_teclado.o
                                                  ./Drivers/DR_Init.o
IntDefaultHandler                                 ./Aplicacion/cr_startup_lpc84x.o
LED_OFF                                           ./Primitivas/PR_Leds.o
LED_ON                                            ./Primitivas/PR_Leds.o
Leds                                              ./Primitivas/PR_Leds.o
MRT_IRQHandler                                    ./Aplicacion/cr_startup_lpc84x.o
NMI_Handler                                       ./Aplicacion/cr_startup_lpc84x.o
PININT0_IRQHandler                                ./Aplicacion/cr_startup_lpc84x.o
PININT1_IRQHandler                                ./Aplicacion/cr_startup_lpc84x.o
PININT2_IRQHandler                                ./Aplicacion/cr_startup_lpc84x.o
PININT3_IRQHandler                                ./Aplicacion/cr_startup_lpc84x.o
PININT4_IRQHandler                                ./Aplicacion/cr_startup_lpc84x.o
PININT5_IRQHandler                                ./Aplicacion/cr_startup_lpc84x.o
PININT6_IRQHandler                                ./Aplicacion/cr_startup_lpc84x.o
PININT7_IRQHandler                                ./Aplicacion/cr_startup_lpc84x.o
PendSV_Handler                                    ./Aplicacion/cr_startup_lpc84x.o
PopRx                                             ./Drivers/DR_UART.o
                                                  ./Primitivas/PR_UART.o
PopTx                                             ./Drivers/DR_UART.o
PushRx                                            ./Drivers/DR_UART.o
PushTx                                            ./Drivers/DR_UART.o
                                                  ./Primitivas/PR_UART.o
RecibirSerie                                      ./Primitivas/PR_UART.o
ResetISR                                          ./Aplicacion/cr_startup_lpc84x.o
SCT_IRQHandler                                    ./Aplicacion/cr_startup_lpc84x.o
SPI0_IRQHandler                                   ./Aplicacion/cr_startup_lpc84x.o
SPI1_IRQHandler                                   ./Aplicacion/cr_startup_lpc84x.o
SVC_Handler                                       ./Aplicacion/cr_startup_lpc84x.o
SetDIR                                            ./Drivers/DR_GPIO.o
                                                  ./Drivers/DR_teclado.o
                                                  ./Drivers/DR_7Seg.o
SetPIN                                            ./Drivers/DR_GPIO.o
                                                  ./Drivers/DR_teclado.o
                                                  ./Drivers/DR_7Seg.o
                                                  ./Primitivas/PR_Leds.o
SetPINMODE_IN                                     ./Drivers/DR_GPIO.o
                                                  ./Drivers/DR_teclado.o
                                                  ./Drivers/DR_7Seg.o
SetPINMODE_OUT                                    ./Drivers/DR_GPIO.o
SwapEstadoLed                                     ./Primitivas/PR_Leds.o
SysTick_Handler                                   ./Drivers/Systick.o
Tecla                                             ./Drivers/DR_teclado.o
                                                  ./Primitivas/PR_Teclado.o
TimerEvent                                        ./Primitivas/PR_TImers.o
                                                  ./Aplicacion/PruebaSerie.o
TimerStart                                        ./Primitivas/PR_TImers.o
                                                  ./Aplicacion/PruebaSerie.o
TimerStop                                         ./Primitivas/PR_TImers.o
TransmitirByte                                    ./Primitivas/PR_UART.o
                                                  ./Aplicacion/PruebaSerie.o
TransmitirMsg                                     ./Primitivas/PR_UART.o
UART0_IRQHandler                                  ./Drivers/DR_UART.o
UART0_Init                                        ./Drivers/DR_UART.o
                                                  ./Drivers/DR_Init.o
UART1_IRQHandler                                  ./Aplicacion/cr_startup_lpc84x.o
UART2_IRQHandler                                  ./Aplicacion/cr_startup_lpc84x.o
WDT_IRQHandler                                    ./Aplicacion/cr_startup_lpc84x.o
WKT_IRQHandler                                    ./Aplicacion/cr_startup_lpc84x.o
__aeabi_idiv                                      /usr/local/mcuxpressoide-11.5.1_7266/ide/plugins/com.nxp.mcuxpresso.tools.linux_11.5.1.202201181444/tools/bin/../lib/gcc/arm-none-eabi/10.3.1/thumb/v6-m/nofp/libcr_eabihelpers.a(division_32.o)
__aeabi_idiv0                                     /usr/local/mcuxpressoide-11.5.1_7266/ide/plugins/com.nxp.mcuxpresso.tools.linux_11.5.1.202201181444/tools/bin/../lib/gcc/arm-none-eabi/10.3.1/thumb/v6-m/nofp/libcr_eabihelpers.a(division_idiv0.o)
                                                  /usr/local/mcuxpressoide-11.5.1_7266/ide/plugins/com.nxp.mcuxpresso.tools.linux_11.5.1.202201181444/tools/bin/../lib/gcc/arm-none-eabi/10.3.1/thumb/v6-m/nofp/libcr_eabihelpers.a(division_32.o)
__aeabi_idivmod                                   /usr/local/mcuxpressoide-11.5.1_7266/ide/plugins/com.nxp.mcuxpresso.tools.linux_11.5.1.202201181444/tools/bin/../lib/gcc/arm-none-eabi/10.3.1/thumb/v6-m/nofp/libcr_eabihelpers.a(division_32.o)
__aeabi_uidiv                                     /usr/local/mcuxpressoide-11.5.1_7266/ide/plugins/com.nxp.mcuxpresso.tools.linux_11.5.1.202201181444/tools/bin/../lib/gcc/arm-none-eabi/10.3.1/thumb/v6-m/nofp/libcr_eabihelpers.a(division_32.o)
                                                  ./Primitivas/PR_7Seg.o
__aeabi_uidivmod                                  /usr/local/mcuxpressoide-11.5.1_7266/ide/plugins/com.nxp.mcuxpresso.tools.linux_11.5.1.202201181444/tools/bin/../lib/gcc/arm-none-eabi/10.3.1/thumb/v6-m/nofp/libcr_eabihelpers.a(division_32.o)
                                                  ./Drivers/DR_7Seg.o
                                                  ./Primitivas/PR_7Seg.o
__bss_section_table_end                           ./Aplicacion/cr_startup_lpc84x.o
__data_section_table                              ./Aplicacion/cr_startup_lpc84x.o
__data_section_table_end                          ./Aplicacion/cr_startup_lpc84x.o
__main                                            /usr/local/mcuxpressoide-11.5.1_7266/ide/plugins/com.nxp.mcuxpresso.tools.linux_11.5.1.202201181444/tools/bin/../lib/gcc/arm-none-eabi/10.3.1/../../../../arm-none-eabi/lib/thumb/v6-m/nofp/libcr_c.a(__weak__main.o)
                                                  ./Aplicacion/cr_startup_lpc84x.o
__valid_user_code_checksum                        ./Aplicacion/cr_startup_lpc84x.o
__weak_main                                       /usr/local/mcuxpressoide-11.5.1_7266/ide/plugins/com.nxp.mcuxpresso.tools.linux_11.5.1.202201181444/tools/bin/../lib/gcc/arm-none-eabi/10.3.1/../../../../arm-none-eabi/lib/thumb/v6-m/nofp/libcr_c.a(__weak__main.o)
_vStackTop                                        ./Aplicacion/cr_startup_lpc84x.o
bss_init                                          ./Aplicacion/cr_startup_lpc84x.o
buf_rx                                            ./Drivers/DR_UART.o
buf_tx                                            ./Drivers/DR_UART.o
data_init                                         ./Aplicacion/cr_startup_lpc84x.o
display                                           ./Drivers/DR_7Seg.o
                                                  ./Primitivas/PR_7Seg.o
flagT0                                            ./Primitivas/PR_TImers.o
flagT1                                            ./Primitivas/PR_TImers.o
flagT2                                            ./Primitivas/PR_TImers.o
flagsT                                            ./Drivers/Systick.o
                                                  ./Primitivas/PR_TImers.o
fro_set_frec                                      ./Drivers/DR_Init.o
g_pfnVectors                                      ./Aplicacion/cr_startup_lpc84x.o
getKey                                            ./Primitivas/PR_Teclado.o
in_rx                                             ./Drivers/DR_UART.o
in_tx                                             ./Drivers/DR_UART.o
letra                                             ./Aplicacion/PruebaSerie.o
main                                              ./Aplicacion/PruebaSerie.o
                                                  /usr/local/mcuxpressoide-11.5.1_7266/ide/plugins/com.nxp.mcuxpresso.tools.linux_11.5.1.202201181444/tools/bin/../lib/gcc/arm-none-eabi/10.3.1/../../../../arm-none-eabi/lib/thumb/v6-m/nofp/libcr_c.a(__weak__main.o)
mensaje                                           ./Aplicacion/PruebaSerie.o
out_rx                                            ./Drivers/DR_UART.o
out_tx                                            ./Drivers/DR_UART.o
primerDato                                        ./Drivers/DR_UART.o
timers                                            ./Drivers/Systick.o
                                                  ./Primitivas/PR_TImers.o
