Archive member included to satisfy reference by file (symbol)

/usr/local/mcuxpressoide-11.5.1_7266/ide/plugins/com.nxp.mcuxpresso.tools.linux_11.5.1.202201181444/tools/bin/../lib/gcc/arm-none-eabi/10.3.1/../../../../arm-none-eabi/lib/thumb/v6-m/nofp/libcr_c.a(__weak__main.o)
                              ./Aplicacion/cr_startup_lpc84x.o (__main)
/usr/local/mcuxpressoide-11.5.1_7266/ide/plugins/com.nxp.mcuxpresso.tools.linux_11.5.1.202201181444/tools/bin/../lib/gcc/arm-none-eabi/10.3.1/thumb/v6-m/nofp/libcr_eabihelpers.a(division_32.o)
                              ./Primitivas/PR_7Seg.o (__aeabi_uidiv)
/usr/local/mcuxpressoide-11.5.1_7266/ide/plugins/com.nxp.mcuxpresso.tools.linux_11.5.1.202201181444/tools/bin/../lib/gcc/arm-none-eabi/10.3.1/thumb/v6-m/nofp/libcr_eabihelpers.a(division_idiv0.o)
                              /usr/local/mcuxpressoide-11.5.1_7266/ide/plugins/com.nxp.mcuxpresso.tools.linux_11.5.1.202201181444/tools/bin/../lib/gcc/arm-none-eabi/10.3.1/thumb/v6-m/nofp/libcr_eabihelpers.a(division_32.o) (__aeabi_idiv0)

Discarded input sections

 .group         0x0000000000000000        0xc ./Primitivas/PR_7Seg.o
 .group         0x0000000000000000        0xc ./Primitivas/PR_7Seg.o
 .group         0x0000000000000000        0xc ./Primitivas/PR_7Seg.o
 .group         0x0000000000000000        0xc ./Primitivas/PR_7Seg.o
 .text          0x0000000000000000        0x0 ./Primitivas/PR_7Seg.o
 .data          0x0000000000000000        0x0 ./Primitivas/PR_7Seg.o
 .bss           0x0000000000000000        0x0 ./Primitivas/PR_7Seg.o
 .group         0x0000000000000000        0xc ./Primitivas/PR_ADC.o
 .group         0x0000000000000000        0xc ./Primitivas/PR_ADC.o
 .text          0x0000000000000000        0x0 ./Primitivas/PR_ADC.o
 .data          0x0000000000000000        0x0 ./Primitivas/PR_ADC.o
 .bss           0x0000000000000000        0x0 ./Primitivas/PR_ADC.o
 .debug_macro   0x0000000000000000      0xa66 ./Primitivas/PR_ADC.o
 .debug_macro   0x0000000000000000      0x321 ./Primitivas/PR_ADC.o
 .group         0x0000000000000000        0xc ./Primitivas/PR_Leds.o
 .group         0x0000000000000000        0xc ./Primitivas/PR_Leds.o
 .group         0x0000000000000000        0xc ./Primitivas/PR_Leds.o
 .group         0x0000000000000000        0xc ./Primitivas/PR_Leds.o
 .text          0x0000000000000000        0x0 ./Primitivas/PR_Leds.o
 .data          0x0000000000000000        0x0 ./Primitivas/PR_Leds.o
 .bss           0x0000000000000000        0x0 ./Primitivas/PR_Leds.o
 .text.LED_OFF  0x0000000000000000       0x1c ./Primitivas/PR_Leds.o
 .text.LED_ON   0x0000000000000000       0x1c ./Primitivas/PR_Leds.o
 .text.SwapEstadoLed
                0x0000000000000000       0x32 ./Primitivas/PR_Leds.o
 .text.Leds     0x0000000000000000       0x74 ./Primitivas/PR_Leds.o
 .debug_info    0x0000000000000000      0x10f ./Primitivas/PR_Leds.o
 .debug_abbrev  0x0000000000000000       0x83 ./Primitivas/PR_Leds.o
 .debug_aranges
                0x0000000000000000       0x38 ./Primitivas/PR_Leds.o
 .debug_ranges  0x0000000000000000       0x28 ./Primitivas/PR_Leds.o
 .debug_macro   0x0000000000000000       0x3c ./Primitivas/PR_Leds.o
 .debug_macro   0x0000000000000000      0xa66 ./Primitivas/PR_Leds.o
 .debug_macro   0x0000000000000000      0x321 ./Primitivas/PR_Leds.o
 .debug_macro   0x0000000000000000       0x2e ./Primitivas/PR_Leds.o
 .debug_macro   0x0000000000000000       0x22 ./Primitivas/PR_Leds.o
 .debug_line    0x0000000000000000      0x176 ./Primitivas/PR_Leds.o
 .debug_str     0x0000000000000000     0x3a1f ./Primitivas/PR_Leds.o
 .comment       0x0000000000000000       0x4a ./Primitivas/PR_Leds.o
 .debug_frame   0x0000000000000000       0x90 ./Primitivas/PR_Leds.o
 .ARM.attributes
                0x0000000000000000       0x2c ./Primitivas/PR_Leds.o
 .group         0x0000000000000000        0xc ./Primitivas/PR_TImers.o
 .group         0x0000000000000000        0xc ./Primitivas/PR_TImers.o
 .group         0x0000000000000000        0xc ./Primitivas/PR_TImers.o
 .group         0x0000000000000000        0xc ./Primitivas/PR_TImers.o
 .group         0x0000000000000000        0xc ./Primitivas/PR_TImers.o
 .group         0x0000000000000000        0xc ./Primitivas/PR_TImers.o
 .text          0x0000000000000000        0x0 ./Primitivas/PR_TImers.o
 .data          0x0000000000000000        0x0 ./Primitivas/PR_TImers.o
 .bss           0x0000000000000000        0x0 ./Primitivas/PR_TImers.o
 .bss.flagT0    0x0000000000000000        0x1 ./Primitivas/PR_TImers.o
 .bss.flagT1    0x0000000000000000        0x1 ./Primitivas/PR_TImers.o
 .bss.flagT2    0x0000000000000000        0x1 ./Primitivas/PR_TImers.o
 .text.TimerStop
                0x0000000000000000       0x34 ./Primitivas/PR_TImers.o
 .text.HandlerT0
                0x0000000000000000       0x14 ./Primitivas/PR_TImers.o
 .text.HandlerT1
                0x0000000000000000       0x14 ./Primitivas/PR_TImers.o
 .text.HandlerT2
                0x0000000000000000       0x14 ./Primitivas/PR_TImers.o
 .debug_macro   0x0000000000000000      0xa66 ./Primitivas/PR_TImers.o
 .debug_macro   0x0000000000000000      0x321 ./Primitivas/PR_TImers.o
 .debug_macro   0x0000000000000000       0x2e ./Primitivas/PR_TImers.o
 .group         0x0000000000000000        0xc ./Primitivas/PR_Teclado.o
 .group         0x0000000000000000        0xc ./Primitivas/PR_Teclado.o
 .group         0x0000000000000000        0xc ./Primitivas/PR_Teclado.o
 .group         0x0000000000000000        0xc ./Primitivas/PR_Teclado.o
 .text          0x0000000000000000        0x0 ./Primitivas/PR_Teclado.o
 .data          0x0000000000000000        0x0 ./Primitivas/PR_Teclado.o
 .bss           0x0000000000000000        0x0 ./Primitivas/PR_Teclado.o
 .text.getKey   0x0000000000000000       0x24 ./Primitivas/PR_Teclado.o
 .debug_info    0x0000000000000000       0x9e ./Primitivas/PR_Teclado.o
 .debug_abbrev  0x0000000000000000       0x7c ./Primitivas/PR_Teclado.o
 .debug_aranges
                0x0000000000000000       0x20 ./Primitivas/PR_Teclado.o
 .debug_ranges  0x0000000000000000       0x10 ./Primitivas/PR_Teclado.o
 .debug_macro   0x0000000000000000       0x46 ./Primitivas/PR_Teclado.o
 .debug_macro   0x0000000000000000      0xa66 ./Primitivas/PR_Teclado.o
 .debug_macro   0x0000000000000000      0x321 ./Primitivas/PR_Teclado.o
 .debug_macro   0x0000000000000000       0x2e ./Primitivas/PR_Teclado.o
 .debug_macro   0x0000000000000000       0x7c ./Primitivas/PR_Teclado.o
 .debug_line    0x0000000000000000      0x130 ./Primitivas/PR_Teclado.o
 .debug_str     0x0000000000000000     0x3af4 ./Primitivas/PR_Teclado.o
 .comment       0x0000000000000000       0x4a ./Primitivas/PR_Teclado.o
 .debug_frame   0x0000000000000000       0x30 ./Primitivas/PR_Teclado.o
 .ARM.attributes
                0x0000000000000000       0x2c ./Primitivas/PR_Teclado.o
 .group         0x0000000000000000        0xc ./Primitivas/PR_UART.o
 .group         0x0000000000000000        0xc ./Primitivas/PR_UART.o
 .group         0x0000000000000000        0xc ./Primitivas/PR_UART.o
 .text          0x0000000000000000        0x0 ./Primitivas/PR_UART.o
 .data          0x0000000000000000        0x0 ./Primitivas/PR_UART.o
 .bss           0x0000000000000000        0x0 ./Primitivas/PR_UART.o
 .text.TransmitirByte
                0x0000000000000000       0x1e ./Primitivas/PR_UART.o
 .text.RecibirSerie
                0x0000000000000000       0x10 ./Primitivas/PR_UART.o
 .debug_macro   0x0000000000000000      0xa66 ./Primitivas/PR_UART.o
 .debug_macro   0x0000000000000000      0x321 ./Primitivas/PR_UART.o
 .group         0x0000000000000000        0xc ./Drivers/DR_7Seg.o
 .group         0x0000000000000000        0xc ./Drivers/DR_7Seg.o
 .group         0x0000000000000000        0xc ./Drivers/DR_7Seg.o
 .group         0x0000000000000000        0xc ./Drivers/DR_7Seg.o
 .text          0x0000000000000000        0x0 ./Drivers/DR_7Seg.o
 .data          0x0000000000000000        0x0 ./Drivers/DR_7Seg.o
 .bss           0x0000000000000000        0x0 ./Drivers/DR_7Seg.o
 .debug_macro   0x0000000000000000      0xa66 ./Drivers/DR_7Seg.o
 .debug_macro   0x0000000000000000      0x321 ./Drivers/DR_7Seg.o
 .debug_macro   0x0000000000000000       0x2e ./Drivers/DR_7Seg.o
 .debug_macro   0x0000000000000000       0x52 ./Drivers/DR_7Seg.o
 .group         0x0000000000000000        0xc ./Drivers/DR_ADC.o
 .group         0x0000000000000000        0xc ./Drivers/DR_ADC.o
 .text          0x0000000000000000        0x0 ./Drivers/DR_ADC.o
 .data          0x0000000000000000        0x0 ./Drivers/DR_ADC.o
 .bss           0x0000000000000000        0x0 ./Drivers/DR_ADC.o
 .debug_macro   0x0000000000000000      0xa66 ./Drivers/DR_ADC.o
 .debug_macro   0x0000000000000000      0x321 ./Drivers/DR_ADC.o
 .group         0x0000000000000000        0xc ./Drivers/DR_GPIO.o
 .group         0x0000000000000000        0xc ./Drivers/DR_GPIO.o
 .group         0x0000000000000000        0xc ./Drivers/DR_GPIO.o
 .text          0x0000000000000000        0x0 ./Drivers/DR_GPIO.o
 .data          0x0000000000000000        0x0 ./Drivers/DR_GPIO.o
 .bss           0x0000000000000000        0x0 ./Drivers/DR_GPIO.o
 .debug_macro   0x0000000000000000      0xa66 ./Drivers/DR_GPIO.o
 .debug_macro   0x0000000000000000      0x321 ./Drivers/DR_GPIO.o
 .debug_macro   0x0000000000000000       0x2e ./Drivers/DR_GPIO.o
 .group         0x0000000000000000        0xc ./Drivers/DR_Init.o
 .group         0x0000000000000000        0xc ./Drivers/DR_Init.o
 .group         0x0000000000000000        0xc ./Drivers/DR_Init.o
 .group         0x0000000000000000        0xc ./Drivers/DR_Init.o
 .group         0x0000000000000000        0xc ./Drivers/DR_Init.o
 .group         0x0000000000000000        0xc ./Drivers/DR_Init.o
 .group         0x0000000000000000        0xc ./Drivers/DR_Init.o
 .group         0x0000000000000000        0xc ./Drivers/DR_Init.o
 .group         0x0000000000000000        0xc ./Drivers/DR_Init.o
 .text          0x0000000000000000        0x0 ./Drivers/DR_Init.o
 .data          0x0000000000000000        0x0 ./Drivers/DR_Init.o
 .bss           0x0000000000000000        0x0 ./Drivers/DR_Init.o
 .debug_macro   0x0000000000000000      0xa66 ./Drivers/DR_Init.o
 .debug_macro   0x0000000000000000      0x321 ./Drivers/DR_Init.o
 .debug_macro   0x0000000000000000       0x2e ./Drivers/DR_Init.o
 .debug_macro   0x0000000000000000       0x7c ./Drivers/DR_Init.o
 .debug_macro   0x0000000000000000       0x58 ./Drivers/DR_Init.o
 .debug_macro   0x0000000000000000       0x1c ./Drivers/DR_Init.o
 .group         0x0000000000000000        0xc ./Drivers/DR_UART.o
 .group         0x0000000000000000        0xc ./Drivers/DR_UART.o
 .group         0x0000000000000000        0xc ./Drivers/DR_UART.o
 .text          0x0000000000000000        0x0 ./Drivers/DR_UART.o
 .data          0x0000000000000000        0x0 ./Drivers/DR_UART.o
 .bss           0x0000000000000000        0x0 ./Drivers/DR_UART.o
 .bss.out_rx    0x0000000000000000        0x4 ./Drivers/DR_UART.o
 .data.primerDato
                0x0000000000000000        0x1 ./Drivers/DR_UART.o
 .text.PopRx    0x0000000000000000       0x58 ./Drivers/DR_UART.o
 .debug_macro   0x0000000000000000      0xa66 ./Drivers/DR_UART.o
 .debug_macro   0x0000000000000000      0x321 ./Drivers/DR_UART.o
 .debug_macro   0x0000000000000000       0x1c ./Drivers/DR_UART.o
 .group         0x0000000000000000        0xc ./Drivers/DR_teclado.o
 .group         0x0000000000000000        0xc ./Drivers/DR_teclado.o
 .group         0x0000000000000000        0xc ./Drivers/DR_teclado.o
 .group         0x0000000000000000        0xc ./Drivers/DR_teclado.o
 .text          0x0000000000000000        0x0 ./Drivers/DR_teclado.o
 .data          0x0000000000000000        0x0 ./Drivers/DR_teclado.o
 .bss           0x0000000000000000        0x0 ./Drivers/DR_teclado.o
 .text.DriverTecladoHW
                0x0000000000000000       0x3c ./Drivers/DR_teclado.o
 .debug_macro   0x0000000000000000      0xa66 ./Drivers/DR_teclado.o
 .debug_macro   0x0000000000000000      0x321 ./Drivers/DR_teclado.o
 .debug_macro   0x0000000000000000       0x2e ./Drivers/DR_teclado.o
 .group         0x0000000000000000        0xc ./Drivers/Systick.o
 .group         0x0000000000000000        0xc ./Drivers/Systick.o
 .group         0x0000000000000000        0xc ./Drivers/Systick.o
 .group         0x0000000000000000        0xc ./Drivers/Systick.o
 .group         0x0000000000000000        0xc ./Drivers/Systick.o
 .text          0x0000000000000000        0x0 ./Drivers/Systick.o
 .data          0x0000000000000000        0x0 ./Drivers/Systick.o
 .bss           0x0000000000000000        0x0 ./Drivers/Systick.o
 .debug_macro   0x0000000000000000      0xa66 ./Drivers/Systick.o
 .debug_macro   0x0000000000000000      0x321 ./Drivers/Systick.o
 .debug_macro   0x0000000000000000       0x2e ./Drivers/Systick.o
 .debug_macro   0x0000000000000000       0x7c ./Drivers/Systick.o
 .debug_macro   0x0000000000000000       0x58 ./Drivers/Systick.o
 .group         0x0000000000000000        0xc ./Aplicacion/PruebaADC.o
 .group         0x0000000000000000        0xc ./Aplicacion/PruebaADC.o
 .group         0x0000000000000000        0xc ./Aplicacion/PruebaADC.o
 .group         0x0000000000000000        0xc ./Aplicacion/PruebaADC.o
 .group         0x0000000000000000        0xc ./Aplicacion/PruebaADC.o
 .group         0x0000000000000000        0xc ./Aplicacion/PruebaADC.o
 .group         0x0000000000000000        0xc ./Aplicacion/PruebaADC.o
 .group         0x0000000000000000        0xc ./Aplicacion/PruebaADC.o
 .group         0x0000000000000000        0xc ./Aplicacion/PruebaADC.o
 .group         0x0000000000000000        0xc ./Aplicacion/PruebaADC.o
 .text          0x0000000000000000        0x0 ./Aplicacion/PruebaADC.o
 .data          0x0000000000000000        0x0 ./Aplicacion/PruebaADC.o
 .bss           0x0000000000000000        0x0 ./Aplicacion/PruebaADC.o
 .debug_macro   0x0000000000000000      0xa66 ./Aplicacion/PruebaADC.o
 .debug_macro   0x0000000000000000      0x321 ./Aplicacion/PruebaADC.o
 .debug_macro   0x0000000000000000       0x10 ./Aplicacion/PruebaADC.o
 .debug_macro   0x0000000000000000       0x2e ./Aplicacion/PruebaADC.o
 .debug_macro   0x0000000000000000       0x7c ./Aplicacion/PruebaADC.o
 .debug_macro   0x0000000000000000       0x58 ./Aplicacion/PruebaADC.o
 .debug_macro   0x0000000000000000       0x28 ./Aplicacion/PruebaADC.o
 .debug_macro   0x0000000000000000       0x1c ./Aplicacion/PruebaADC.o
 .debug_macro   0x0000000000000000       0x22 ./Aplicacion/PruebaADC.o
 .group         0x0000000000000000        0xc ./Aplicacion/cr_startup_lpc84x.o
 .text          0x0000000000000000        0x0 ./Aplicacion/cr_startup_lpc84x.o
 .data          0x0000000000000000        0x0 ./Aplicacion/cr_startup_lpc84x.o
 .bss           0x0000000000000000        0x0 ./Aplicacion/cr_startup_lpc84x.o
 .debug_macro   0x0000000000000000      0xa66 ./Aplicacion/cr_startup_lpc84x.o
 .group         0x0000000000000000        0xc ./Aplicacion/crp.o
 .group         0x0000000000000000        0xc ./Aplicacion/crp.o
 .text          0x0000000000000000        0x0 ./Aplicacion/crp.o
 .data          0x0000000000000000        0x0 ./Aplicacion/crp.o
 .bss           0x0000000000000000        0x0 ./Aplicacion/crp.o
 .crp           0x0000000000000000        0x4 ./Aplicacion/crp.o
 .debug_info    0x0000000000000000       0x40 ./Aplicacion/crp.o
 .debug_abbrev  0x0000000000000000       0x38 ./Aplicacion/crp.o
 .debug_aranges
                0x0000000000000000       0x18 ./Aplicacion/crp.o
 .debug_macro   0x0000000000000000       0x1a ./Aplicacion/crp.o
 .debug_macro   0x0000000000000000      0xa66 ./Aplicacion/crp.o
 .debug_macro   0x0000000000000000       0x34 ./Aplicacion/crp.o
 .debug_line    0x0000000000000000       0xbc ./Aplicacion/crp.o
 .debug_str     0x0000000000000000     0x2d4d ./Aplicacion/crp.o
 .comment       0x0000000000000000       0x4a ./Aplicacion/crp.o
 .ARM.attributes
                0x0000000000000000       0x31 ./Aplicacion/crp.o
 .text          0x0000000000000000        0x0 /usr/local/mcuxpressoide-11.5.1_7266/ide/plugins/com.nxp.mcuxpresso.tools.linux_11.5.1.202201181444/tools/bin/../lib/gcc/arm-none-eabi/10.3.1/../../../../arm-none-eabi/lib/thumb/v6-m/nofp/libcr_c.a(__weak__main.o)
 .data          0x0000000000000000        0x0 /usr/local/mcuxpressoide-11.5.1_7266/ide/plugins/com.nxp.mcuxpresso.tools.linux_11.5.1.202201181444/tools/bin/../lib/gcc/arm-none-eabi/10.3.1/../../../../arm-none-eabi/lib/thumb/v6-m/nofp/libcr_c.a(__weak__main.o)
 .bss           0x0000000000000000        0x0 /usr/local/mcuxpressoide-11.5.1_7266/ide/plugins/com.nxp.mcuxpresso.tools.linux_11.5.1.202201181444/tools/bin/../lib/gcc/arm-none-eabi/10.3.1/../../../../arm-none-eabi/lib/thumb/v6-m/nofp/libcr_c.a(__weak__main.o)
 .text          0x0000000000000000        0x0 /usr/local/mcuxpressoide-11.5.1_7266/ide/plugins/com.nxp.mcuxpresso.tools.linux_11.5.1.202201181444/tools/bin/../lib/gcc/arm-none-eabi/10.3.1/thumb/v6-m/nofp/libcr_eabihelpers.a(division_32.o)
 .data          0x0000000000000000        0x0 /usr/local/mcuxpressoide-11.5.1_7266/ide/plugins/com.nxp.mcuxpresso.tools.linux_11.5.1.202201181444/tools/bin/../lib/gcc/arm-none-eabi/10.3.1/thumb/v6-m/nofp/libcr_eabihelpers.a(division_32.o)
 .bss           0x0000000000000000        0x0 /usr/local/mcuxpressoide-11.5.1_7266/ide/plugins/com.nxp.mcuxpresso.tools.linux_11.5.1.202201181444/tools/bin/../lib/gcc/arm-none-eabi/10.3.1/thumb/v6-m/nofp/libcr_eabihelpers.a(division_32.o)
 .text          0x0000000000000000        0x0 /usr/local/mcuxpressoide-11.5.1_7266/ide/plugins/com.nxp.mcuxpresso.tools.linux_11.5.1.202201181444/tools/bin/../lib/gcc/arm-none-eabi/10.3.1/thumb/v6-m/nofp/libcr_eabihelpers.a(division_idiv0.o)
 .data          0x0000000000000000        0x0 /usr/local/mcuxpressoide-11.5.1_7266/ide/plugins/com.nxp.mcuxpresso.tools.linux_11.5.1.202201181444/tools/bin/../lib/gcc/arm-none-eabi/10.3.1/thumb/v6-m/nofp/libcr_eabihelpers.a(division_idiv0.o)
 .bss           0x0000000000000000        0x0 /usr/local/mcuxpressoide-11.5.1_7266/ide/plugins/com.nxp.mcuxpresso.tools.linux_11.5.1.202201181444/tools/bin/../lib/gcc/arm-none-eabi/10.3.1/thumb/v6-m/nofp/libcr_eabihelpers.a(division_idiv0.o)

Memory Configuration

Name             Origin             Length             Attributes
MFlash64         0x0000000000000000 0x0000000000010000 xr
RamLoc16         0x0000000010000000 0x0000000000004000 xrw
*default*        0x0000000000000000 0xffffffffffffffff

Linker script and memory map

LOAD ./Primitivas/PR_7Seg.o
LOAD ./Primitivas/PR_ADC.o
LOAD ./Primitivas/PR_Leds.o
LOAD ./Primitivas/PR_TImers.o
LOAD ./Primitivas/PR_Teclado.o
LOAD ./Primitivas/PR_UART.o
LOAD ./Drivers/DR_7Seg.o
LOAD ./Drivers/DR_ADC.o
LOAD ./Drivers/DR_GPIO.o
LOAD ./Drivers/DR_Init.o
LOAD ./Drivers/DR_UART.o
LOAD ./Drivers/DR_teclado.o
LOAD ./Drivers/Systick.o
LOAD ./Aplicacion/PruebaADC.o
LOAD ./Aplicacion/cr_startup_lpc84x.o
LOAD ./Aplicacion/crp.o
START GROUP
LOAD /usr/local/mcuxpressoide-11.5.1_7266/ide/plugins/com.nxp.mcuxpresso.tools.linux_11.5.1.202201181444/tools/bin/../lib/gcc/arm-none-eabi/10.3.1/../../../../arm-none-eabi/lib/thumb/v6-m/nofp/libcr_c.a
LOAD /usr/local/mcuxpressoide-11.5.1_7266/ide/plugins/com.nxp.mcuxpresso.tools.linux_11.5.1.202201181444/tools/bin/../lib/gcc/arm-none-eabi/10.3.1/thumb/v6-m/nofp/libcr_eabihelpers.a
LOAD /usr/local/mcuxpressoide-11.5.1_7266/ide/plugins/com.nxp.mcuxpresso.tools.linux_11.5.1.202201181444/tools/bin/../lib/gcc/arm-none-eabi/10.3.1/thumb/v6-m/nofp/libgcc.a
END GROUP
                0x0000000000000000                __base_MFlash64 = 0x0
                0x0000000000000000                __base_Flash = 0x0
                0x0000000000010000                __top_MFlash64 = 0x10000
                0x0000000000010000                __top_Flash = 0x10000
                0x0000000010000000                __base_RamLoc16 = 0x10000000
                0x0000000010000000                __base_RAM = 0x10000000
                0x0000000010004000                __top_RamLoc16 = 0x10004000
                0x0000000010004000                __top_RAM = 0x10004000

.text           0x0000000000000000      0xe44
 FILL mask 0xff
                0x0000000000000000                __vectors_start__ = ABSOLUTE (.)
 *(.isr_vector)
 .isr_vector    0x0000000000000000       0xc0 ./Aplicacion/cr_startup_lpc84x.o
                0x0000000000000000                g_pfnVectors
                0x00000000000000c0                . = ALIGN (0x4)
                0x00000000000000c0                __section_table_start = .
                0x00000000000000c0                __data_section_table = .
                0x00000000000000c0        0x4 LONG 0xe44 LOADADDR (.data)
                0x00000000000000c4        0x4 LONG 0x10000000 ADDR (.data)
                0x00000000000000c8        0x4 LONG 0x8 SIZEOF (.data)
                0x00000000000000cc                __data_section_table_end = .
                0x00000000000000cc                __bss_section_table = .
                0x00000000000000cc        0x4 LONG 0x10000008 ADDR (.bss)
                0x00000000000000d0        0x4 LONG 0x108 SIZEOF (.bss)
                0x00000000000000d4                __bss_section_table_end = .
                0x00000000000000d4                __section_table_end = .
 *(.after_vectors*)
 .after_vectors
                0x00000000000000d4      0x118 ./Aplicacion/cr_startup_lpc84x.o
                0x00000000000000d4                data_init
                0x0000000000000116                bss_init
                0x000000000000014c                ResetISR
                0x00000000000001c8                NMI_Handler
                0x00000000000001ce                HardFault_Handler
                0x00000000000001d4                SVC_Handler
                0x00000000000001da                PendSV_Handler
                0x00000000000001e6                CMP_IRQHandler
                0x00000000000001e6                PININT7_IRQHandler
                0x00000000000001e6                I2C0_IRQHandler
                0x00000000000001e6                WKT_IRQHandler
                0x00000000000001e6                PININT2_IRQHandler
                0x00000000000001e6                PININT1_IRQHandler
                0x00000000000001e6                MRT_IRQHandler
                0x00000000000001e6                I2C1_IRQHandler
                0x00000000000001e6                UART1_IRQHandler
                0x00000000000001e6                ADC_SEQB_IRQHandler
                0x00000000000001e6                SPI1_IRQHandler
                0x00000000000001e6                IntDefaultHandler
                0x00000000000001e6                ADC_OVR_IRQHandler
                0x00000000000001e6                I2C2_IRQHandler
                0x00000000000001e6                PININT3_IRQHandler
                0x00000000000001e6                UART2_IRQHandler
                0x00000000000001e6                PININT5_IRQHandler
                0x00000000000001e6                PININT4_IRQHandler
                0x00000000000001e6                ADC_THCMP_IRQHandler
                0x00000000000001e6                PININT0_IRQHandler
                0x00000000000001e6                BOD_IRQHandler
                0x00000000000001e6                I2C3_IRQHandler
                0x00000000000001e6                SCT_IRQHandler
                0x00000000000001e6                WDT_IRQHandler
                0x00000000000001e6                FAIM_IRQHandler
                0x00000000000001e6                DAC0_IRQHandler
                0x00000000000001e6                PININT6_IRQHandler
                0x00000000000001e6                SPI0_IRQHandler
                0x00000000000001e6                DMA_IRQHandler
                0x00000000000001e6                FLASH_IRQHandler
                0x00000000000001e6                CTIMER0_IRQHandler
 *(.text*)
 .text.Display  0x00000000000001ec       0x8c ./Primitivas/PR_7Seg.o
                0x00000000000001ec                Display
 .text.LeerSensor
                0x0000000000000278       0x14 ./Primitivas/PR_ADC.o
                0x0000000000000278                LeerSensor
 .text.TimerStart
                0x000000000000028c       0x50 ./Primitivas/PR_TImers.o
                0x000000000000028c                TimerStart
 .text.TimerEvent
                0x00000000000002dc       0x5c ./Primitivas/PR_TImers.o
                0x00000000000002dc                TimerEvent
 .text.TransmitirMsg
                0x0000000000000338       0x36 ./Primitivas/PR_UART.o
                0x0000000000000338                TransmitirMsg
 *fill*         0x000000000000036e        0x2 ff
 .text.Init7Segs
                0x0000000000000370       0xa4 ./Drivers/DR_7Seg.o
                0x0000000000000370                Init7Segs
 .text.BarridoDisplay
                0x0000000000000414       0xd8 ./Drivers/DR_7Seg.o
                0x0000000000000414                BarridoDisplay
 .text.InitADC  0x00000000000004ec       0xbc ./Drivers/DR_ADC.o
                0x00000000000004ec                InitADC
 .text.ADC_SEQA_IRQHandler
                0x00000000000005a8       0x8c ./Drivers/DR_ADC.o
                0x00000000000005a8                ADC_SEQA_IRQHandler
 .text.InitGPIO
                0x0000000000000634       0x78 ./Drivers/DR_GPIO.o
                0x0000000000000634                InitGPIO
 .text.SetDIR   0x00000000000006ac       0x7e ./Drivers/DR_GPIO.o
                0x00000000000006ac                SetDIR
 .text.SetPIN   0x000000000000072a       0x7e ./Drivers/DR_GPIO.o
                0x000000000000072a                SetPIN
 .text.GetPIN   0x00000000000007a8       0x3a ./Drivers/DR_GPIO.o
                0x00000000000007a8                GetPIN
 *fill*         0x00000000000007e2        0x2 ff
 .text.SetPINMODE_IN
                0x00000000000007e4       0x34 ./Drivers/DR_GPIO.o
                0x00000000000007e4                SetPINMODE_IN
 .text.SetPINMODE_OUT
                0x0000000000000818       0x4c ./Drivers/DR_GPIO.o
                0x0000000000000818                SetPINMODE_OUT
 .text.InitHw   0x0000000000000864       0x26 ./Drivers/DR_Init.o
                0x0000000000000864                InitHw
 *fill*         0x000000000000088a        0x2 ff
 .text.InitPLL  0x000000000000088c       0x88 ./Drivers/DR_Init.o
                0x000000000000088c                InitPLL
 .text.UART0_Init
                0x0000000000000914       0xac ./Drivers/DR_UART.o
                0x0000000000000914                UART0_Init
 .text.UART0_IRQHandler
                0x00000000000009c0       0x50 ./Drivers/DR_UART.o
                0x00000000000009c0                UART0_IRQHandler
 .text.PopTx    0x0000000000000a10       0x58 ./Drivers/DR_UART.o
                0x0000000000000a10                PopTx
 .text.PushTx   0x0000000000000a68       0x50 ./Drivers/DR_UART.o
                0x0000000000000a68                PushTx
 .text.PushRx   0x0000000000000ab8       0x40 ./Drivers/DR_UART.o
                0x0000000000000ab8                PushRx
 .text.DriverTecladoSW
                0x0000000000000af8       0x70 ./Drivers/DR_teclado.o
                0x0000000000000af8                DriverTecladoSW
 .text.DriverTecladoMatricialHW
                0x0000000000000b68       0x94 ./Drivers/DR_teclado.o
                0x0000000000000b68                DriverTecladoMatricialHW
 .text.InitTecladoMatricial
                0x0000000000000bfc       0x78 ./Drivers/DR_teclado.o
                0x0000000000000bfc                InitTecladoMatricial
 .text.SysTick_Handler
                0x0000000000000c74       0x28 ./Drivers/Systick.o
                0x0000000000000c74                SysTick_Handler
 .text.AnalizarTimers
                0x0000000000000c9c       0x70 ./Drivers/Systick.o
                0x0000000000000c9c                AnalizarTimers
 .text.InitSystick
                0x0000000000000d0c       0x28 ./Drivers/Systick.o
                0x0000000000000d0c                InitSystick
 .text.main     0x0000000000000d34       0x60 ./Aplicacion/PruebaADC.o
                0x0000000000000d34                main
 .text.Handler1Seg
                0x0000000000000d94       0x2c ./Aplicacion/PruebaADC.o
                0x0000000000000d94                Handler1Seg
 .text.__weak_main
                0x0000000000000dc0        0x8 /usr/local/mcuxpressoide-11.5.1_7266/ide/plugins/com.nxp.mcuxpresso.tools.linux_11.5.1.202201181444/tools/bin/../lib/gcc/arm-none-eabi/10.3.1/../../../../arm-none-eabi/lib/thumb/v6-m/nofp/libcr_c.a(__weak__main.o)
                0x0000000000000dc0                __main
                0x0000000000000dc0                __weak_main
 .text.__aeabi_division_idivmod
                0x0000000000000dc8       0x78 /usr/local/mcuxpressoide-11.5.1_7266/ide/plugins/com.nxp.mcuxpresso.tools.linux_11.5.1.202201181444/tools/bin/../lib/gcc/arm-none-eabi/10.3.1/thumb/v6-m/nofp/libcr_eabihelpers.a(division_32.o)
                0x0000000000000dc8                __aeabi_idiv
                0x0000000000000dc8                __aeabi_idivmod
                0x0000000000000dce                __aeabi_uidiv
                0x0000000000000dce                __aeabi_uidivmod
 .text.__aeabi_division_idiv0
                0x0000000000000e40        0x2 /usr/local/mcuxpressoide-11.5.1_7266/ide/plugins/com.nxp.mcuxpresso.tools.linux_11.5.1.202201181444/tools/bin/../lib/gcc/arm-none-eabi/10.3.1/thumb/v6-m/nofp/libcr_eabihelpers.a(division_idiv0.o)
                0x0000000000000e40                __aeabi_idiv0
 *(.rodata .rodata.* .constdata .constdata.*)
                0x0000000000000e44                . = ALIGN (0x4)
 *fill*         0x0000000000000e42        0x2 ff

.glue_7         0x0000000000000e44        0x0
 .glue_7        0x0000000000000e44        0x0 linker stubs

.glue_7t        0x0000000000000e44        0x0
 .glue_7t       0x0000000000000e44        0x0 linker stubs

.vfp11_veneer   0x0000000000000e44        0x0
 .vfp11_veneer  0x0000000000000e44        0x0 linker stubs

.v4_bx          0x0000000000000e44        0x0
 .v4_bx         0x0000000000000e44        0x0 linker stubs

.iplt           0x0000000000000e44        0x0
 .iplt          0x0000000000000e44        0x0 ./Primitivas/PR_7Seg.o

.rel.dyn        0x0000000000000e44        0x0
 .rel.iplt      0x0000000000000e44        0x0 ./Primitivas/PR_7Seg.o

.ARM.extab
 *(.ARM.extab* .gnu.linkonce.armextab.*)

.ARM.exidx      0x0000000000000e44        0x0
                0x0000000000000e44                __exidx_start = .
 *(.ARM.exidx* .gnu.linkonce.armexidx.*)
                0x0000000000000e44                __exidx_end = .
                0x0000000000000e44                _etext = .

.mtb_buffer_default
 *(.mtb*)

.uninit_RESERVED
                0x0000000010000000        0x0
                0x0000000010000000                _start_uninit_RESERVED = .
 *(.bss.$RESERVED*)
                0x0000000010000000                . = ALIGN (0x4)
                0x0000000010000000                _end_uninit_RESERVED = .

.data           0x0000000010000000        0x8 load address 0x0000000000000e44
 FILL mask 0xff
                0x0000000010000000                _data = .
                [!provide]                        PROVIDE (__start_data_RAM = .)
                [!provide]                        PROVIDE (__start_data_RamLoc16 = .)
 *(vtable)
 *(.ramfunc*)
 *(CodeQuickAccess)
 *(DataQuickAccess)
 *(RamFunction)
 *(.data*)
 .data.fro_set_frec
                0x0000000010000000        0x4 ./Drivers/DR_Init.o
                0x0000000010000000                fro_set_frec
 .data.lastKey.1
                0x0000000010000004        0x1 ./Drivers/DR_teclado.o
                0x0000000010000008                . = ALIGN (0x4)
 *fill*         0x0000000010000005        0x3 ff
                0x0000000010000008                _edata = .
                [!provide]                        PROVIDE (__end_data_RAM = .)
                [!provide]                        PROVIDE (__end_data_RamLoc16 = .)

.igot.plt       0x0000000010000008        0x0 load address 0x0000000000000e4c
 .igot.plt      0x0000000010000008        0x0 ./Primitivas/PR_7Seg.o

.bss            0x0000000010000008      0x108
                0x0000000010000008                _bss = .
                [!provide]                        PROVIDE (__start_bss_RAM = .)
                [!provide]                        PROVIDE (__start_bss_RamLoc16 = .)
 *(.bss*)
 .bss.HandlersTimer
                0x0000000010000008       0x40 ./Primitivas/PR_TImers.o
                0x0000000010000008                HandlersTimer
 .bss.display   0x0000000010000048        0x6 ./Drivers/DR_7Seg.o
                0x0000000010000048                display
 .bss.digito.0  0x000000001000004e        0x1 ./Drivers/DR_7Seg.o
 *fill*         0x000000001000004f        0x1 
 .bss.resultadoADC
                0x0000000010000050        0x4 ./Drivers/DR_ADC.o
                0x0000000010000050                resultadoADC
 .bss.buffer_muestras
                0x0000000010000054       0x14 ./Drivers/DR_ADC.o
                0x0000000010000054                buffer_muestras
 .bss.posicion.0
                0x0000000010000068        0x1 ./Drivers/DR_ADC.o
 *fill*         0x0000000010000069        0x3 
 .bss.buf_tx    0x000000001000006c       0x20 ./Drivers/DR_UART.o
                0x000000001000006c                buf_tx
 .bss.buf_rx    0x000000001000008c       0x20 ./Drivers/DR_UART.o
                0x000000001000008c                buf_rx
 .bss.in_tx     0x00000000100000ac        0x4 ./Drivers/DR_UART.o
                0x00000000100000ac                in_tx
 .bss.out_tx    0x00000000100000b0        0x4 ./Drivers/DR_UART.o
                0x00000000100000b0                out_tx
 .bss.in_rx     0x00000000100000b4        0x4 ./Drivers/DR_UART.o
                0x00000000100000b4                in_rx
 .bss.Tecla     0x00000000100000b8        0x1 ./Drivers/DR_teclado.o
                0x00000000100000b8                Tecla
 .bss.cont.0    0x00000000100000b9        0x1 ./Drivers/DR_teclado.o
 *fill*         0x00000000100000ba        0x2 
 .bss.flagsT    0x00000000100000bc       0x10 ./Drivers/Systick.o
                0x00000000100000bc                flagsT
 .bss.timers    0x00000000100000cc       0x40 ./Drivers/Systick.o
                0x00000000100000cc                timers
 .bss.cuentas_ADC
                0x000000001000010c        0x4 ./Aplicacion/PruebaADC.o
                0x000000001000010c                cuentas_ADC
 *(COMMON)
                0x0000000010000110                . = ALIGN (0x4)
                0x0000000010000110                _ebss = .
                [!provide]                        PROVIDE (__end_bss_RAM = .)
                [!provide]                        PROVIDE (__end_bss_RamLoc16 = .)
                [!provide]                        PROVIDE (end = .)

.noinit         0x0000000010000110        0x0
                0x0000000010000110                _noinit = .
                [!provide]                        PROVIDE (__start_noinit_RAM = .)
                [!provide]                        PROVIDE (__start_noinit_RamLoc16 = .)
 *(.noinit*)
                0x0000000010000110                . = ALIGN (0x4)
                0x0000000010000110                _end_noinit = .
                [!provide]                        PROVIDE (__end_noinit_RAM = .)
                [!provide]                        PROVIDE (__end_noinit_RamLoc16 = .)
                [!provide]                        PROVIDE (_pvHeapStart = DEFINED (__user_heap_base)?__user_heap_base:.)
                0x0000000010004000                PROVIDE (_vStackTop = DEFINED (__user_stack_top)?__user_stack_top:(__top_RamLoc16 - 0x0))
                0xffffffffefffbb1b                PROVIDE (__valid_user_code_checksum = (0x0 - (((_vStackTop + (ResetISR + 0x1)) + (DEFINED (NMI_Handler)?NMI_Handler:M0_NMI_Handler + 0x1)) + (DEFINED (HardFault_Handler)?HardFault_Handler:M0_HardFault_Handler + 0x1))))
                0x0000000000000000                _image_start = LOADADDR (.text)
                0x0000000000000e4c                _image_end = (LOADADDR (.data) + SIZEOF (.data))
                0x0000000000000e4c                _image_size = (_image_end - _image_start)
OUTPUT(PruebaADC.axf elf32-littlearm)
LOAD linker stubs

.debug_info     0x0000000000000000     0x26fd
 .debug_info    0x0000000000000000       0xd5 ./Primitivas/PR_7Seg.o
 .debug_info    0x00000000000000d5       0x82 ./Primitivas/PR_ADC.o
 .debug_info    0x0000000000000157      0x1ea ./Primitivas/PR_TImers.o
 .debug_info    0x0000000000000341       0xfc ./Primitivas/PR_UART.o
 .debug_info    0x000000000000043d       0xd3 ./Drivers/DR_7Seg.o
 .debug_info    0x0000000000000510      0x734 ./Drivers/DR_ADC.o
 .debug_info    0x0000000000000c44      0x862 ./Drivers/DR_GPIO.o
 .debug_info    0x00000000000014a6      0x550 ./Drivers/DR_Init.o
 .debug_info    0x00000000000019f6      0x799 ./Drivers/DR_UART.o
 .debug_info    0x000000000000218f      0x10a ./Drivers/DR_teclado.o
 .debug_info    0x0000000000002299      0x190 ./Drivers/Systick.o
 .debug_info    0x0000000000002429       0xa6 ./Aplicacion/PruebaADC.o
 .debug_info    0x00000000000024cf      0x22e ./Aplicacion/cr_startup_lpc84x.o

.debug_abbrev   0x0000000000000000      0xcae
 .debug_abbrev  0x0000000000000000       0xae ./Primitivas/PR_7Seg.o
 .debug_abbrev  0x00000000000000ae       0x6b ./Primitivas/PR_ADC.o
 .debug_abbrev  0x0000000000000119      0x121 ./Primitivas/PR_TImers.o
 .debug_abbrev  0x000000000000023a       0x9f ./Primitivas/PR_UART.o
 .debug_abbrev  0x00000000000002d9       0xc8 ./Drivers/DR_7Seg.o
 .debug_abbrev  0x00000000000003a1      0x161 ./Drivers/DR_ADC.o
 .debug_abbrev  0x0000000000000502      0x14e ./Drivers/DR_GPIO.o
 .debug_abbrev  0x0000000000000650       0xfc ./Drivers/DR_Init.o
 .debug_abbrev  0x000000000000074c      0x1e4 ./Drivers/DR_UART.o
 .debug_abbrev  0x0000000000000930       0xd0 ./Drivers/DR_teclado.o
 .debug_abbrev  0x0000000000000a00      0x118 ./Drivers/Systick.o
 .debug_abbrev  0x0000000000000b18       0x85 ./Aplicacion/PruebaADC.o
 .debug_abbrev  0x0000000000000b9d      0x111 ./Aplicacion/cr_startup_lpc84x.o

.debug_aranges  0x0000000000000000      0x2b0
 .debug_aranges
                0x0000000000000000       0x20 ./Primitivas/PR_7Seg.o
 .debug_aranges
                0x0000000000000020       0x20 ./Primitivas/PR_ADC.o
 .debug_aranges
                0x0000000000000040       0x48 ./Primitivas/PR_TImers.o
 .debug_aranges
                0x0000000000000088       0x30 ./Primitivas/PR_UART.o
 .debug_aranges
                0x00000000000000b8       0x28 ./Drivers/DR_7Seg.o
 .debug_aranges
                0x00000000000000e0       0x28 ./Drivers/DR_ADC.o
 .debug_aranges
                0x0000000000000108       0x48 ./Drivers/DR_GPIO.o
 .debug_aranges
                0x0000000000000150       0x28 ./Drivers/DR_Init.o
 .debug_aranges
                0x0000000000000178       0x48 ./Drivers/DR_UART.o
 .debug_aranges
                0x00000000000001c0       0x38 ./Drivers/DR_teclado.o
 .debug_aranges
                0x00000000000001f8       0x30 ./Drivers/Systick.o
 .debug_aranges
                0x0000000000000228       0x28 ./Aplicacion/PruebaADC.o
 .debug_aranges
                0x0000000000000250       0x60 ./Aplicacion/cr_startup_lpc84x.o

.debug_ranges   0x0000000000000000      0x1e0
 .debug_ranges  0x0000000000000000       0x10 ./Primitivas/PR_7Seg.o
 .debug_ranges  0x0000000000000010       0x10 ./Primitivas/PR_ADC.o
 .debug_ranges  0x0000000000000020       0x38 ./Primitivas/PR_TImers.o
 .debug_ranges  0x0000000000000058       0x20 ./Primitivas/PR_UART.o
 .debug_ranges  0x0000000000000078       0x18 ./Drivers/DR_7Seg.o
 .debug_ranges  0x0000000000000090       0x18 ./Drivers/DR_ADC.o
 .debug_ranges  0x00000000000000a8       0x38 ./Drivers/DR_GPIO.o
 .debug_ranges  0x00000000000000e0       0x18 ./Drivers/DR_Init.o
 .debug_ranges  0x00000000000000f8       0x38 ./Drivers/DR_UART.o
 .debug_ranges  0x0000000000000130       0x28 ./Drivers/DR_teclado.o
 .debug_ranges  0x0000000000000158       0x20 ./Drivers/Systick.o
 .debug_ranges  0x0000000000000178       0x18 ./Aplicacion/PruebaADC.o
 .debug_ranges  0x0000000000000190       0x50 ./Aplicacion/cr_startup_lpc84x.o

.debug_macro    0x0000000000000000     0x145f
 .debug_macro   0x0000000000000000       0x42 ./Primitivas/PR_7Seg.o
 .debug_macro   0x0000000000000042      0xa66 ./Primitivas/PR_7Seg.o
 .debug_macro   0x0000000000000aa8      0x321 ./Primitivas/PR_7Seg.o
 .debug_macro   0x0000000000000dc9       0x2e ./Primitivas/PR_7Seg.o
 .debug_macro   0x0000000000000df7       0x52 ./Primitivas/PR_7Seg.o
 .debug_macro   0x0000000000000e49       0x2e ./Primitivas/PR_ADC.o
 .debug_macro   0x0000000000000e77       0x6e ./Primitivas/PR_TImers.o
 .debug_macro   0x0000000000000ee5       0x7c ./Primitivas/PR_TImers.o
 .debug_macro   0x0000000000000f61       0x58 ./Primitivas/PR_TImers.o
 .debug_macro   0x0000000000000fb9       0x1c ./Primitivas/PR_TImers.o
 .debug_macro   0x0000000000000fd5       0x37 ./Primitivas/PR_UART.o
 .debug_macro   0x000000000000100c       0x1c ./Primitivas/PR_UART.o
 .debug_macro   0x0000000000001028       0x3c ./Drivers/DR_7Seg.o
 .debug_macro   0x0000000000001064       0x2a ./Drivers/DR_ADC.o
 .debug_macro   0x000000000000108e       0x2d ./Drivers/DR_GPIO.o
 .debug_macro   0x00000000000010bb       0x9f ./Drivers/DR_Init.o
 .debug_macro   0x000000000000115a       0x10 ./Drivers/DR_Init.o
 .debug_macro   0x000000000000116a       0x28 ./Drivers/DR_Init.o
 .debug_macro   0x0000000000001192       0x22 ./Drivers/DR_Init.o
 .debug_macro   0x00000000000011b4       0x29 ./Drivers/DR_UART.o
 .debug_macro   0x00000000000011dd       0x3c ./Drivers/DR_teclado.o
 .debug_macro   0x0000000000001219       0x76 ./Drivers/DR_teclado.o
 .debug_macro   0x000000000000128f       0x63 ./Drivers/Systick.o
 .debug_macro   0x00000000000012f2       0xce ./Aplicacion/PruebaADC.o
 .debug_macro   0x00000000000013c0       0x82 ./Aplicacion/PruebaADC.o
 .debug_macro   0x0000000000001442       0x1d ./Aplicacion/cr_startup_lpc84x.o

.debug_line     0x0000000000000000     0x1338
 .debug_line    0x0000000000000000      0x102 ./Primitivas/PR_7Seg.o
 .debug_line    0x0000000000000102       0xc0 ./Primitivas/PR_ADC.o
 .debug_line    0x00000000000001c2      0x206 ./Primitivas/PR_TImers.o
 .debug_line    0x00000000000003c8      0x117 ./Primitivas/PR_UART.o
 .debug_line    0x00000000000004df      0x141 ./Drivers/DR_7Seg.o
 .debug_line    0x0000000000000620      0x10b ./Drivers/DR_ADC.o
 .debug_line    0x000000000000072b      0x19f ./Drivers/DR_GPIO.o
 .debug_line    0x00000000000008ca      0x1e1 ./Drivers/DR_Init.o
 .debug_line    0x0000000000000aab      0x16d ./Drivers/DR_UART.o
 .debug_line    0x0000000000000c18      0x1ac ./Drivers/DR_teclado.o
 .debug_line    0x0000000000000dc4      0x1c1 ./Drivers/Systick.o
 .debug_line    0x0000000000000f85      0x279 ./Aplicacion/PruebaADC.o
 .debug_line    0x00000000000011fe      0x13a ./Aplicacion/cr_startup_lpc84x.o

.debug_str      0x0000000000000000     0x4b2b
 .debug_str     0x0000000000000000     0x3b0d ./Primitivas/PR_7Seg.o
                                       0x3b61 (size before relaxing)
 .debug_str     0x0000000000003b0d       0x45 ./Primitivas/PR_ADC.o
                                       0x3978 (size before relaxing)
 .debug_str     0x0000000000003b52      0x217 ./Primitivas/PR_TImers.o
                                       0x3d2c (size before relaxing)
 .debug_str     0x0000000000003d69       0xaf ./Primitivas/PR_UART.o
                                       0x39ea (size before relaxing)
 .debug_str     0x0000000000003e18       0x35 ./Drivers/DR_7Seg.o
                                       0x3b49 (size before relaxing)
 .debug_str     0x0000000000003e4d      0x41d ./Drivers/DR_ADC.o
                                       0x3d75 (size before relaxing)
 .debug_str     0x000000000000426a       0xab ./Drivers/DR_GPIO.o
                                       0x3d3c (size before relaxing)
 .debug_str     0x0000000000004315       0x94 ./Drivers/DR_Init.o
                                       0x4060 (size before relaxing)
 .debug_str     0x00000000000043a9       0xc7 ./Drivers/DR_UART.o
                                       0x3d53 (size before relaxing)
 .debug_str     0x0000000000004470       0x79 ./Drivers/DR_teclado.o
                                       0x3b25 (size before relaxing)
 .debug_str     0x00000000000044e9       0x54 ./Drivers/Systick.o
                                       0x3cc5 (size before relaxing)
 .debug_str     0x000000000000453d      0x480 ./Aplicacion/PruebaADC.o
                                       0x41e3 (size before relaxing)
 .debug_str     0x00000000000049bd      0x16e ./Aplicacion/cr_startup_lpc84x.o
                                       0x2de1 (size before relaxing)

.comment        0x0000000000000000       0x49
 .comment       0x0000000000000000       0x49 ./Primitivas/PR_7Seg.o
                                         0x4a (size before relaxing)
 .comment       0x0000000000000049       0x4a ./Primitivas/PR_ADC.o
 .comment       0x0000000000000049       0x4a ./Primitivas/PR_TImers.o
 .comment       0x0000000000000049       0x4a ./Primitivas/PR_UART.o
 .comment       0x0000000000000049       0x4a ./Drivers/DR_7Seg.o
 .comment       0x0000000000000049       0x4a ./Drivers/DR_ADC.o
 .comment       0x0000000000000049       0x4a ./Drivers/DR_GPIO.o
 .comment       0x0000000000000049       0x4a ./Drivers/DR_Init.o
 .comment       0x0000000000000049       0x4a ./Drivers/DR_UART.o
 .comment       0x0000000000000049       0x4a ./Drivers/DR_teclado.o
 .comment       0x0000000000000049       0x4a ./Drivers/Systick.o
 .comment       0x0000000000000049       0x4a ./Aplicacion/PruebaADC.o
 .comment       0x0000000000000049       0x4a ./Aplicacion/cr_startup_lpc84x.o
 .comment       0x0000000000000049       0x4a /usr/local/mcuxpressoide-11.5.1_7266/ide/plugins/com.nxp.mcuxpresso.tools.linux_11.5.1.202201181444/tools/bin/../lib/gcc/arm-none-eabi/10.3.1/../../../../arm-none-eabi/lib/thumb/v6-m/nofp/libcr_c.a(__weak__main.o)

.ARM.attributes
                0x0000000000000000       0x2a
 .ARM.attributes
                0x0000000000000000       0x2c ./Primitivas/PR_7Seg.o
 .ARM.attributes
                0x000000000000002c       0x2c ./Primitivas/PR_ADC.o
 .ARM.attributes
                0x0000000000000058       0x2c ./Primitivas/PR_TImers.o
 .ARM.attributes
                0x0000000000000084       0x2c ./Primitivas/PR_UART.o
 .ARM.attributes
                0x00000000000000b0       0x2c ./Drivers/DR_7Seg.o
 .ARM.attributes
                0x00000000000000dc       0x2c ./Drivers/DR_ADC.o
 .ARM.attributes
                0x0000000000000108       0x2c ./Drivers/DR_GPIO.o
 .ARM.attributes
                0x0000000000000134       0x2c ./Drivers/DR_Init.o
 .ARM.attributes
                0x0000000000000160       0x2c ./Drivers/DR_UART.o
 .ARM.attributes
                0x000000000000018c       0x2c ./Drivers/DR_teclado.o
 .ARM.attributes
                0x00000000000001b8       0x2c ./Drivers/Systick.o
 .ARM.attributes
                0x00000000000001e4       0x2c ./Aplicacion/PruebaADC.o
 .ARM.attributes
                0x0000000000000210       0x2c ./Aplicacion/cr_startup_lpc84x.o
 .ARM.attributes
                0x000000000000023c       0x2c /usr/local/mcuxpressoide-11.5.1_7266/ide/plugins/com.nxp.mcuxpresso.tools.linux_11.5.1.202201181444/tools/bin/../lib/gcc/arm-none-eabi/10.3.1/../../../../arm-none-eabi/lib/thumb/v6-m/nofp/libcr_c.a(__weak__main.o)
 .ARM.attributes
                0x0000000000000268       0x1c /usr/local/mcuxpressoide-11.5.1_7266/ide/plugins/com.nxp.mcuxpresso.tools.linux_11.5.1.202201181444/tools/bin/../lib/gcc/arm-none-eabi/10.3.1/thumb/v6-m/nofp/libcr_eabihelpers.a(division_32.o)
 .ARM.attributes
                0x0000000000000284       0x1c /usr/local/mcuxpressoide-11.5.1_7266/ide/plugins/com.nxp.mcuxpresso.tools.linux_11.5.1.202201181444/tools/bin/../lib/gcc/arm-none-eabi/10.3.1/thumb/v6-m/nofp/libcr_eabihelpers.a(division_idiv0.o)

.debug_frame    0x0000000000000000      0x654
 .debug_frame   0x0000000000000000       0x30 ./Primitivas/PR_7Seg.o
 .debug_frame   0x0000000000000030       0x2c ./Primitivas/PR_ADC.o
 .debug_frame   0x000000000000005c       0xc4 ./Primitivas/PR_TImers.o
 .debug_frame   0x0000000000000120       0x6c ./Primitivas/PR_UART.o
 .debug_frame   0x000000000000018c       0x4c ./Drivers/DR_7Seg.o
 .debug_frame   0x00000000000001d8       0x4c ./Drivers/DR_ADC.o
 .debug_frame   0x0000000000000224       0xcc ./Drivers/DR_GPIO.o
 .debug_frame   0x00000000000002f0       0x48 ./Drivers/DR_Init.o
 .debug_frame   0x0000000000000338       0xcc ./Drivers/DR_UART.o
 .debug_frame   0x0000000000000404       0x84 ./Drivers/DR_teclado.o
 .debug_frame   0x0000000000000488       0x6c ./Drivers/Systick.o
 .debug_frame   0x00000000000004f4       0x48 ./Aplicacion/PruebaADC.o
 .debug_frame   0x000000000000053c      0x118 ./Aplicacion/cr_startup_lpc84x.o

Cross Reference Table

Symbol                                            File
ADC_OVR_IRQHandler                                ./Aplicacion/cr_startup_lpc84x.o
ADC_SEQA_IRQHandler                               ./Drivers/DR_ADC.o
ADC_SEQB_IRQHandler                               ./Aplicacion/cr_startup_lpc84x.o
ADC_THCMP_IRQHandler                              ./Aplicacion/cr_startup_lpc84x.o
AnalizarTimers                                    ./Drivers/Systick.o
BOD_IRQHandler                                    ./Aplicacion/cr_startup_lpc84x.o
BarridoDisplay                                    ./Drivers/DR_7Seg.o
                                                  ./Drivers/Systick.o
CMP_IRQHandler                                    ./Aplicacion/cr_startup_lpc84x.o
CRP_WORD                                          ./Aplicacion/crp.o
CTIMER0_IRQHandler                                ./Aplicacion/cr_startup_lpc84x.o
DAC0_IRQHandler                                   ./Aplicacion/cr_startup_lpc84x.o
DMA_IRQHandler                                    ./Aplicacion/cr_startup_lpc84x.o
Display                                           ./Primitivas/PR_7Seg.o
                                                  ./Aplicacion/PruebaADC.o
DriverTecladoHW                                   ./Drivers/DR_teclado.o
DriverTecladoMatricialHW                          ./Drivers/DR_teclado.o
DriverTecladoSW                                   ./Drivers/DR_teclado.o
                                                  ./Drivers/Systick.o
FAIM_IRQHandler                                   ./Aplicacion/cr_startup_lpc84x.o
FLASH_IRQHandler                                  ./Aplicacion/cr_startup_lpc84x.o
GetPIN                                            ./Drivers/DR_GPIO.o
                                                  ./Drivers/DR_teclado.o
                                                  ./Primitivas/PR_Leds.o
Handler1Seg                                       ./Aplicacion/PruebaADC.o
HandlerT0                                         ./Primitivas/PR_TImers.o
HandlerT1                                         ./Primitivas/PR_TImers.o
HandlerT2                                         ./Primitivas/PR_TImers.o
HandlersTimer                                     ./Primitivas/PR_TImers.o
HardFault_Handler                                 ./Aplicacion/cr_startup_lpc84x.o
I2C0_IRQHandler                                   ./Aplicacion/cr_startup_lpc84x.o
I2C1_IRQHandler                                   ./Aplicacion/cr_startup_lpc84x.o
I2C2_IRQHandler                                   ./Aplicacion/cr_startup_lpc84x.o
I2C3_IRQHandler                                   ./Aplicacion/cr_startup_lpc84x.o
Init7Segs                                         ./Drivers/DR_7Seg.o
                                                  ./Drivers/DR_Init.o
InitADC                                           ./Drivers/DR_ADC.o
                                                  ./Drivers/DR_Init.o
InitGPIO                                          ./Drivers/DR_GPIO.o
                                                  ./Drivers/DR_Init.o
InitHw                                            ./Drivers/DR_Init.o
                                                  ./Aplicacion/PruebaADC.o
InitPLL                                           ./Drivers/DR_Init.o
InitSystick                                       ./Drivers/Systick.o
                                                  ./Drivers/DR_Init.o
InitTecladoMatricial                              ./Drivers/DR_teclado.o
                                                  ./Drivers/DR_Init.o
IntDefaultHandler                                 ./Aplicacion/cr_startup_lpc84x.o
LED_OFF                                           ./Primitivas/PR_Leds.o
LED_ON                                            ./Primitivas/PR_Leds.o
Leds                                              ./Primitivas/PR_Leds.o
LeerSensor                                        ./Primitivas/PR_ADC.o
                                                  ./Aplicacion/PruebaADC.o
MRT_IRQHandler                                    ./Aplicacion/cr_startup_lpc84x.o
NMI_Handler                                       ./Aplicacion/cr_startup_lpc84x.o
PININT0_IRQHandler                                ./Aplicacion/cr_startup_lpc84x.o
PININT1_IRQHandler                                ./Aplicacion/cr_startup_lpc84x.o
PININT2_IRQHandler                                ./Aplicacion/cr_startup_lpc84x.o
PININT3_IRQHandler                                ./Aplicacion/cr_startup_lpc84x.o
PININT4_IRQHandler                                ./Aplicacion/cr_startup_lpc84x.o
PININT5_IRQHandler                                ./Aplicacion/cr_startup_lpc84x.o
PININT6_IRQHandler                                ./Aplicacion/cr_startup_lpc84x.o
PININT7_IRQHandler                                ./Aplicacion/cr_startup_lpc84x.o
PendSV_Handler                                    ./Aplicacion/cr_startup_lpc84x.o
PopRx                                             ./Drivers/DR_UART.o
                                                  ./Primitivas/PR_UART.o
PopTx                                             ./Drivers/DR_UART.o
PushRx                                            ./Drivers/DR_UART.o
PushTx                                            ./Drivers/DR_UART.o
                                                  ./Primitivas/PR_UART.o
RecibirSerie                                      ./Primitivas/PR_UART.o
ResetISR                                          ./Aplicacion/cr_startup_lpc84x.o
SCT_IRQHandler                                    ./Aplicacion/cr_startup_lpc84x.o
SPI0_IRQHandler                                   ./Aplicacion/cr_startup_lpc84x.o
SPI1_IRQHandler                                   ./Aplicacion/cr_startup_lpc84x.o
SVC_Handler                                       ./Aplicacion/cr_startup_lpc84x.o
SetDIR                                            ./Drivers/DR_GPIO.o
                                                  ./Drivers/DR_teclado.o
                                                  ./Drivers/DR_7Seg.o
SetPIN                                            ./Drivers/DR_GPIO.o
                                                  ./Drivers/DR_teclado.o
                                                  ./Drivers/DR_7Seg.o
                                                  ./Primitivas/PR_Leds.o
SetPINMODE_IN                                     ./Drivers/DR_GPIO.o
                                                  ./Drivers/DR_teclado.o
                                                  ./Drivers/DR_7Seg.o
SetPINMODE_OUT                                    ./Drivers/DR_GPIO.o
SwapEstadoLed                                     ./Primitivas/PR_Leds.o
SysTick_Handler                                   ./Drivers/Systick.o
Tecla                                             ./Drivers/DR_teclado.o
                                                  ./Primitivas/PR_Teclado.o
TimerEvent                                        ./Primitivas/PR_TImers.o
                                                  ./Aplicacion/PruebaADC.o
TimerStart                                        ./Primitivas/PR_TImers.o
                                                  ./Aplicacion/PruebaADC.o
TimerStop                                         ./Primitivas/PR_TImers.o
TransmitirByte                                    ./Primitivas/PR_UART.o
TransmitirMsg                                     ./Primitivas/PR_UART.o
                                                  ./Aplicacion/PruebaADC.o
UART0_IRQHandler                                  ./Drivers/DR_UART.o
UART0_Init                                        ./Drivers/DR_UART.o
                                                  ./Drivers/DR_Init.o
UART1_IRQHandler                                  ./Aplicacion/cr_startup_lpc84x.o
UART2_IRQHandler                                  ./Aplicacion/cr_startup_lpc84x.o
WDT_IRQHandler                                    ./Aplicacion/cr_startup_lpc84x.o
WKT_IRQHandler                                    ./Aplicacion/cr_startup_lpc84x.o
__aeabi_idiv                                      /usr/local/mcuxpressoide-11.5.1_7266/ide/plugins/com.nxp.mcuxpresso.tools.linux_11.5.1.202201181444/tools/bin/../lib/gcc/arm-none-eabi/10.3.1/thumb/v6-m/nofp/libcr_eabihelpers.a(division_32.o)
__aeabi_idiv0                                     /usr/local/mcuxpressoide-11.5.1_7266/ide/plugins/com.nxp.mcuxpresso.tools.linux_11.5.1.202201181444/tools/bin/../lib/gcc/arm-none-eabi/10.3.1/thumb/v6-m/nofp/libcr_eabihelpers.a(division_idiv0.o)
                                                  /usr/local/mcuxpressoide-11.5.1_7266/ide/plugins/com.nxp.mcuxpresso.tools.linux_11.5.1.202201181444/tools/bin/../lib/gcc/arm-none-eabi/10.3.1/thumb/v6-m/nofp/libcr_eabihelpers.a(division_32.o)
__aeabi_idivmod                                   /usr/local/mcuxpressoide-11.5.1_7266/ide/plugins/com.nxp.mcuxpresso.tools.linux_11.5.1.202201181444/tools/bin/../lib/gcc/arm-none-eabi/10.3.1/thumb/v6-m/nofp/libcr_eabihelpers.a(division_32.o)
__aeabi_uidiv                                     /usr/local/mcuxpressoide-11.5.1_7266/ide/plugins/com.nxp.mcuxpresso.tools.linux_11.5.1.202201181444/tools/bin/../lib/gcc/arm-none-eabi/10.3.1/thumb/v6-m/nofp/libcr_eabihelpers.a(division_32.o)
                                                  ./Aplicacion/PruebaADC.o
                                                  ./Drivers/DR_ADC.o
                                                  ./Primitivas/PR_7Seg.o
__aeabi_uidivmod                                  /usr/local/mcuxpressoide-11.5.1_7266/ide/plugins/com.nxp.mcuxpresso.tools.linux_11.5.1.202201181444/tools/bin/../lib/gcc/arm-none-eabi/10.3.1/thumb/v6-m/nofp/libcr_eabihelpers.a(division_32.o)
                                                  ./Aplicacion/PruebaADC.o
                                                  ./Drivers/DR_ADC.o
                                                  ./Drivers/DR_7Seg.o
                                                  ./Primitivas/PR_7Seg.o
__bss_section_table_end                           ./Aplicacion/cr_startup_lpc84x.o
__data_section_table                              ./Aplicacion/cr_startup_lpc84x.o
__data_section_table_end                          ./Aplicacion/cr_startup_lpc84x.o
__main                                            /usr/local/mcuxpressoide-11.5.1_7266/ide/plugins/com.nxp.mcuxpresso.tools.linux_11.5.1.202201181444/tools/bin/../lib/gcc/arm-none-eabi/10.3.1/../../../../arm-none-eabi/lib/thumb/v6-m/nofp/libcr_c.a(__weak__main.o)
                                                  ./Aplicacion/cr_startup_lpc84x.o
__valid_user_code_checksum                        ./Aplicacion/cr_startup_lpc84x.o
__weak_main                                       /usr/local/mcuxpressoide-11.5.1_7266/ide/plugins/com.nxp.mcuxpresso.tools.linux_11.5.1.202201181444/tools/bin/../lib/gcc/arm-none-eabi/10.3.1/../../../../arm-none-eabi/lib/thumb/v6-m/nofp/libcr_c.a(__weak__main.o)
_vStackTop                                        ./Aplicacion/cr_startup_lpc84x.o
bss_init                                          ./Aplicacion/cr_startup_lpc84x.o
buf_rx                                            ./Drivers/DR_UART.o
buf_tx                                            ./Drivers/DR_UART.o
buffer_muestras                                   ./Drivers/DR_ADC.o
cuentas_ADC                                       ./Aplicacion/PruebaADC.o
data_init                                         ./Aplicacion/cr_startup_lpc84x.o
display                                           ./Drivers/DR_7Seg.o
                                                  ./Primitivas/PR_7Seg.o
flagT0                                            ./Primitivas/PR_TImers.o
flagT1                                            ./Primitivas/PR_TImers.o
flagT2                                            ./Primitivas/PR_TImers.o
flagsT                                            ./Drivers/Systick.o
                                                  ./Primitivas/PR_TImers.o
fro_set_frec                                      ./Drivers/DR_Init.o
g_pfnVectors                                      ./Aplicacion/cr_startup_lpc84x.o
getKey                                            ./Primitivas/PR_Teclado.o
in_rx                                             ./Drivers/DR_UART.o
in_tx                                             ./Drivers/DR_UART.o
main                                              ./Aplicacion/PruebaADC.o
                                                  /usr/local/mcuxpressoide-11.5.1_7266/ide/plugins/com.nxp.mcuxpresso.tools.linux_11.5.1.202201181444/tools/bin/../lib/gcc/arm-none-eabi/10.3.1/../../../../arm-none-eabi/lib/thumb/v6-m/nofp/libcr_c.a(__weak__main.o)
out_rx                                            ./Drivers/DR_UART.o
out_tx                                            ./Drivers/DR_UART.o
primerDato                                        ./Drivers/DR_UART.o
resultadoADC                                      ./Drivers/DR_ADC.o
                                                  ./Primitivas/PR_ADC.o
timers                                            ./Drivers/Systick.o
                                                  ./Primitivas/PR_TImers.o
