Archive member included to satisfy reference by file (symbol)

/usr/local/mcuxpressoide-11.2.0_4120/ide/plugins/com.nxp.mcuxpresso.tools.linux_11.2.0.202001021529/tools/bin/../lib/gcc/arm-none-eabi/9.2.1/../../../../arm-none-eabi/lib/thumb/v6-m/nofp/libcr_c.a(__weak__main.o)
                              ./Aplicacion/cr_startup_lpc84x.o (__main)
/usr/local/mcuxpressoide-11.2.0_4120/ide/plugins/com.nxp.mcuxpresso.tools.linux_11.2.0.202001021529/tools/bin/../lib/gcc/arm-none-eabi/9.2.1/thumb/v6-m/nofp/libcr_eabihelpers.a(division_32.o)
                              ./Primitivas/PR_7Seg.o (__aeabi_uidiv)
/usr/local/mcuxpressoide-11.2.0_4120/ide/plugins/com.nxp.mcuxpresso.tools.linux_11.2.0.202001021529/tools/bin/../lib/gcc/arm-none-eabi/9.2.1/thumb/v6-m/nofp/libcr_eabihelpers.a(division_idiv0.o)
                              /usr/local/mcuxpressoide-11.2.0_4120/ide/plugins/com.nxp.mcuxpresso.tools.linux_11.2.0.202001021529/tools/bin/../lib/gcc/arm-none-eabi/9.2.1/thumb/v6-m/nofp/libcr_eabihelpers.a(division_32.o) (__aeabi_idiv0)

Discarded input sections

 .group         0x0000000000000000        0xc ./Primitivas/PR_7Seg.o
 .group         0x0000000000000000        0xc ./Primitivas/PR_7Seg.o
 .group         0x0000000000000000        0xc ./Primitivas/PR_7Seg.o
 .group         0x0000000000000000        0xc ./Primitivas/PR_7Seg.o
 .text          0x0000000000000000        0x0 ./Primitivas/PR_7Seg.o
 .data          0x0000000000000000        0x0 ./Primitivas/PR_7Seg.o
 .bss           0x0000000000000000        0x0 ./Primitivas/PR_7Seg.o
 .group         0x0000000000000000        0xc ./Primitivas/PR_ADC.o
 .group         0x0000000000000000        0xc ./Primitivas/PR_ADC.o
 .text          0x0000000000000000        0x0 ./Primitivas/PR_ADC.o
 .data          0x0000000000000000        0x0 ./Primitivas/PR_ADC.o
 .bss           0x0000000000000000        0x0 ./Primitivas/PR_ADC.o
 .debug_macro   0x0000000000000000      0xa96 ./Primitivas/PR_ADC.o
 .debug_macro   0x0000000000000000      0x321 ./Primitivas/PR_ADC.o
 .group         0x0000000000000000        0xc ./Primitivas/PR_Leds.o
 .group         0x0000000000000000        0xc ./Primitivas/PR_Leds.o
 .group         0x0000000000000000        0xc ./Primitivas/PR_Leds.o
 .group         0x0000000000000000        0xc ./Primitivas/PR_Leds.o
 .text          0x0000000000000000        0x0 ./Primitivas/PR_Leds.o
 .data          0x0000000000000000        0x0 ./Primitivas/PR_Leds.o
 .bss           0x0000000000000000        0x0 ./Primitivas/PR_Leds.o
 .text.LED_OFF  0x0000000000000000       0x1c ./Primitivas/PR_Leds.o
 .text.LED_ON   0x0000000000000000       0x1c ./Primitivas/PR_Leds.o
 .text.SwapEstadoLed
                0x0000000000000000       0x32 ./Primitivas/PR_Leds.o
 .text.Leds     0x0000000000000000       0x74 ./Primitivas/PR_Leds.o
 .debug_info    0x0000000000000000      0x10f ./Primitivas/PR_Leds.o
 .debug_abbrev  0x0000000000000000       0x83 ./Primitivas/PR_Leds.o
 .debug_aranges
                0x0000000000000000       0x38 ./Primitivas/PR_Leds.o
 .debug_ranges  0x0000000000000000       0x28 ./Primitivas/PR_Leds.o
 .debug_macro   0x0000000000000000       0x3c ./Primitivas/PR_Leds.o
 .debug_macro   0x0000000000000000      0xa96 ./Primitivas/PR_Leds.o
 .debug_macro   0x0000000000000000      0x321 ./Primitivas/PR_Leds.o
 .debug_macro   0x0000000000000000       0x2e ./Primitivas/PR_Leds.o
 .debug_macro   0x0000000000000000       0x22 ./Primitivas/PR_Leds.o
 .debug_line    0x0000000000000000      0x16c ./Primitivas/PR_Leds.o
 .debug_str     0x0000000000000000     0x3b40 ./Primitivas/PR_Leds.o
 .comment       0x0000000000000000       0x7a ./Primitivas/PR_Leds.o
 .debug_frame   0x0000000000000000       0x90 ./Primitivas/PR_Leds.o
 .ARM.attributes
                0x0000000000000000       0x2c ./Primitivas/PR_Leds.o
 .group         0x0000000000000000        0xc ./Primitivas/PR_TImers.o
 .group         0x0000000000000000        0xc ./Primitivas/PR_TImers.o
 .group         0x0000000000000000        0xc ./Primitivas/PR_TImers.o
 .group         0x0000000000000000        0xc ./Primitivas/PR_TImers.o
 .group         0x0000000000000000        0xc ./Primitivas/PR_TImers.o
 .group         0x0000000000000000        0xc ./Primitivas/PR_TImers.o
 .text          0x0000000000000000        0x0 ./Primitivas/PR_TImers.o
 .data          0x0000000000000000        0x0 ./Primitivas/PR_TImers.o
 .bss           0x0000000000000000        0x0 ./Primitivas/PR_TImers.o
 .bss.flagT0    0x0000000000000000        0x1 ./Primitivas/PR_TImers.o
 .bss.flagT1    0x0000000000000000        0x1 ./Primitivas/PR_TImers.o
 .bss.flagT2    0x0000000000000000        0x1 ./Primitivas/PR_TImers.o
 .text.TimerStart
                0x0000000000000000       0x50 ./Primitivas/PR_TImers.o
 .text.TimerStop
                0x0000000000000000       0x34 ./Primitivas/PR_TImers.o
 .text.HandlerT0
                0x0000000000000000       0x14 ./Primitivas/PR_TImers.o
 .text.HandlerT1
                0x0000000000000000       0x14 ./Primitivas/PR_TImers.o
 .text.HandlerT2
                0x0000000000000000       0x14 ./Primitivas/PR_TImers.o
 .debug_macro   0x0000000000000000      0xa96 ./Primitivas/PR_TImers.o
 .debug_macro   0x0000000000000000      0x321 ./Primitivas/PR_TImers.o
 .debug_macro   0x0000000000000000       0x2e ./Primitivas/PR_TImers.o
 .group         0x0000000000000000        0xc ./Primitivas/PR_Teclado.o
 .group         0x0000000000000000        0xc ./Primitivas/PR_Teclado.o
 .group         0x0000000000000000        0xc ./Primitivas/PR_Teclado.o
 .group         0x0000000000000000        0xc ./Primitivas/PR_Teclado.o
 .text          0x0000000000000000        0x0 ./Primitivas/PR_Teclado.o
 .data          0x0000000000000000        0x0 ./Primitivas/PR_Teclado.o
 .bss           0x0000000000000000        0x0 ./Primitivas/PR_Teclado.o
 .text.getKey   0x0000000000000000       0x24 ./Primitivas/PR_Teclado.o
 .debug_info    0x0000000000000000       0x9e ./Primitivas/PR_Teclado.o
 .debug_abbrev  0x0000000000000000       0x7c ./Primitivas/PR_Teclado.o
 .debug_aranges
                0x0000000000000000       0x20 ./Primitivas/PR_Teclado.o
 .debug_ranges  0x0000000000000000       0x10 ./Primitivas/PR_Teclado.o
 .debug_macro   0x0000000000000000       0x46 ./Primitivas/PR_Teclado.o
 .debug_macro   0x0000000000000000      0xa96 ./Primitivas/PR_Teclado.o
 .debug_macro   0x0000000000000000      0x321 ./Primitivas/PR_Teclado.o
 .debug_macro   0x0000000000000000       0x2e ./Primitivas/PR_Teclado.o
 .debug_macro   0x0000000000000000       0x7c ./Primitivas/PR_Teclado.o
 .debug_line    0x0000000000000000      0x126 ./Primitivas/PR_Teclado.o
 .debug_str     0x0000000000000000     0x3c15 ./Primitivas/PR_Teclado.o
 .comment       0x0000000000000000       0x7a ./Primitivas/PR_Teclado.o
 .debug_frame   0x0000000000000000       0x30 ./Primitivas/PR_Teclado.o
 .ARM.attributes
                0x0000000000000000       0x2c ./Primitivas/PR_Teclado.o
 .group         0x0000000000000000        0xc ./Primitivas/PR_UART.o
 .group         0x0000000000000000        0xc ./Primitivas/PR_UART.o
 .group         0x0000000000000000        0xc ./Primitivas/PR_UART.o
 .text          0x0000000000000000        0x0 ./Primitivas/PR_UART.o
 .data          0x0000000000000000        0x0 ./Primitivas/PR_UART.o
 .bss           0x0000000000000000        0x0 ./Primitivas/PR_UART.o
 .text.TransmitirMsg
                0x0000000000000000       0x36 ./Primitivas/PR_UART.o
 .text.TransmitirByte
                0x0000000000000000       0x1e ./Primitivas/PR_UART.o
 .text.RecibirSerie
                0x0000000000000000       0x10 ./Primitivas/PR_UART.o
 .debug_info    0x0000000000000000      0x14f ./Primitivas/PR_UART.o
 .debug_abbrev  0x0000000000000000       0xc0 ./Primitivas/PR_UART.o
 .debug_aranges
                0x0000000000000000       0x30 ./Primitivas/PR_UART.o
 .debug_ranges  0x0000000000000000       0x20 ./Primitivas/PR_UART.o
 .debug_macro   0x0000000000000000       0x37 ./Primitivas/PR_UART.o
 .debug_macro   0x0000000000000000      0xa96 ./Primitivas/PR_UART.o
 .debug_macro   0x0000000000000000      0x321 ./Primitivas/PR_UART.o
 .debug_macro   0x0000000000000000       0x1c ./Primitivas/PR_UART.o
 .debug_line    0x0000000000000000      0x112 ./Primitivas/PR_UART.o
 .debug_str     0x0000000000000000     0x3b33 ./Primitivas/PR_UART.o
 .comment       0x0000000000000000       0x7a ./Primitivas/PR_UART.o
 .debug_frame   0x0000000000000000       0x6c ./Primitivas/PR_UART.o
 .ARM.attributes
                0x0000000000000000       0x2c ./Primitivas/PR_UART.o
 .group         0x0000000000000000        0xc ./Drivers/DR_7Seg.o
 .group         0x0000000000000000        0xc ./Drivers/DR_7Seg.o
 .group         0x0000000000000000        0xc ./Drivers/DR_7Seg.o
 .group         0x0000000000000000        0xc ./Drivers/DR_7Seg.o
 .text          0x0000000000000000        0x0 ./Drivers/DR_7Seg.o
 .data          0x0000000000000000        0x0 ./Drivers/DR_7Seg.o
 .bss           0x0000000000000000        0x0 ./Drivers/DR_7Seg.o
 .debug_macro   0x0000000000000000      0xa96 ./Drivers/DR_7Seg.o
 .debug_macro   0x0000000000000000      0x321 ./Drivers/DR_7Seg.o
 .debug_macro   0x0000000000000000       0x2e ./Drivers/DR_7Seg.o
 .debug_macro   0x0000000000000000       0x52 ./Drivers/DR_7Seg.o
 .group         0x0000000000000000        0xc ./Drivers/DR_ADC.o
 .group         0x0000000000000000        0xc ./Drivers/DR_ADC.o
 .text          0x0000000000000000        0x0 ./Drivers/DR_ADC.o
 .data          0x0000000000000000        0x0 ./Drivers/DR_ADC.o
 .bss           0x0000000000000000        0x0 ./Drivers/DR_ADC.o
 .debug_macro   0x0000000000000000      0xa96 ./Drivers/DR_ADC.o
 .debug_macro   0x0000000000000000      0x321 ./Drivers/DR_ADC.o
 .group         0x0000000000000000        0xc ./Drivers/DR_GPIO.o
 .group         0x0000000000000000        0xc ./Drivers/DR_GPIO.o
 .group         0x0000000000000000        0xc ./Drivers/DR_GPIO.o
 .text          0x0000000000000000        0x0 ./Drivers/DR_GPIO.o
 .data          0x0000000000000000        0x0 ./Drivers/DR_GPIO.o
 .bss           0x0000000000000000        0x0 ./Drivers/DR_GPIO.o
 .debug_macro   0x0000000000000000      0xa96 ./Drivers/DR_GPIO.o
 .debug_macro   0x0000000000000000      0x321 ./Drivers/DR_GPIO.o
 .debug_macro   0x0000000000000000       0x2e ./Drivers/DR_GPIO.o
 .group         0x0000000000000000        0xc ./Drivers/DR_Init.o
 .group         0x0000000000000000        0xc ./Drivers/DR_Init.o
 .group         0x0000000000000000        0xc ./Drivers/DR_Init.o
 .group         0x0000000000000000        0xc ./Drivers/DR_Init.o
 .group         0x0000000000000000        0xc ./Drivers/DR_Init.o
 .group         0x0000000000000000        0xc ./Drivers/DR_Init.o
 .group         0x0000000000000000        0xc ./Drivers/DR_Init.o
 .group         0x0000000000000000        0xc ./Drivers/DR_Init.o
 .group         0x0000000000000000        0xc ./Drivers/DR_Init.o
 .text          0x0000000000000000        0x0 ./Drivers/DR_Init.o
 .data          0x0000000000000000        0x0 ./Drivers/DR_Init.o
 .bss           0x0000000000000000        0x0 ./Drivers/DR_Init.o
 .debug_macro   0x0000000000000000      0xa96 ./Drivers/DR_Init.o
 .debug_macro   0x0000000000000000      0x321 ./Drivers/DR_Init.o
 .debug_macro   0x0000000000000000       0x2e ./Drivers/DR_Init.o
 .debug_macro   0x0000000000000000       0x7c ./Drivers/DR_Init.o
 .debug_macro   0x0000000000000000       0x58 ./Drivers/DR_Init.o
 .debug_macro   0x0000000000000000       0x1c ./Drivers/DR_Init.o
 .group         0x0000000000000000        0xc ./Drivers/DR_UART.o
 .group         0x0000000000000000        0xc ./Drivers/DR_UART.o
 .group         0x0000000000000000        0xc ./Drivers/DR_UART.o
 .text          0x0000000000000000        0x0 ./Drivers/DR_UART.o
 .data          0x0000000000000000        0x0 ./Drivers/DR_UART.o
 .bss           0x0000000000000000        0x0 ./Drivers/DR_UART.o
 .bss.out_rx    0x0000000000000000        0x4 ./Drivers/DR_UART.o
 .data.primerDato
                0x0000000000000000        0x1 ./Drivers/DR_UART.o
 .text.PopRx    0x0000000000000000       0x58 ./Drivers/DR_UART.o
 .text.PushTx   0x0000000000000000       0x50 ./Drivers/DR_UART.o
 .debug_macro   0x0000000000000000      0xa96 ./Drivers/DR_UART.o
 .debug_macro   0x0000000000000000      0x321 ./Drivers/DR_UART.o
 .debug_macro   0x0000000000000000       0x1c ./Drivers/DR_UART.o
 .group         0x0000000000000000        0xc ./Drivers/DR_teclado.o
 .group         0x0000000000000000        0xc ./Drivers/DR_teclado.o
 .group         0x0000000000000000        0xc ./Drivers/DR_teclado.o
 .group         0x0000000000000000        0xc ./Drivers/DR_teclado.o
 .text          0x0000000000000000        0x0 ./Drivers/DR_teclado.o
 .data          0x0000000000000000        0x0 ./Drivers/DR_teclado.o
 .bss           0x0000000000000000        0x0 ./Drivers/DR_teclado.o
 .text.DriverTecladoHW
                0x0000000000000000       0x3c ./Drivers/DR_teclado.o
 .debug_macro   0x0000000000000000      0xa96 ./Drivers/DR_teclado.o
 .debug_macro   0x0000000000000000      0x321 ./Drivers/DR_teclado.o
 .debug_macro   0x0000000000000000       0x2e ./Drivers/DR_teclado.o
 .group         0x0000000000000000        0xc ./Drivers/Systick.o
 .group         0x0000000000000000        0xc ./Drivers/Systick.o
 .group         0x0000000000000000        0xc ./Drivers/Systick.o
 .group         0x0000000000000000        0xc ./Drivers/Systick.o
 .group         0x0000000000000000        0xc ./Drivers/Systick.o
 .text          0x0000000000000000        0x0 ./Drivers/Systick.o
 .data          0x0000000000000000        0x0 ./Drivers/Systick.o
 .bss           0x0000000000000000        0x0 ./Drivers/Systick.o
 .debug_macro   0x0000000000000000      0xa96 ./Drivers/Systick.o
 .debug_macro   0x0000000000000000      0x321 ./Drivers/Systick.o
 .debug_macro   0x0000000000000000       0x2e ./Drivers/Systick.o
 .debug_macro   0x0000000000000000       0x7c ./Drivers/Systick.o
 .debug_macro   0x0000000000000000       0x58 ./Drivers/Systick.o
 .group         0x0000000000000000        0xc ./Aplicacion/PruebaSerie.o
 .group         0x0000000000000000        0xc ./Aplicacion/PruebaSerie.o
 .group         0x0000000000000000        0xc ./Aplicacion/PruebaSerie.o
 .group         0x0000000000000000        0xc ./Aplicacion/PruebaSerie.o
 .group         0x0000000000000000        0xc ./Aplicacion/PruebaSerie.o
 .group         0x0000000000000000        0xc ./Aplicacion/PruebaSerie.o
 .group         0x0000000000000000        0xc ./Aplicacion/PruebaSerie.o
 .group         0x0000000000000000        0xc ./Aplicacion/PruebaSerie.o
 .group         0x0000000000000000        0xc ./Aplicacion/PruebaSerie.o
 .group         0x0000000000000000        0xc ./Aplicacion/PruebaSerie.o
 .text          0x0000000000000000        0x0 ./Aplicacion/PruebaSerie.o
 .data          0x0000000000000000        0x0 ./Aplicacion/PruebaSerie.o
 .bss           0x0000000000000000        0x0 ./Aplicacion/PruebaSerie.o
 .data.mensaje  0x0000000000000000        0x9 ./Aplicacion/PruebaSerie.o
 .debug_macro   0x0000000000000000      0xa96 ./Aplicacion/PruebaSerie.o
 .debug_macro   0x0000000000000000      0x321 ./Aplicacion/PruebaSerie.o
 .debug_macro   0x0000000000000000       0x10 ./Aplicacion/PruebaSerie.o
 .debug_macro   0x0000000000000000       0x2e ./Aplicacion/PruebaSerie.o
 .debug_macro   0x0000000000000000       0x7c ./Aplicacion/PruebaSerie.o
 .debug_macro   0x0000000000000000       0x58 ./Aplicacion/PruebaSerie.o
 .debug_macro   0x0000000000000000       0x28 ./Aplicacion/PruebaSerie.o
 .debug_macro   0x0000000000000000       0x1c ./Aplicacion/PruebaSerie.o
 .debug_macro   0x0000000000000000       0x22 ./Aplicacion/PruebaSerie.o
 .group         0x0000000000000000        0xc ./Aplicacion/cr_startup_lpc84x.o
 .text          0x0000000000000000        0x0 ./Aplicacion/cr_startup_lpc84x.o
 .data          0x0000000000000000        0x0 ./Aplicacion/cr_startup_lpc84x.o
 .bss           0x0000000000000000        0x0 ./Aplicacion/cr_startup_lpc84x.o
 .debug_macro   0x0000000000000000      0xa96 ./Aplicacion/cr_startup_lpc84x.o
 .group         0x0000000000000000        0xc ./Aplicacion/crp.o
 .group         0x0000000000000000        0xc ./Aplicacion/crp.o
 .text          0x0000000000000000        0x0 ./Aplicacion/crp.o
 .data          0x0000000000000000        0x0 ./Aplicacion/crp.o
 .bss           0x0000000000000000        0x0 ./Aplicacion/crp.o
 .crp           0x0000000000000000        0x4 ./Aplicacion/crp.o
 .debug_info    0x0000000000000000       0x40 ./Aplicacion/crp.o
 .debug_abbrev  0x0000000000000000       0x38 ./Aplicacion/crp.o
 .debug_aranges
                0x0000000000000000       0x18 ./Aplicacion/crp.o
 .debug_macro   0x0000000000000000       0x1a ./Aplicacion/crp.o
 .debug_macro   0x0000000000000000      0xa96 ./Aplicacion/crp.o
 .debug_macro   0x0000000000000000       0x34 ./Aplicacion/crp.o
 .debug_line    0x0000000000000000       0xbc ./Aplicacion/crp.o
 .debug_str     0x0000000000000000     0x2e6e ./Aplicacion/crp.o
 .comment       0x0000000000000000       0x7a ./Aplicacion/crp.o
 .ARM.attributes
                0x0000000000000000       0x31 ./Aplicacion/crp.o
 .text          0x0000000000000000        0x0 /usr/local/mcuxpressoide-11.2.0_4120/ide/plugins/com.nxp.mcuxpresso.tools.linux_11.2.0.202001021529/tools/bin/../lib/gcc/arm-none-eabi/9.2.1/../../../../arm-none-eabi/lib/thumb/v6-m/nofp/libcr_c.a(__weak__main.o)
 .data          0x0000000000000000        0x0 /usr/local/mcuxpressoide-11.2.0_4120/ide/plugins/com.nxp.mcuxpresso.tools.linux_11.2.0.202001021529/tools/bin/../lib/gcc/arm-none-eabi/9.2.1/../../../../arm-none-eabi/lib/thumb/v6-m/nofp/libcr_c.a(__weak__main.o)
 .bss           0x0000000000000000        0x0 /usr/local/mcuxpressoide-11.2.0_4120/ide/plugins/com.nxp.mcuxpresso.tools.linux_11.2.0.202001021529/tools/bin/../lib/gcc/arm-none-eabi/9.2.1/../../../../arm-none-eabi/lib/thumb/v6-m/nofp/libcr_c.a(__weak__main.o)
 .text          0x0000000000000000        0x0 /usr/local/mcuxpressoide-11.2.0_4120/ide/plugins/com.nxp.mcuxpresso.tools.linux_11.2.0.202001021529/tools/bin/../lib/gcc/arm-none-eabi/9.2.1/thumb/v6-m/nofp/libcr_eabihelpers.a(division_32.o)
 .data          0x0000000000000000        0x0 /usr/local/mcuxpressoide-11.2.0_4120/ide/plugins/com.nxp.mcuxpresso.tools.linux_11.2.0.202001021529/tools/bin/../lib/gcc/arm-none-eabi/9.2.1/thumb/v6-m/nofp/libcr_eabihelpers.a(division_32.o)
 .bss           0x0000000000000000        0x0 /usr/local/mcuxpressoide-11.2.0_4120/ide/plugins/com.nxp.mcuxpresso.tools.linux_11.2.0.202001021529/tools/bin/../lib/gcc/arm-none-eabi/9.2.1/thumb/v6-m/nofp/libcr_eabihelpers.a(division_32.o)
 .text          0x0000000000000000        0x0 /usr/local/mcuxpressoide-11.2.0_4120/ide/plugins/com.nxp.mcuxpresso.tools.linux_11.2.0.202001021529/tools/bin/../lib/gcc/arm-none-eabi/9.2.1/thumb/v6-m/nofp/libcr_eabihelpers.a(division_idiv0.o)
 .data          0x0000000000000000        0x0 /usr/local/mcuxpressoide-11.2.0_4120/ide/plugins/com.nxp.mcuxpresso.tools.linux_11.2.0.202001021529/tools/bin/../lib/gcc/arm-none-eabi/9.2.1/thumb/v6-m/nofp/libcr_eabihelpers.a(division_idiv0.o)
 .bss           0x0000000000000000        0x0 /usr/local/mcuxpressoide-11.2.0_4120/ide/plugins/com.nxp.mcuxpresso.tools.linux_11.2.0.202001021529/tools/bin/../lib/gcc/arm-none-eabi/9.2.1/thumb/v6-m/nofp/libcr_eabihelpers.a(division_idiv0.o)

Memory Configuration

Name             Origin             Length             Attributes
MFlash64         0x0000000000000000 0x0000000000010000 xr
RamLoc16         0x0000000010000000 0x0000000000004000 xrw
*default*        0x0000000000000000 0xffffffffffffffff

Linker script and memory map

LOAD ./Primitivas/PR_7Seg.o
LOAD ./Primitivas/PR_ADC.o
LOAD ./Primitivas/PR_Leds.o
LOAD ./Primitivas/PR_TImers.o
LOAD ./Primitivas/PR_Teclado.o
LOAD ./Primitivas/PR_UART.o
LOAD ./Drivers/DR_7Seg.o
LOAD ./Drivers/DR_ADC.o
LOAD ./Drivers/DR_GPIO.o
LOAD ./Drivers/DR_Init.o
LOAD ./Drivers/DR_UART.o
LOAD ./Drivers/DR_teclado.o
LOAD ./Drivers/Systick.o
LOAD ./Aplicacion/PruebaSerie.o
LOAD ./Aplicacion/cr_startup_lpc84x.o
LOAD ./Aplicacion/crp.o
START GROUP
LOAD /usr/local/mcuxpressoide-11.2.0_4120/ide/plugins/com.nxp.mcuxpresso.tools.linux_11.2.0.202001021529/tools/bin/../lib/gcc/arm-none-eabi/9.2.1/../../../../arm-none-eabi/lib/thumb/v6-m/nofp/libcr_c.a
LOAD /usr/local/mcuxpressoide-11.2.0_4120/ide/plugins/com.nxp.mcuxpresso.tools.linux_11.2.0.202001021529/tools/bin/../lib/gcc/arm-none-eabi/9.2.1/thumb/v6-m/nofp/libcr_eabihelpers.a
LOAD /usr/local/mcuxpressoide-11.2.0_4120/ide/plugins/com.nxp.mcuxpresso.tools.linux_11.2.0.202001021529/tools/bin/../lib/gcc/arm-none-eabi/9.2.1/thumb/v6-m/nofp/libgcc.a
END GROUP
                0x0000000000000000                __base_MFlash64 = 0x0
                0x0000000000000000                __base_Flash = 0x0
                0x0000000000010000                __top_MFlash64 = 0x10000
                0x0000000000010000                __top_Flash = 0x10000
                0x0000000010000000                __base_RamLoc16 = 0x10000000
                0x0000000010000000                __base_RAM = 0x10000000
                0x0000000010004000                __top_RamLoc16 = 0x10004000
                0x0000000010004000                __top_RAM = 0x10004000

.text           0x0000000000000000      0xcb8
 FILL mask 0xff
                0x0000000000000000                __vectors_start__ = ABSOLUTE (.)
 *(.isr_vector)
 .isr_vector    0x0000000000000000       0xc0 ./Aplicacion/cr_startup_lpc84x.o
                0x0000000000000000                g_pfnVectors
                0x00000000000000c0                . = ALIGN (0x4)
                0x00000000000000c0                __section_table_start = .
                0x00000000000000c0                __data_section_table = .
                0x00000000000000c0        0x4 LONG 0xcb8 LOADADDR (.data)
                0x00000000000000c4        0x4 LONG 0x10000000 ADDR (.data)
                0x00000000000000c8        0x4 LONG 0x8 SIZEOF (.data)
                0x00000000000000cc                __data_section_table_end = .
                0x00000000000000cc                __bss_section_table = .
                0x00000000000000cc        0x4 LONG 0x10000008 ADDR (.bss)
                0x00000000000000d0        0x4 LONG 0xec SIZEOF (.bss)
                0x00000000000000d4                __bss_section_table_end = .
                0x00000000000000d4                __section_table_end = .
 *(.after_vectors*)
 .after_vectors
                0x00000000000000d4      0x118 ./Aplicacion/cr_startup_lpc84x.o
                0x00000000000000d4                data_init
                0x0000000000000116                bss_init
                0x000000000000014c                ResetISR
                0x00000000000001c8                NMI_Handler
                0x00000000000001ce                HardFault_Handler
                0x00000000000001d4                SVC_Handler
                0x00000000000001da                PendSV_Handler
                0x00000000000001e6                CMP_IRQHandler
                0x00000000000001e6                PININT7_IRQHandler
                0x00000000000001e6                I2C0_IRQHandler
                0x00000000000001e6                WKT_IRQHandler
                0x00000000000001e6                PININT2_IRQHandler
                0x00000000000001e6                PININT1_IRQHandler
                0x00000000000001e6                MRT_IRQHandler
                0x00000000000001e6                I2C1_IRQHandler
                0x00000000000001e6                UART1_IRQHandler
                0x00000000000001e6                ADC_SEQB_IRQHandler
                0x00000000000001e6                SPI1_IRQHandler
                0x00000000000001e6                IntDefaultHandler
                0x00000000000001e6                ADC_OVR_IRQHandler
                0x00000000000001e6                I2C2_IRQHandler
                0x00000000000001e6                PININT3_IRQHandler
                0x00000000000001e6                UART2_IRQHandler
                0x00000000000001e6                PININT5_IRQHandler
                0x00000000000001e6                PININT4_IRQHandler
                0x00000000000001e6                ADC_THCMP_IRQHandler
                0x00000000000001e6                PININT0_IRQHandler
                0x00000000000001e6                BOD_IRQHandler
                0x00000000000001e6                I2C3_IRQHandler
                0x00000000000001e6                SCT_IRQHandler
                0x00000000000001e6                WDT_IRQHandler
                0x00000000000001e6                FAIM_IRQHandler
                0x00000000000001e6                DAC0_IRQHandler
                0x00000000000001e6                PININT6_IRQHandler
                0x00000000000001e6                SPI0_IRQHandler
                0x00000000000001e6                DMA_IRQHandler
                0x00000000000001e6                FLASH_IRQHandler
                0x00000000000001e6                CTIMER0_IRQHandler
 *(.text*)
 .text.Display  0x00000000000001ec       0x8c ./Primitivas/PR_7Seg.o
                0x00000000000001ec                Display
 .text.LeerSensor
                0x0000000000000278       0x14 ./Primitivas/PR_ADC.o
                0x0000000000000278                LeerSensor
 .text.TimerEvent
                0x000000000000028c       0x5c ./Primitivas/PR_TImers.o
                0x000000000000028c                TimerEvent
 .text.Init7Segs
                0x00000000000002e8       0xa4 ./Drivers/DR_7Seg.o
                0x00000000000002e8                Init7Segs
 .text.BarridoDisplay
                0x000000000000038c       0xd8 ./Drivers/DR_7Seg.o
                0x000000000000038c                BarridoDisplay
 .text.InitADC  0x0000000000000464       0xbc ./Drivers/DR_ADC.o
                0x0000000000000464                InitADC
 .text.ADC_SEQA_IRQHandler
                0x0000000000000520       0x20 ./Drivers/DR_ADC.o
                0x0000000000000520                ADC_SEQA_IRQHandler
 .text.InitGPIO
                0x0000000000000540       0x78 ./Drivers/DR_GPIO.o
                0x0000000000000540                InitGPIO
 .text.SetDIR   0x00000000000005b8       0x7e ./Drivers/DR_GPIO.o
                0x00000000000005b8                SetDIR
 .text.SetPIN   0x0000000000000636       0x7e ./Drivers/DR_GPIO.o
                0x0000000000000636                SetPIN
 .text.GetPIN   0x00000000000006b4       0x3a ./Drivers/DR_GPIO.o
                0x00000000000006b4                GetPIN
 *fill*         0x00000000000006ee        0x2 ff
 .text.SetPINMODE_IN
                0x00000000000006f0       0x34 ./Drivers/DR_GPIO.o
                0x00000000000006f0                SetPINMODE_IN
 .text.SetPINMODE_OUT
                0x0000000000000724       0x4c ./Drivers/DR_GPIO.o
                0x0000000000000724                SetPINMODE_OUT
 .text.InitHw   0x0000000000000770       0x26 ./Drivers/DR_Init.o
                0x0000000000000770                InitHw
 *fill*         0x0000000000000796        0x2 ff
 .text.InitPLL  0x0000000000000798       0x88 ./Drivers/DR_Init.o
                0x0000000000000798                InitPLL
 .text.UART0_Init
                0x0000000000000820       0xac ./Drivers/DR_UART.o
                0x0000000000000820                UART0_Init
 .text.UART0_IRQHandler
                0x00000000000008cc       0x50 ./Drivers/DR_UART.o
                0x00000000000008cc                UART0_IRQHandler
 .text.PopTx    0x000000000000091c       0x58 ./Drivers/DR_UART.o
                0x000000000000091c                PopTx
 .text.PushRx   0x0000000000000974       0x40 ./Drivers/DR_UART.o
                0x0000000000000974                PushRx
 .text.DriverTecladoSW
                0x00000000000009b4       0x70 ./Drivers/DR_teclado.o
                0x00000000000009b4                DriverTecladoSW
 .text.DriverTecladoMatricialHW
                0x0000000000000a24       0x94 ./Drivers/DR_teclado.o
                0x0000000000000a24                DriverTecladoMatricialHW
 .text.InitTecladoMatricial
                0x0000000000000ab8       0x78 ./Drivers/DR_teclado.o
                0x0000000000000ab8                InitTecladoMatricial
 .text.SysTick_Handler
                0x0000000000000b30       0x28 ./Drivers/Systick.o
                0x0000000000000b30                SysTick_Handler
 .text.AnalizarTimers
                0x0000000000000b58       0x70 ./Drivers/Systick.o
                0x0000000000000b58                AnalizarTimers
 .text.InitSystick
                0x0000000000000bc8       0x28 ./Drivers/Systick.o
                0x0000000000000bc8                InitSystick
 .text.main     0x0000000000000bf0       0x44 ./Aplicacion/PruebaSerie.o
                0x0000000000000bf0                main
 .text.__weak_main
                0x0000000000000c34        0x8 /usr/local/mcuxpressoide-11.2.0_4120/ide/plugins/com.nxp.mcuxpresso.tools.linux_11.2.0.202001021529/tools/bin/../lib/gcc/arm-none-eabi/9.2.1/../../../../arm-none-eabi/lib/thumb/v6-m/nofp/libcr_c.a(__weak__main.o)
                0x0000000000000c34                __main
                0x0000000000000c34                __weak_main
 .text.__aeabi_division_idivmod
                0x0000000000000c3c       0x78 /usr/local/mcuxpressoide-11.2.0_4120/ide/plugins/com.nxp.mcuxpresso.tools.linux_11.2.0.202001021529/tools/bin/../lib/gcc/arm-none-eabi/9.2.1/thumb/v6-m/nofp/libcr_eabihelpers.a(division_32.o)
                0x0000000000000c3c                __aeabi_idiv
                0x0000000000000c3c                __aeabi_idivmod
                0x0000000000000c42                __aeabi_uidiv
                0x0000000000000c42                __aeabi_uidivmod
 .text.__aeabi_division_idiv0
                0x0000000000000cb4        0x2 /usr/local/mcuxpressoide-11.2.0_4120/ide/plugins/com.nxp.mcuxpresso.tools.linux_11.2.0.202001021529/tools/bin/../lib/gcc/arm-none-eabi/9.2.1/thumb/v6-m/nofp/libcr_eabihelpers.a(division_idiv0.o)
                0x0000000000000cb4                __aeabi_idiv0
 *(.rodata .rodata.* .constdata .constdata.*)
                0x0000000000000cb8                . = ALIGN (0x4)
 *fill*         0x0000000000000cb6        0x2 ff

.glue_7         0x0000000000000cb8        0x0
 .glue_7        0x0000000000000cb8        0x0 linker stubs

.glue_7t        0x0000000000000cb8        0x0
 .glue_7t       0x0000000000000cb8        0x0 linker stubs

.vfp11_veneer   0x0000000000000cb8        0x0
 .vfp11_veneer  0x0000000000000cb8        0x0 linker stubs

.v4_bx          0x0000000000000cb8        0x0
 .v4_bx         0x0000000000000cb8        0x0 linker stubs

.iplt           0x0000000000000cb8        0x0
 .iplt          0x0000000000000cb8        0x0 ./Primitivas/PR_7Seg.o

.rel.dyn        0x0000000000000cb8        0x0
 .rel.iplt      0x0000000000000cb8        0x0 ./Primitivas/PR_7Seg.o

.ARM.extab
 *(.ARM.extab* .gnu.linkonce.armextab.*)

.ARM.exidx      0x0000000000000cb8        0x0
                0x0000000000000cb8                __exidx_start = .
 *(.ARM.exidx* .gnu.linkonce.armexidx.*)
                0x0000000000000cb8                __exidx_end = .
                0x0000000000000cb8                _etext = .

.mtb_buffer_default
 *(.mtb*)

.uninit_RESERVED
                0x0000000010000000        0x0
                0x0000000010000000                _start_uninit_RESERVED = .
 *(.bss.$RESERVED*)
                0x0000000010000000                . = ALIGN (0x4)
                0x0000000010000000                _end_uninit_RESERVED = .

.data           0x0000000010000000        0x8 load address 0x0000000000000cb8
 FILL mask 0xff
                0x0000000010000000                _data = .
                [!provide]                        PROVIDE (__start_data_RAM = .)
                [!provide]                        PROVIDE (__start_data_RamLoc16 = .)
 *(vtable)
 *(.ramfunc*)
 *(CodeQuickAccess)
 *(DataQuickAccess)
 *(RamFunction)
 *(.data*)
 .data.fro_set_frec
                0x0000000010000000        0x4 ./Drivers/DR_Init.o
                0x0000000010000000                fro_set_frec
 .data.lastKey.3847
                0x0000000010000004        0x1 ./Drivers/DR_teclado.o
                0x0000000010000008                . = ALIGN (0x4)
 *fill*         0x0000000010000005        0x3 ff
                0x0000000010000008                _edata = .
                [!provide]                        PROVIDE (__end_data_RAM = .)
                [!provide]                        PROVIDE (__end_data_RamLoc16 = .)

.igot.plt       0x0000000010000008        0x0 load address 0x0000000000000cc0
 .igot.plt      0x0000000010000008        0x0 ./Primitivas/PR_7Seg.o

.bss            0x0000000010000008       0xec
                0x0000000010000008                _bss = .
                [!provide]                        PROVIDE (__start_bss_RAM = .)
                [!provide]                        PROVIDE (__start_bss_RamLoc16 = .)
 *(.bss*)
 .bss.HandlersTimer
                0x0000000010000008       0x40 ./Primitivas/PR_TImers.o
                0x0000000010000008                HandlersTimer
 .bss.display   0x0000000010000048        0x6 ./Drivers/DR_7Seg.o
                0x0000000010000048                display
 .bss.digito.3848
                0x000000001000004e        0x1 ./Drivers/DR_7Seg.o
 *fill*         0x000000001000004f        0x1 
 .bss.resultadoADC
                0x0000000010000050        0x4 ./Drivers/DR_ADC.o
                0x0000000010000050                resultadoADC
 .bss.buf_tx    0x0000000010000054       0x20 ./Drivers/DR_UART.o
                0x0000000010000054                buf_tx
 .bss.buf_rx    0x0000000010000074       0x20 ./Drivers/DR_UART.o
                0x0000000010000074                buf_rx
 .bss.in_tx     0x0000000010000094        0x4 ./Drivers/DR_UART.o
                0x0000000010000094                in_tx
 .bss.out_tx    0x0000000010000098        0x4 ./Drivers/DR_UART.o
                0x0000000010000098                out_tx
 .bss.in_rx     0x000000001000009c        0x4 ./Drivers/DR_UART.o
                0x000000001000009c                in_rx
 .bss.Tecla     0x00000000100000a0        0x1 ./Drivers/DR_teclado.o
                0x00000000100000a0                Tecla
 .bss.cont.3848
                0x00000000100000a1        0x1 ./Drivers/DR_teclado.o
 *fill*         0x00000000100000a2        0x2 
 .bss.flagsT    0x00000000100000a4       0x10 ./Drivers/Systick.o
                0x00000000100000a4                flagsT
 .bss.timers    0x00000000100000b4       0x40 ./Drivers/Systick.o
                0x00000000100000b4                timers
 *(COMMON)
                0x00000000100000f4                . = ALIGN (0x4)
                0x00000000100000f4                _ebss = .
                [!provide]                        PROVIDE (__end_bss_RAM = .)
                [!provide]                        PROVIDE (__end_bss_RamLoc16 = .)
                [!provide]                        PROVIDE (end = .)

.noinit         0x00000000100000f4        0x0
                0x00000000100000f4                _noinit = .
                [!provide]                        PROVIDE (__start_noinit_RAM = .)
                [!provide]                        PROVIDE (__start_noinit_RamLoc16 = .)
 *(.noinit*)
                0x00000000100000f4                . = ALIGN (0x4)
                0x00000000100000f4                _end_noinit = .
                [!provide]                        PROVIDE (__end_noinit_RAM = .)
                [!provide]                        PROVIDE (__end_noinit_RamLoc16 = .)
                [!provide]                        PROVIDE (_pvHeapStart = DEFINED (__user_heap_base)?__user_heap_base:.)
                0x0000000010004000                PROVIDE (_vStackTop = DEFINED (__user_stack_top)?__user_stack_top:(__top_RamLoc16 - 0x0))
                0xffffffffefffbb1b                PROVIDE (__valid_user_code_checksum = (0x0 - (((_vStackTop + (ResetISR + 0x1)) + (DEFINED (NMI_Handler)?NMI_Handler:M0_NMI_Handler + 0x1)) + (DEFINED (HardFault_Handler)?HardFault_Handler:M0_HardFault_Handler + 0x1))))
                0x0000000000000000                _image_start = LOADADDR (.text)
                0x0000000000000cc0                _image_end = (LOADADDR (.data) + SIZEOF (.data))
                0x0000000000000cc0                _image_size = (_image_end - _image_start)
OUTPUT(SerieBuffers.axf elf32-littlearm)

.debug_info     0x0000000000000000     0x2791
 .debug_info    0x0000000000000000       0xd5 ./Primitivas/PR_7Seg.o
 .debug_info    0x00000000000000d5       0x82 ./Primitivas/PR_ADC.o
 .debug_info    0x0000000000000157      0x212 ./Primitivas/PR_TImers.o
 .debug_info    0x0000000000000369       0xd3 ./Drivers/DR_7Seg.o
 .debug_info    0x000000000000043c      0x6c3 ./Drivers/DR_ADC.o
 .debug_info    0x0000000000000aff      0x862 ./Drivers/DR_GPIO.o
 .debug_info    0x0000000000001361      0x617 ./Drivers/DR_Init.o
 .debug_info    0x0000000000001978      0x781 ./Drivers/DR_UART.o
 .debug_info    0x00000000000020f9      0x10a ./Drivers/DR_teclado.o
 .debug_info    0x0000000000002203      0x1b8 ./Drivers/Systick.o
 .debug_info    0x00000000000023bb      0x1b5 ./Aplicacion/PruebaSerie.o
 .debug_info    0x0000000000002570      0x221 ./Aplicacion/cr_startup_lpc84x.o

.debug_abbrev   0x0000000000000000      0xc24
 .debug_abbrev  0x0000000000000000       0xae ./Primitivas/PR_7Seg.o
 .debug_abbrev  0x00000000000000ae       0x6b ./Primitivas/PR_ADC.o
 .debug_abbrev  0x0000000000000119      0x121 ./Primitivas/PR_TImers.o
 .debug_abbrev  0x000000000000023a       0xc8 ./Drivers/DR_7Seg.o
 .debug_abbrev  0x0000000000000302      0x123 ./Drivers/DR_ADC.o
 .debug_abbrev  0x0000000000000425      0x14e ./Drivers/DR_GPIO.o
 .debug_abbrev  0x0000000000000573      0x114 ./Drivers/DR_Init.o
 .debug_abbrev  0x0000000000000687      0x1d3 ./Drivers/DR_UART.o
 .debug_abbrev  0x000000000000085a       0xd0 ./Drivers/DR_teclado.o
 .debug_abbrev  0x000000000000092a      0x118 ./Drivers/Systick.o
 .debug_abbrev  0x0000000000000a42       0xdc ./Aplicacion/PruebaSerie.o
 .debug_abbrev  0x0000000000000b1e      0x106 ./Aplicacion/cr_startup_lpc84x.o

.debug_aranges  0x0000000000000000      0x278
 .debug_aranges
                0x0000000000000000       0x20 ./Primitivas/PR_7Seg.o
 .debug_aranges
                0x0000000000000020       0x20 ./Primitivas/PR_ADC.o
 .debug_aranges
                0x0000000000000040       0x48 ./Primitivas/PR_TImers.o
 .debug_aranges
                0x0000000000000088       0x28 ./Drivers/DR_7Seg.o
 .debug_aranges
                0x00000000000000b0       0x28 ./Drivers/DR_ADC.o
 .debug_aranges
                0x00000000000000d8       0x48 ./Drivers/DR_GPIO.o
 .debug_aranges
                0x0000000000000120       0x28 ./Drivers/DR_Init.o
 .debug_aranges
                0x0000000000000148       0x48 ./Drivers/DR_UART.o
 .debug_aranges
                0x0000000000000190       0x38 ./Drivers/DR_teclado.o
 .debug_aranges
                0x00000000000001c8       0x30 ./Drivers/Systick.o
 .debug_aranges
                0x00000000000001f8       0x20 ./Aplicacion/PruebaSerie.o
 .debug_aranges
                0x0000000000000218       0x60 ./Aplicacion/cr_startup_lpc84x.o

.debug_ranges   0x0000000000000000      0x1b8
 .debug_ranges  0x0000000000000000       0x10 ./Primitivas/PR_7Seg.o
 .debug_ranges  0x0000000000000010       0x10 ./Primitivas/PR_ADC.o
 .debug_ranges  0x0000000000000020       0x38 ./Primitivas/PR_TImers.o
 .debug_ranges  0x0000000000000058       0x18 ./Drivers/DR_7Seg.o
 .debug_ranges  0x0000000000000070       0x18 ./Drivers/DR_ADC.o
 .debug_ranges  0x0000000000000088       0x38 ./Drivers/DR_GPIO.o
 .debug_ranges  0x00000000000000c0       0x18 ./Drivers/DR_Init.o
 .debug_ranges  0x00000000000000d8       0x38 ./Drivers/DR_UART.o
 .debug_ranges  0x0000000000000110       0x28 ./Drivers/DR_teclado.o
 .debug_ranges  0x0000000000000138       0x20 ./Drivers/Systick.o
 .debug_ranges  0x0000000000000158       0x10 ./Aplicacion/PruebaSerie.o
 .debug_ranges  0x0000000000000168       0x50 ./Aplicacion/cr_startup_lpc84x.o

.debug_macro    0x0000000000000000     0x1420
 .debug_macro   0x0000000000000000       0x42 ./Primitivas/PR_7Seg.o
 .debug_macro   0x0000000000000042      0xa96 ./Primitivas/PR_7Seg.o
 .debug_macro   0x0000000000000ad8      0x321 ./Primitivas/PR_7Seg.o
 .debug_macro   0x0000000000000df9       0x2e ./Primitivas/PR_7Seg.o
 .debug_macro   0x0000000000000e27       0x52 ./Primitivas/PR_7Seg.o
 .debug_macro   0x0000000000000e79       0x2e ./Primitivas/PR_ADC.o
 .debug_macro   0x0000000000000ea7       0x6e ./Primitivas/PR_TImers.o
 .debug_macro   0x0000000000000f15       0x7c ./Primitivas/PR_TImers.o
 .debug_macro   0x0000000000000f91       0x58 ./Primitivas/PR_TImers.o
 .debug_macro   0x0000000000000fe9       0x1c ./Primitivas/PR_TImers.o
 .debug_macro   0x0000000000001005       0x3c ./Drivers/DR_7Seg.o
 .debug_macro   0x0000000000001041       0x24 ./Drivers/DR_ADC.o
 .debug_macro   0x0000000000001065       0x2d ./Drivers/DR_GPIO.o
 .debug_macro   0x0000000000001092       0x9f ./Drivers/DR_Init.o
 .debug_macro   0x0000000000001131       0x10 ./Drivers/DR_Init.o
 .debug_macro   0x0000000000001141       0x28 ./Drivers/DR_Init.o
 .debug_macro   0x0000000000001169       0x22 ./Drivers/DR_Init.o
 .debug_macro   0x000000000000118b       0x29 ./Drivers/DR_UART.o
 .debug_macro   0x00000000000011b4       0x3c ./Drivers/DR_teclado.o
 .debug_macro   0x00000000000011f0       0x76 ./Drivers/DR_teclado.o
 .debug_macro   0x0000000000001266       0x63 ./Drivers/Systick.o
 .debug_macro   0x00000000000012c9       0xb8 ./Aplicacion/PruebaSerie.o
 .debug_macro   0x0000000000001381       0x82 ./Aplicacion/PruebaSerie.o
 .debug_macro   0x0000000000001403       0x1d ./Aplicacion/cr_startup_lpc84x.o

.debug_line     0x0000000000000000     0x117b
 .debug_line    0x0000000000000000       0xfd ./Primitivas/PR_7Seg.o
 .debug_line    0x00000000000000fd       0xbb ./Primitivas/PR_ADC.o
 .debug_line    0x00000000000001b8      0x1fc ./Primitivas/PR_TImers.o
 .debug_line    0x00000000000003b4      0x13c ./Drivers/DR_7Seg.o
 .debug_line    0x00000000000004f0       0xd4 ./Drivers/DR_ADC.o
 .debug_line    0x00000000000005c4      0x19a ./Drivers/DR_GPIO.o
 .debug_line    0x000000000000075e      0x1d7 ./Drivers/DR_Init.o
 .debug_line    0x0000000000000935      0x16d ./Drivers/DR_UART.o
 .debug_line    0x0000000000000aa2      0x1a7 ./Drivers/DR_teclado.o
 .debug_line    0x0000000000000c49      0x1b7 ./Drivers/Systick.o
 .debug_line    0x0000000000000e00      0x241 ./Aplicacion/PruebaSerie.o
 .debug_line    0x0000000000001041      0x13a ./Aplicacion/cr_startup_lpc84x.o

.debug_str      0x0000000000000000     0x4bd8
 .debug_str     0x0000000000000000     0x3c2e ./Primitivas/PR_7Seg.o
                                       0x3c82 (size before relaxing)
 .debug_str     0x0000000000003c2e       0x45 ./Primitivas/PR_ADC.o
                                       0x3a99 (size before relaxing)
 .debug_str     0x0000000000003c73      0x21d ./Primitivas/PR_TImers.o
                                       0x3e5b (size before relaxing)
 .debug_str     0x0000000000003e90       0x35 ./Drivers/DR_7Seg.o
                                       0x3c6a (size before relaxing)
 .debug_str     0x0000000000003ec5      0x3d6 ./Drivers/DR_ADC.o
                                       0x3e4f (size before relaxing)
 .debug_str     0x000000000000429b       0xab ./Drivers/DR_GPIO.o
                                       0x3e5d (size before relaxing)
 .debug_str     0x0000000000004346      0x104 ./Drivers/DR_Init.o
                                       0x41da (size before relaxing)
 .debug_str     0x000000000000444a       0xac ./Drivers/DR_UART.o
                                       0x3e74 (size before relaxing)
 .debug_str     0x00000000000044f6       0x73 ./Drivers/DR_teclado.o
                                       0x3c46 (size before relaxing)
 .debug_str     0x0000000000004569       0x54 ./Drivers/Systick.o
                                       0x3df4 (size before relaxing)
 .debug_str     0x00000000000045bd      0x499 ./Aplicacion/PruebaSerie.o
                                       0x4366 (size before relaxing)
 .debug_str     0x0000000000004a56      0x182 ./Aplicacion/cr_startup_lpc84x.o
                                       0x2f16 (size before relaxing)

.comment        0x0000000000000000       0x79
 .comment       0x0000000000000000       0x79 ./Primitivas/PR_7Seg.o
                                         0x7a (size before relaxing)
 .comment       0x0000000000000079       0x7a ./Primitivas/PR_ADC.o
 .comment       0x0000000000000079       0x7a ./Primitivas/PR_TImers.o
 .comment       0x0000000000000079       0x7a ./Drivers/DR_7Seg.o
 .comment       0x0000000000000079       0x7a ./Drivers/DR_ADC.o
 .comment       0x0000000000000079       0x7a ./Drivers/DR_GPIO.o
 .comment       0x0000000000000079       0x7a ./Drivers/DR_Init.o
 .comment       0x0000000000000079       0x7a ./Drivers/DR_UART.o
 .comment       0x0000000000000079       0x7a ./Drivers/DR_teclado.o
 .comment       0x0000000000000079       0x7a ./Drivers/Systick.o
 .comment       0x0000000000000079       0x7a ./Aplicacion/PruebaSerie.o
 .comment       0x0000000000000079       0x7a ./Aplicacion/cr_startup_lpc84x.o
 .comment       0x0000000000000079       0x7a /usr/local/mcuxpressoide-11.2.0_4120/ide/plugins/com.nxp.mcuxpresso.tools.linux_11.2.0.202001021529/tools/bin/../lib/gcc/arm-none-eabi/9.2.1/../../../../arm-none-eabi/lib/thumb/v6-m/nofp/libcr_c.a(__weak__main.o)

.ARM.attributes
                0x0000000000000000       0x2a
 .ARM.attributes
                0x0000000000000000       0x2c ./Primitivas/PR_7Seg.o
 .ARM.attributes
                0x000000000000002c       0x2c ./Primitivas/PR_ADC.o
 .ARM.attributes
                0x0000000000000058       0x2c ./Primitivas/PR_TImers.o
 .ARM.attributes
                0x0000000000000084       0x2c ./Drivers/DR_7Seg.o
 .ARM.attributes
                0x00000000000000b0       0x2c ./Drivers/DR_ADC.o
 .ARM.attributes
                0x00000000000000dc       0x2c ./Drivers/DR_GPIO.o
 .ARM.attributes
                0x0000000000000108       0x2c ./Drivers/DR_Init.o
 .ARM.attributes
                0x0000000000000134       0x2c ./Drivers/DR_UART.o
 .ARM.attributes
                0x0000000000000160       0x2c ./Drivers/DR_teclado.o
 .ARM.attributes
                0x000000000000018c       0x2c ./Drivers/Systick.o
 .ARM.attributes
                0x00000000000001b8       0x2c ./Aplicacion/PruebaSerie.o
 .ARM.attributes
                0x00000000000001e4       0x2c ./Aplicacion/cr_startup_lpc84x.o
 .ARM.attributes
                0x0000000000000210       0x2c /usr/local/mcuxpressoide-11.2.0_4120/ide/plugins/com.nxp.mcuxpresso.tools.linux_11.2.0.202001021529/tools/bin/../lib/gcc/arm-none-eabi/9.2.1/../../../../arm-none-eabi/lib/thumb/v6-m/nofp/libcr_c.a(__weak__main.o)
 .ARM.attributes
                0x000000000000023c       0x1c /usr/local/mcuxpressoide-11.2.0_4120/ide/plugins/com.nxp.mcuxpresso.tools.linux_11.2.0.202001021529/tools/bin/../lib/gcc/arm-none-eabi/9.2.1/thumb/v6-m/nofp/libcr_eabihelpers.a(division_32.o)
 .ARM.attributes
                0x0000000000000258       0x1c /usr/local/mcuxpressoide-11.2.0_4120/ide/plugins/com.nxp.mcuxpresso.tools.linux_11.2.0.202001021529/tools/bin/../lib/gcc/arm-none-eabi/9.2.1/thumb/v6-m/nofp/libcr_eabihelpers.a(division_idiv0.o)

.debug_frame    0x0000000000000000      0x5cc
 .debug_frame   0x0000000000000000       0x30 ./Primitivas/PR_7Seg.o
 .debug_frame   0x0000000000000030       0x2c ./Primitivas/PR_ADC.o
 .debug_frame   0x000000000000005c       0xc4 ./Primitivas/PR_TImers.o
 .debug_frame   0x0000000000000120       0x4c ./Drivers/DR_7Seg.o
 .debug_frame   0x000000000000016c       0x48 ./Drivers/DR_ADC.o
 .debug_frame   0x00000000000001b4       0xcc ./Drivers/DR_GPIO.o
 .debug_frame   0x0000000000000280       0x48 ./Drivers/DR_Init.o
 .debug_frame   0x00000000000002c8       0xcc ./Drivers/DR_UART.o
 .debug_frame   0x0000000000000394       0x84 ./Drivers/DR_teclado.o
 .debug_frame   0x0000000000000418       0x6c ./Drivers/Systick.o
 .debug_frame   0x0000000000000484       0x30 ./Aplicacion/PruebaSerie.o
 .debug_frame   0x00000000000004b4      0x118 ./Aplicacion/cr_startup_lpc84x.o

Cross Reference Table

Symbol                                            File
ADC_OVR_IRQHandler                                ./Aplicacion/cr_startup_lpc84x.o
ADC_SEQA_IRQHandler                               ./Drivers/DR_ADC.o
ADC_SEQB_IRQHandler                               ./Aplicacion/cr_startup_lpc84x.o
ADC_THCMP_IRQHandler                              ./Aplicacion/cr_startup_lpc84x.o
AnalizarTimers                                    ./Drivers/Systick.o
BOD_IRQHandler                                    ./Aplicacion/cr_startup_lpc84x.o
BarridoDisplay                                    ./Drivers/DR_7Seg.o
                                                  ./Drivers/Systick.o
CMP_IRQHandler                                    ./Aplicacion/cr_startup_lpc84x.o
CRP_WORD                                          ./Aplicacion/crp.o
CTIMER0_IRQHandler                                ./Aplicacion/cr_startup_lpc84x.o
DAC0_IRQHandler                                   ./Aplicacion/cr_startup_lpc84x.o
DMA_IRQHandler                                    ./Aplicacion/cr_startup_lpc84x.o
Display                                           ./Primitivas/PR_7Seg.o
                                                  ./Aplicacion/PruebaSerie.o
DriverTecladoHW                                   ./Drivers/DR_teclado.o
DriverTecladoMatricialHW                          ./Drivers/DR_teclado.o
DriverTecladoSW                                   ./Drivers/DR_teclado.o
                                                  ./Drivers/Systick.o
FAIM_IRQHandler                                   ./Aplicacion/cr_startup_lpc84x.o
FLASH_IRQHandler                                  ./Aplicacion/cr_startup_lpc84x.o
GetPIN                                            ./Drivers/DR_GPIO.o
                                                  ./Drivers/DR_teclado.o
                                                  ./Primitivas/PR_Leds.o
HandlerT0                                         ./Primitivas/PR_TImers.o
HandlerT1                                         ./Primitivas/PR_TImers.o
HandlerT2                                         ./Primitivas/PR_TImers.o
HandlersTimer                                     ./Primitivas/PR_TImers.o
HardFault_Handler                                 ./Aplicacion/cr_startup_lpc84x.o
I2C0_IRQHandler                                   ./Aplicacion/cr_startup_lpc84x.o
I2C1_IRQHandler                                   ./Aplicacion/cr_startup_lpc84x.o
I2C2_IRQHandler                                   ./Aplicacion/cr_startup_lpc84x.o
I2C3_IRQHandler                                   ./Aplicacion/cr_startup_lpc84x.o
Init7Segs                                         ./Drivers/DR_7Seg.o
                                                  ./Drivers/DR_Init.o
InitADC                                           ./Drivers/DR_ADC.o
                                                  ./Drivers/DR_Init.o
InitGPIO                                          ./Drivers/DR_GPIO.o
                                                  ./Drivers/DR_Init.o
InitHw                                            ./Drivers/DR_Init.o
                                                  ./Aplicacion/PruebaSerie.o
InitPLL                                           ./Drivers/DR_Init.o
InitSystick                                       ./Drivers/Systick.o
                                                  ./Drivers/DR_Init.o
InitTecladoMatricial                              ./Drivers/DR_teclado.o
                                                  ./Drivers/DR_Init.o
IntDefaultHandler                                 ./Aplicacion/cr_startup_lpc84x.o
LED_OFF                                           ./Primitivas/PR_Leds.o
LED_ON                                            ./Primitivas/PR_Leds.o
Leds                                              ./Primitivas/PR_Leds.o
LeerSensor                                        ./Primitivas/PR_ADC.o
                                                  ./Aplicacion/PruebaSerie.o
MRT_IRQHandler                                    ./Aplicacion/cr_startup_lpc84x.o
NMI_Handler                                       ./Aplicacion/cr_startup_lpc84x.o
PININT0_IRQHandler                                ./Aplicacion/cr_startup_lpc84x.o
PININT1_IRQHandler                                ./Aplicacion/cr_startup_lpc84x.o
PININT2_IRQHandler                                ./Aplicacion/cr_startup_lpc84x.o
PININT3_IRQHandler                                ./Aplicacion/cr_startup_lpc84x.o
PININT4_IRQHandler                                ./Aplicacion/cr_startup_lpc84x.o
PININT5_IRQHandler                                ./Aplicacion/cr_startup_lpc84x.o
PININT6_IRQHandler                                ./Aplicacion/cr_startup_lpc84x.o
PININT7_IRQHandler                                ./Aplicacion/cr_startup_lpc84x.o
PendSV_Handler                                    ./Aplicacion/cr_startup_lpc84x.o
PopRx                                             ./Drivers/DR_UART.o
                                                  ./Primitivas/PR_UART.o
PopTx                                             ./Drivers/DR_UART.o
PushRx                                            ./Drivers/DR_UART.o
PushTx                                            ./Drivers/DR_UART.o
                                                  ./Primitivas/PR_UART.o
RecibirSerie                                      ./Primitivas/PR_UART.o
ResetISR                                          ./Aplicacion/cr_startup_lpc84x.o
SCT_IRQHandler                                    ./Aplicacion/cr_startup_lpc84x.o
SPI0_IRQHandler                                   ./Aplicacion/cr_startup_lpc84x.o
SPI1_IRQHandler                                   ./Aplicacion/cr_startup_lpc84x.o
SVC_Handler                                       ./Aplicacion/cr_startup_lpc84x.o
SetDIR                                            ./Drivers/DR_GPIO.o
                                                  ./Drivers/DR_teclado.o
                                                  ./Drivers/DR_7Seg.o
SetPIN                                            ./Drivers/DR_GPIO.o
                                                  ./Drivers/DR_teclado.o
                                                  ./Drivers/DR_7Seg.o
                                                  ./Primitivas/PR_Leds.o
SetPINMODE_IN                                     ./Drivers/DR_GPIO.o
                                                  ./Drivers/DR_teclado.o
                                                  ./Drivers/DR_7Seg.o
SetPINMODE_OUT                                    ./Drivers/DR_GPIO.o
SwapEstadoLed                                     ./Primitivas/PR_Leds.o
SysTick_Handler                                   ./Drivers/Systick.o
Tecla                                             ./Drivers/DR_teclado.o
                                                  ./Primitivas/PR_Teclado.o
TimerEvent                                        ./Primitivas/PR_TImers.o
                                                  ./Aplicacion/PruebaSerie.o
TimerStart                                        ./Primitivas/PR_TImers.o
TimerStop                                         ./Primitivas/PR_TImers.o
TransmitirByte                                    ./Primitivas/PR_UART.o
TransmitirMsg                                     ./Primitivas/PR_UART.o
UART0_IRQHandler                                  ./Drivers/DR_UART.o
UART0_Init                                        ./Drivers/DR_UART.o
                                                  ./Drivers/DR_Init.o
UART1_IRQHandler                                  ./Aplicacion/cr_startup_lpc84x.o
UART2_IRQHandler                                  ./Aplicacion/cr_startup_lpc84x.o
WDT_IRQHandler                                    ./Aplicacion/cr_startup_lpc84x.o
WKT_IRQHandler                                    ./Aplicacion/cr_startup_lpc84x.o
__aeabi_idiv                                      /usr/local/mcuxpressoide-11.2.0_4120/ide/plugins/com.nxp.mcuxpresso.tools.linux_11.2.0.202001021529/tools/bin/../lib/gcc/arm-none-eabi/9.2.1/thumb/v6-m/nofp/libcr_eabihelpers.a(division_32.o)
__aeabi_idiv0                                     /usr/local/mcuxpressoide-11.2.0_4120/ide/plugins/com.nxp.mcuxpresso.tools.linux_11.2.0.202001021529/tools/bin/../lib/gcc/arm-none-eabi/9.2.1/thumb/v6-m/nofp/libcr_eabihelpers.a(division_idiv0.o)
                                                  /usr/local/mcuxpressoide-11.2.0_4120/ide/plugins/com.nxp.mcuxpresso.tools.linux_11.2.0.202001021529/tools/bin/../lib/gcc/arm-none-eabi/9.2.1/thumb/v6-m/nofp/libcr_eabihelpers.a(division_32.o)
__aeabi_idivmod                                   /usr/local/mcuxpressoide-11.2.0_4120/ide/plugins/com.nxp.mcuxpresso.tools.linux_11.2.0.202001021529/tools/bin/../lib/gcc/arm-none-eabi/9.2.1/thumb/v6-m/nofp/libcr_eabihelpers.a(division_32.o)
__aeabi_uidiv                                     /usr/local/mcuxpressoide-11.2.0_4120/ide/plugins/com.nxp.mcuxpresso.tools.linux_11.2.0.202001021529/tools/bin/../lib/gcc/arm-none-eabi/9.2.1/thumb/v6-m/nofp/libcr_eabihelpers.a(division_32.o)
                                                  ./Aplicacion/PruebaSerie.o
                                                  ./Primitivas/PR_7Seg.o
__aeabi_uidivmod                                  /usr/local/mcuxpressoide-11.2.0_4120/ide/plugins/com.nxp.mcuxpresso.tools.linux_11.2.0.202001021529/tools/bin/../lib/gcc/arm-none-eabi/9.2.1/thumb/v6-m/nofp/libcr_eabihelpers.a(division_32.o)
                                                  ./Aplicacion/PruebaSerie.o
                                                  ./Drivers/DR_7Seg.o
                                                  ./Primitivas/PR_7Seg.o
__bss_section_table_end                           ./Aplicacion/cr_startup_lpc84x.o
__data_section_table                              ./Aplicacion/cr_startup_lpc84x.o
__data_section_table_end                          ./Aplicacion/cr_startup_lpc84x.o
__main                                            /usr/local/mcuxpressoide-11.2.0_4120/ide/plugins/com.nxp.mcuxpresso.tools.linux_11.2.0.202001021529/tools/bin/../lib/gcc/arm-none-eabi/9.2.1/../../../../arm-none-eabi/lib/thumb/v6-m/nofp/libcr_c.a(__weak__main.o)
                                                  ./Aplicacion/cr_startup_lpc84x.o
__valid_user_code_checksum                        ./Aplicacion/cr_startup_lpc84x.o
__weak_main                                       /usr/local/mcuxpressoide-11.2.0_4120/ide/plugins/com.nxp.mcuxpresso.tools.linux_11.2.0.202001021529/tools/bin/../lib/gcc/arm-none-eabi/9.2.1/../../../../arm-none-eabi/lib/thumb/v6-m/nofp/libcr_c.a(__weak__main.o)
_vStackTop                                        ./Aplicacion/cr_startup_lpc84x.o
bss_init                                          ./Aplicacion/cr_startup_lpc84x.o
buf_rx                                            ./Drivers/DR_UART.o
buf_tx                                            ./Drivers/DR_UART.o
data_init                                         ./Aplicacion/cr_startup_lpc84x.o
display                                           ./Drivers/DR_7Seg.o
                                                  ./Primitivas/PR_7Seg.o
flagT0                                            ./Primitivas/PR_TImers.o
flagT1                                            ./Primitivas/PR_TImers.o
flagT2                                            ./Primitivas/PR_TImers.o
flagsT                                            ./Drivers/Systick.o
                                                  ./Primitivas/PR_TImers.o
fro_set_frec                                      ./Drivers/DR_Init.o
g_pfnVectors                                      ./Aplicacion/cr_startup_lpc84x.o
getKey                                            ./Primitivas/PR_Teclado.o
in_rx                                             ./Drivers/DR_UART.o
in_tx                                             ./Drivers/DR_UART.o
main                                              ./Aplicacion/PruebaSerie.o
                                                  /usr/local/mcuxpressoide-11.2.0_4120/ide/plugins/com.nxp.mcuxpresso.tools.linux_11.2.0.202001021529/tools/bin/../lib/gcc/arm-none-eabi/9.2.1/../../../../arm-none-eabi/lib/thumb/v6-m/nofp/libcr_c.a(__weak__main.o)
mensaje                                           ./Aplicacion/PruebaSerie.o
out_rx                                            ./Drivers/DR_UART.o
out_tx                                            ./Drivers/DR_UART.o
primerDato                                        ./Drivers/DR_UART.o
resultadoADC                                      ./Drivers/DR_ADC.o
                                                  ./Primitivas/PR_ADC.o
timers                                            ./Drivers/Systick.o
                                                  ./Primitivas/PR_TImers.o
