Archive member included to satisfy reference by file (symbol)

/usr/local/mcuxpressoide-11.5.1_7266/ide/plugins/com.nxp.mcuxpresso.tools.linux_11.5.1.202201181444/tools/bin/../lib/gcc/arm-none-eabi/10.3.1/../../../../arm-none-eabi/lib/thumb/v6-m/nofp/libcr_c.a(__weak__main.o)
                              ./Aplicacion/cr_startup_lpc84x.o (__main)

Discarded input sections

 .group         0x0000000000000000        0xc ./Primitivas/PR_Leds.o
 .group         0x0000000000000000        0xc ./Primitivas/PR_Leds.o
 .group         0x0000000000000000        0xc ./Primitivas/PR_Leds.o
 .group         0x0000000000000000        0xc ./Primitivas/PR_Leds.o
 .text          0x0000000000000000        0x0 ./Primitivas/PR_Leds.o
 .data          0x0000000000000000        0x0 ./Primitivas/PR_Leds.o
 .bss           0x0000000000000000        0x0 ./Primitivas/PR_Leds.o
 .text.LED_ON   0x0000000000000000       0x1c ./Primitivas/PR_Leds.o
 .text.Leds     0x0000000000000000       0x74 ./Primitivas/PR_Leds.o
 .group         0x0000000000000000        0xc ./Primitivas/PR_TImers.o
 .group         0x0000000000000000        0xc ./Primitivas/PR_TImers.o
 .group         0x0000000000000000        0xc ./Primitivas/PR_TImers.o
 .text          0x0000000000000000        0x0 ./Primitivas/PR_TImers.o
 .data          0x0000000000000000        0x0 ./Primitivas/PR_TImers.o
 .bss           0x0000000000000000        0x0 ./Primitivas/PR_TImers.o
 .text.TimerStop
                0x0000000000000000       0x34 ./Primitivas/PR_TImers.o
 .debug_macro   0x0000000000000000      0xa66 ./Primitivas/PR_TImers.o
 .debug_macro   0x0000000000000000      0x313 ./Primitivas/PR_TImers.o
 .group         0x0000000000000000        0xc ./Drivers/DR_GPIO.o
 .group         0x0000000000000000        0xc ./Drivers/DR_GPIO.o
 .group         0x0000000000000000        0xc ./Drivers/DR_GPIO.o
 .text          0x0000000000000000        0x0 ./Drivers/DR_GPIO.o
 .data          0x0000000000000000        0x0 ./Drivers/DR_GPIO.o
 .bss           0x0000000000000000        0x0 ./Drivers/DR_GPIO.o
 .text.SetPINMODE_IN
                0x0000000000000000       0x34 ./Drivers/DR_GPIO.o
 .debug_macro   0x0000000000000000      0xa66 ./Drivers/DR_GPIO.o
 .debug_macro   0x0000000000000000      0x313 ./Drivers/DR_GPIO.o
 .debug_macro   0x0000000000000000       0x2e ./Drivers/DR_GPIO.o
 .group         0x0000000000000000        0xc ./Drivers/DR_Init.o
 .group         0x0000000000000000        0xc ./Drivers/DR_Init.o
 .group         0x0000000000000000        0xc ./Drivers/DR_Init.o
 .group         0x0000000000000000        0xc ./Drivers/DR_Init.o
 .group         0x0000000000000000        0xc ./Drivers/DR_Init.o
 .group         0x0000000000000000        0xc ./Drivers/DR_Init.o
 .text          0x0000000000000000        0x0 ./Drivers/DR_Init.o
 .data          0x0000000000000000        0x0 ./Drivers/DR_Init.o
 .bss           0x0000000000000000        0x0 ./Drivers/DR_Init.o
 .debug_macro   0x0000000000000000      0xa66 ./Drivers/DR_Init.o
 .debug_macro   0x0000000000000000      0x313 ./Drivers/DR_Init.o
 .debug_macro   0x0000000000000000       0x2e ./Drivers/DR_Init.o
 .debug_macro   0x0000000000000000       0x22 ./Drivers/DR_Init.o
 .debug_macro   0x0000000000000000       0x1c ./Drivers/DR_Init.o
 .group         0x0000000000000000        0xc ./Drivers/DR_Systick.o
 .group         0x0000000000000000        0xc ./Drivers/DR_Systick.o
 .text          0x0000000000000000        0x0 ./Drivers/DR_Systick.o
 .data          0x0000000000000000        0x0 ./Drivers/DR_Systick.o
 .bss           0x0000000000000000        0x0 ./Drivers/DR_Systick.o
 .debug_macro   0x0000000000000000      0xa66 ./Drivers/DR_Systick.o
 .debug_macro   0x0000000000000000      0x313 ./Drivers/DR_Systick.o
 .group         0x0000000000000000        0xc ./Aplicacion/SystickCompleto.o
 .group         0x0000000000000000        0xc ./Aplicacion/SystickCompleto.o
 .group         0x0000000000000000        0xc ./Aplicacion/SystickCompleto.o
 .group         0x0000000000000000        0xc ./Aplicacion/SystickCompleto.o
 .group         0x0000000000000000        0xc ./Aplicacion/SystickCompleto.o
 .group         0x0000000000000000        0xc ./Aplicacion/SystickCompleto.o
 .group         0x0000000000000000        0xc ./Aplicacion/SystickCompleto.o
 .text          0x0000000000000000        0x0 ./Aplicacion/SystickCompleto.o
 .data          0x0000000000000000        0x0 ./Aplicacion/SystickCompleto.o
 .bss           0x0000000000000000        0x0 ./Aplicacion/SystickCompleto.o
 .debug_macro   0x0000000000000000      0xa66 ./Aplicacion/SystickCompleto.o
 .debug_macro   0x0000000000000000       0x10 ./Aplicacion/SystickCompleto.o
 .debug_macro   0x0000000000000000      0x313 ./Aplicacion/SystickCompleto.o
 .debug_macro   0x0000000000000000       0x22 ./Aplicacion/SystickCompleto.o
 .debug_macro   0x0000000000000000       0x1c ./Aplicacion/SystickCompleto.o
 .group         0x0000000000000000        0xc ./Aplicacion/cr_startup_lpc84x.o
 .text          0x0000000000000000        0x0 ./Aplicacion/cr_startup_lpc84x.o
 .data          0x0000000000000000        0x0 ./Aplicacion/cr_startup_lpc84x.o
 .bss           0x0000000000000000        0x0 ./Aplicacion/cr_startup_lpc84x.o
 .debug_macro   0x0000000000000000      0xa66 ./Aplicacion/cr_startup_lpc84x.o
 .text          0x0000000000000000        0x0 /usr/local/mcuxpressoide-11.5.1_7266/ide/plugins/com.nxp.mcuxpresso.tools.linux_11.5.1.202201181444/tools/bin/../lib/gcc/arm-none-eabi/10.3.1/../../../../arm-none-eabi/lib/thumb/v6-m/nofp/libcr_c.a(__weak__main.o)
 .data          0x0000000000000000        0x0 /usr/local/mcuxpressoide-11.5.1_7266/ide/plugins/com.nxp.mcuxpresso.tools.linux_11.5.1.202201181444/tools/bin/../lib/gcc/arm-none-eabi/10.3.1/../../../../arm-none-eabi/lib/thumb/v6-m/nofp/libcr_c.a(__weak__main.o)
 .bss           0x0000000000000000        0x0 /usr/local/mcuxpressoide-11.5.1_7266/ide/plugins/com.nxp.mcuxpresso.tools.linux_11.5.1.202201181444/tools/bin/../lib/gcc/arm-none-eabi/10.3.1/../../../../arm-none-eabi/lib/thumb/v6-m/nofp/libcr_c.a(__weak__main.o)

Memory Configuration

Name             Origin             Length             Attributes
MFlash64         0x0000000000000000 0x0000000000010000 xr
RamLoc16         0x0000000010000000 0x0000000000004000 xrw
*default*        0x0000000000000000 0xffffffffffffffff

Linker script and memory map

LOAD ./Primitivas/PR_Leds.o
LOAD ./Primitivas/PR_TImers.o
LOAD ./Drivers/DR_GPIO.o
LOAD ./Drivers/DR_Init.o
LOAD ./Drivers/DR_Systick.o
LOAD ./Aplicacion/SystickCompleto.o
LOAD ./Aplicacion/cr_startup_lpc84x.o
START GROUP
LOAD /usr/local/mcuxpressoide-11.5.1_7266/ide/plugins/com.nxp.mcuxpresso.tools.linux_11.5.1.202201181444/tools/bin/../lib/gcc/arm-none-eabi/10.3.1/../../../../arm-none-eabi/lib/thumb/v6-m/nofp/libcr_c.a
LOAD /usr/local/mcuxpressoide-11.5.1_7266/ide/plugins/com.nxp.mcuxpresso.tools.linux_11.5.1.202201181444/tools/bin/../lib/gcc/arm-none-eabi/10.3.1/thumb/v6-m/nofp/libcr_eabihelpers.a
LOAD /usr/local/mcuxpressoide-11.5.1_7266/ide/plugins/com.nxp.mcuxpresso.tools.linux_11.5.1.202201181444/tools/bin/../lib/gcc/arm-none-eabi/10.3.1/thumb/v6-m/nofp/libgcc.a
END GROUP
                0x0000000000000000                __base_MFlash64 = 0x0
                0x0000000000000000                __base_Flash = 0x0
                0x0000000000010000                __top_MFlash64 = 0x10000
                0x0000000000010000                __top_Flash = 0x10000
                0x0000000010000000                __base_RamLoc16 = 0x10000000
                0x0000000010000000                __base_RAM = 0x10000000
                0x0000000010004000                __top_RamLoc16 = 0x10004000
                0x0000000010004000                __top_RAM = 0x10004000

.text           0x0000000000000000      0x730
 FILL mask 0xff
                0x0000000000000000                __vectors_start__ = ABSOLUTE (.)
 *(.isr_vector)
 .isr_vector    0x0000000000000000       0xc0 ./Aplicacion/cr_startup_lpc84x.o
                0x0000000000000000                g_pfnVectors
                0x00000000000000c0                . = ALIGN (0x4)
                0x00000000000000c0                __section_table_start = .
                0x00000000000000c0                __data_section_table = .
                0x00000000000000c0        0x4 LONG 0x730 LOADADDR (.data)
                0x00000000000000c4        0x4 LONG 0x10000000 ADDR (.data)
                0x00000000000000c8        0x4 LONG 0x4 SIZEOF (.data)
                0x00000000000000cc                __data_section_table_end = .
                0x00000000000000cc                __bss_section_table = .
                0x00000000000000cc        0x4 LONG 0x10000004 ADDR (.bss)
                0x00000000000000d0        0x4 LONG 0x94 SIZEOF (.bss)
                0x00000000000000d4                __bss_section_table_end = .
                0x00000000000000d4                __section_table_end = .
 *(.after_vectors*)
 .after_vectors
                0x00000000000000d4      0x118 ./Aplicacion/cr_startup_lpc84x.o
                0x00000000000000d4                data_init
                0x0000000000000116                bss_init
                0x000000000000014c                ResetISR
                0x00000000000001c8                NMI_Handler
                0x00000000000001ce                HardFault_Handler
                0x00000000000001d4                SVC_Handler
                0x00000000000001da                PendSV_Handler
                0x00000000000001e6                CMP_IRQHandler
                0x00000000000001e6                PININT7_IRQHandler
                0x00000000000001e6                I2C0_IRQHandler
                0x00000000000001e6                WKT_IRQHandler
                0x00000000000001e6                PININT2_IRQHandler
                0x00000000000001e6                PININT1_IRQHandler
                0x00000000000001e6                MRT_IRQHandler
                0x00000000000001e6                I2C1_IRQHandler
                0x00000000000001e6                UART1_IRQHandler
                0x00000000000001e6                ADC_SEQB_IRQHandler
                0x00000000000001e6                UART0_IRQHandler
                0x00000000000001e6                SPI1_IRQHandler
                0x00000000000001e6                IntDefaultHandler
                0x00000000000001e6                ADC_OVR_IRQHandler
                0x00000000000001e6                I2C2_IRQHandler
                0x00000000000001e6                PININT3_IRQHandler
                0x00000000000001e6                UART2_IRQHandler
                0x00000000000001e6                PININT5_IRQHandler
                0x00000000000001e6                PININT4_IRQHandler
                0x00000000000001e6                ADC_THCMP_IRQHandler
                0x00000000000001e6                PININT0_IRQHandler
                0x00000000000001e6                BOD_IRQHandler
                0x00000000000001e6                I2C3_IRQHandler
                0x00000000000001e6                SCT_IRQHandler
                0x00000000000001e6                WDT_IRQHandler
                0x00000000000001e6                ADC_SEQA_IRQHandler
                0x00000000000001e6                FAIM_IRQHandler
                0x00000000000001e6                DAC0_IRQHandler
                0x00000000000001e6                PININT6_IRQHandler
                0x00000000000001e6                SPI0_IRQHandler
                0x00000000000001e6                DMA_IRQHandler
                0x00000000000001e6                FLASH_IRQHandler
                0x00000000000001e6                CTIMER0_IRQHandler
 *(.text*)
 .text.LED_OFF  0x00000000000001ec       0x1c ./Primitivas/PR_Leds.o
                0x00000000000001ec                LED_OFF
 .text.ToggleEstadoLed
                0x0000000000000208       0x2a ./Primitivas/PR_Leds.o
                0x0000000000000208                ToggleEstadoLed
 *fill*         0x0000000000000232        0x2 ff
 .text.TimerStart
                0x0000000000000234       0x50 ./Primitivas/PR_TImers.o
                0x0000000000000234                TimerStart
 .text.TimerEvent
                0x0000000000000284       0x5c ./Primitivas/PR_TImers.o
                0x0000000000000284                TimerEvent
 .text.InitGPIO
                0x00000000000002e0       0x68 ./Drivers/DR_GPIO.o
                0x00000000000002e0                InitGPIO
 .text.SetDIR   0x0000000000000348       0x7e ./Drivers/DR_GPIO.o
                0x0000000000000348                SetDIR
 .text.SetPIN   0x00000000000003c6       0x7e ./Drivers/DR_GPIO.o
                0x00000000000003c6                SetPIN
 .text.GetPIN   0x0000000000000444       0x3a ./Drivers/DR_GPIO.o
                0x0000000000000444                GetPIN
 *fill*         0x000000000000047e        0x2 ff
 .text.SetPINMODE_OUT
                0x0000000000000480       0x4c ./Drivers/DR_GPIO.o
                0x0000000000000480                SetPINMODE_OUT
 .text.InitHw   0x00000000000004cc       0x16 ./Drivers/DR_Init.o
                0x00000000000004cc                InitHw
 *fill*         0x00000000000004e2        0x2 ff
 .text.InitPLL  0x00000000000004e4       0x88 ./Drivers/DR_Init.o
                0x00000000000004e4                InitPLL
 .text.SysTick_Handler
                0x000000000000056c       0x20 ./Drivers/DR_Systick.o
                0x000000000000056c                SysTick_Handler
 .text.AnalizarTimers
                0x000000000000058c       0x70 ./Drivers/DR_Systick.o
                0x000000000000058c                AnalizarTimers
 .text.InitSystick
                0x00000000000005fc       0x28 ./Drivers/DR_Systick.o
                0x00000000000005fc                InitSystick
 .text.main     0x0000000000000624       0xc8 ./Aplicacion/SystickCompleto.o
                0x0000000000000624                main
 .text.HandlerT0
                0x00000000000006ec       0x14 ./Aplicacion/SystickCompleto.o
                0x00000000000006ec                HandlerT0
 .text.HandlerT1
                0x0000000000000700       0x14 ./Aplicacion/SystickCompleto.o
                0x0000000000000700                HandlerT1
 .text.HandlerT2
                0x0000000000000714       0x14 ./Aplicacion/SystickCompleto.o
                0x0000000000000714                HandlerT2
 .text.__weak_main
                0x0000000000000728        0x8 /usr/local/mcuxpressoide-11.5.1_7266/ide/plugins/com.nxp.mcuxpresso.tools.linux_11.5.1.202201181444/tools/bin/../lib/gcc/arm-none-eabi/10.3.1/../../../../arm-none-eabi/lib/thumb/v6-m/nofp/libcr_c.a(__weak__main.o)
                0x0000000000000728                __main
                0x0000000000000728                __weak_main
 *(.rodata .rodata.* .constdata .constdata.*)
                0x0000000000000730                . = ALIGN (0x4)

.glue_7         0x0000000000000730        0x0
 .glue_7        0x0000000000000730        0x0 linker stubs

.glue_7t        0x0000000000000730        0x0
 .glue_7t       0x0000000000000730        0x0 linker stubs

.vfp11_veneer   0x0000000000000730        0x0
 .vfp11_veneer  0x0000000000000730        0x0 linker stubs

.v4_bx          0x0000000000000730        0x0
 .v4_bx         0x0000000000000730        0x0 linker stubs

.iplt           0x0000000000000730        0x0
 .iplt          0x0000000000000730        0x0 ./Primitivas/PR_Leds.o

.rel.dyn        0x0000000000000730        0x0
 .rel.iplt      0x0000000000000730        0x0 ./Primitivas/PR_Leds.o

.ARM.extab
 *(.ARM.extab* .gnu.linkonce.armextab.*)

.ARM.exidx      0x0000000000000730        0x0
                0x0000000000000730                __exidx_start = .
 *(.ARM.exidx* .gnu.linkonce.armexidx.*)
                0x0000000000000730                __exidx_end = .
                0x0000000000000730                _etext = .

.mtb_buffer_default
 *(.mtb*)

.uninit_RESERVED
                0x0000000010000000        0x0
                0x0000000010000000                _start_uninit_RESERVED = .
 *(.bss.$RESERVED*)
                0x0000000010000000                . = ALIGN (0x4)
                0x0000000010000000                _end_uninit_RESERVED = .

.data           0x0000000010000000        0x4 load address 0x0000000000000730
 FILL mask 0xff
                0x0000000010000000                _data = .
                [!provide]                        PROVIDE (__start_data_RAM = .)
                [!provide]                        PROVIDE (__start_data_RamLoc16 = .)
 *(vtable)
 *(.ramfunc*)
 *(CodeQuickAccess)
 *(DataQuickAccess)
 *(RamFunction)
 *(.data*)
 .data.fro_set_frec
                0x0000000010000000        0x4 ./Drivers/DR_Init.o
                0x0000000010000000                fro_set_frec
                0x0000000010000004                . = ALIGN (0x4)
                0x0000000010000004                _edata = .
                [!provide]                        PROVIDE (__end_data_RAM = .)
                [!provide]                        PROVIDE (__end_data_RamLoc16 = .)

.igot.plt       0x0000000010000004        0x0 load address 0x0000000000000734
 .igot.plt      0x0000000010000004        0x0 ./Primitivas/PR_Leds.o

.bss            0x0000000010000004       0x94
                0x0000000010000004                _bss = .
                [!provide]                        PROVIDE (__start_bss_RAM = .)
                [!provide]                        PROVIDE (__start_bss_RamLoc16 = .)
 *(.bss*)
 .bss.HandlersTimer
                0x0000000010000004       0x40 ./Primitivas/PR_TImers.o
                0x0000000010000004                HandlersTimer
 .bss.flagsT    0x0000000010000044       0x10 ./Drivers/DR_Systick.o
                0x0000000010000044                flagsT
 .bss.timers    0x0000000010000054       0x40 ./Drivers/DR_Systick.o
                0x0000000010000054                timers
 .bss.flag_t0   0x0000000010000094        0x1 ./Aplicacion/SystickCompleto.o
                0x0000000010000094                flag_t0
 .bss.flag_t1   0x0000000010000095        0x1 ./Aplicacion/SystickCompleto.o
                0x0000000010000095                flag_t1
 .bss.flag_t2   0x0000000010000096        0x1 ./Aplicacion/SystickCompleto.o
                0x0000000010000096                flag_t2
 *(COMMON)
                0x0000000010000098                . = ALIGN (0x4)
 *fill*         0x0000000010000097        0x1 
                0x0000000010000098                _ebss = .
                [!provide]                        PROVIDE (__end_bss_RAM = .)
                [!provide]                        PROVIDE (__end_bss_RamLoc16 = .)
                [!provide]                        PROVIDE (end = .)

.noinit         0x0000000010000098        0x0
                0x0000000010000098                _noinit = .
                [!provide]                        PROVIDE (__start_noinit_RAM = .)
                [!provide]                        PROVIDE (__start_noinit_RamLoc16 = .)
 *(.noinit*)
                0x0000000010000098                . = ALIGN (0x4)
                0x0000000010000098                _end_noinit = .
                [!provide]                        PROVIDE (__end_noinit_RAM = .)
                [!provide]                        PROVIDE (__end_noinit_RamLoc16 = .)
                [!provide]                        PROVIDE (_pvHeapStart = DEFINED (__user_heap_base)?__user_heap_base:.)
                0x0000000010004000                PROVIDE (_vStackTop = DEFINED (__user_stack_top)?__user_stack_top:(__top_RamLoc16 - 0x0))
                0xffffffffefffbb1b                PROVIDE (__valid_user_code_checksum = (0x0 - (((_vStackTop + (ResetISR + 0x1)) + (DEFINED (NMI_Handler)?NMI_Handler:M0_NMI_Handler + 0x1)) + (DEFINED (HardFault_Handler)?HardFault_Handler:M0_HardFault_Handler + 0x1))))
                0x0000000000000000                _image_start = LOADADDR (.text)
                0x0000000000000734                _image_end = (LOADADDR (.data) + SIZEOF (.data))
                0x0000000000000734                _image_size = (_image_end - _image_start)
OUTPUT(SystickCompleto.axf elf32-littlearm)
LOAD linker stubs

.debug_info     0x0000000000000000     0x14d6
 .debug_info    0x0000000000000000      0x10f ./Primitivas/PR_Leds.o
 .debug_info    0x000000000000010f      0x166 ./Primitivas/PR_TImers.o
 .debug_info    0x0000000000000275      0x862 ./Drivers/DR_GPIO.o
 .debug_info    0x0000000000000ad7      0x55f ./Drivers/DR_Init.o
 .debug_info    0x0000000000001036      0x190 ./Drivers/DR_Systick.o
 .debug_info    0x00000000000011c6       0xe2 ./Aplicacion/SystickCompleto.o
 .debug_info    0x00000000000012a8      0x22e ./Aplicacion/cr_startup_lpc84x.o

.debug_abbrev   0x0000000000000000      0x6a5
 .debug_abbrev  0x0000000000000000       0x83 ./Primitivas/PR_Leds.o
 .debug_abbrev  0x0000000000000083       0xf8 ./Primitivas/PR_TImers.o
 .debug_abbrev  0x000000000000017b      0x14e ./Drivers/DR_GPIO.o
 .debug_abbrev  0x00000000000002c9      0x12e ./Drivers/DR_Init.o
 .debug_abbrev  0x00000000000003f7      0x118 ./Drivers/DR_Systick.o
 .debug_abbrev  0x000000000000050f       0x85 ./Aplicacion/SystickCompleto.o
 .debug_abbrev  0x0000000000000594      0x111 ./Aplicacion/cr_startup_lpc84x.o

.debug_aranges  0x0000000000000000      0x1a0
 .debug_aranges
                0x0000000000000000       0x38 ./Primitivas/PR_Leds.o
 .debug_aranges
                0x0000000000000038       0x30 ./Primitivas/PR_TImers.o
 .debug_aranges
                0x0000000000000068       0x48 ./Drivers/DR_GPIO.o
 .debug_aranges
                0x00000000000000b0       0x28 ./Drivers/DR_Init.o
 .debug_aranges
                0x00000000000000d8       0x30 ./Drivers/DR_Systick.o
 .debug_aranges
                0x0000000000000108       0x38 ./Aplicacion/SystickCompleto.o
 .debug_aranges
                0x0000000000000140       0x60 ./Aplicacion/cr_startup_lpc84x.o

.debug_ranges   0x0000000000000000      0x130
 .debug_ranges  0x0000000000000000       0x28 ./Primitivas/PR_Leds.o
 .debug_ranges  0x0000000000000028       0x20 ./Primitivas/PR_TImers.o
 .debug_ranges  0x0000000000000048       0x38 ./Drivers/DR_GPIO.o
 .debug_ranges  0x0000000000000080       0x18 ./Drivers/DR_Init.o
 .debug_ranges  0x0000000000000098       0x20 ./Drivers/DR_Systick.o
 .debug_ranges  0x00000000000000b8       0x28 ./Aplicacion/SystickCompleto.o
 .debug_ranges  0x00000000000000e0       0x50 ./Aplicacion/cr_startup_lpc84x.o

.debug_macro    0x0000000000000000     0x1097
 .debug_macro   0x0000000000000000       0x3c ./Primitivas/PR_Leds.o
 .debug_macro   0x000000000000003c      0xa66 ./Primitivas/PR_Leds.o
 .debug_macro   0x0000000000000aa2      0x313 ./Primitivas/PR_Leds.o
 .debug_macro   0x0000000000000db5       0x2e ./Primitivas/PR_Leds.o
 .debug_macro   0x0000000000000de3       0x22 ./Primitivas/PR_Leds.o
 .debug_macro   0x0000000000000e05       0x41 ./Primitivas/PR_TImers.o
 .debug_macro   0x0000000000000e46       0x1c ./Primitivas/PR_TImers.o
 .debug_macro   0x0000000000000e62       0x2d ./Drivers/DR_GPIO.o
 .debug_macro   0x0000000000000e8f       0x6c ./Drivers/DR_Init.o
 .debug_macro   0x0000000000000efb       0x10 ./Drivers/DR_Init.o
 .debug_macro   0x0000000000000f0b       0x2a ./Drivers/DR_Systick.o
 .debug_macro   0x0000000000000f35       0x8f ./Aplicacion/SystickCompleto.o
 .debug_macro   0x0000000000000fc4       0x82 ./Aplicacion/SystickCompleto.o
 .debug_macro   0x0000000000001046       0x34 ./Aplicacion/SystickCompleto.o
 .debug_macro   0x000000000000107a       0x1d ./Aplicacion/cr_startup_lpc84x.o

.debug_line     0x0000000000000000      0xb18
 .debug_line    0x0000000000000000      0x14b ./Primitivas/PR_Leds.o
 .debug_line    0x000000000000014b      0x1e8 ./Primitivas/PR_TImers.o
 .debug_line    0x0000000000000333      0x188 ./Drivers/DR_GPIO.o
 .debug_line    0x00000000000004bb      0x1b6 ./Drivers/DR_Init.o
 .debug_line    0x0000000000000671       0xe0 ./Drivers/DR_Systick.o
 .debug_line    0x0000000000000751      0x28d ./Aplicacion/SystickCompleto.o
 .debug_line    0x00000000000009de      0x13a ./Aplicacion/cr_startup_lpc84x.o

.debug_str      0x0000000000000000     0x44f7
 .debug_str     0x0000000000000000     0x3998 ./Primitivas/PR_Leds.o
                                       0x39dc (size before relaxing)
 .debug_str     0x0000000000003998       0xbd ./Primitivas/PR_TImers.o
                                       0x39b3 (size before relaxing)
 .debug_str     0x0000000000003a55      0x39a ./Drivers/DR_GPIO.o
                                       0x3cf7 (size before relaxing)
 .debug_str     0x0000000000003def       0x63 ./Drivers/DR_Init.o
                                       0x3d37 (size before relaxing)
 .debug_str     0x0000000000003e52       0x60 ./Drivers/DR_Systick.o
                                       0x3982 (size before relaxing)
 .debug_str     0x0000000000003eb2      0x4d7 ./Aplicacion/SystickCompleto.o
                                       0x3edc (size before relaxing)
 .debug_str     0x0000000000004389      0x16e ./Aplicacion/cr_startup_lpc84x.o
                                       0x2dd0 (size before relaxing)

.comment        0x0000000000000000       0x49
 .comment       0x0000000000000000       0x49 ./Primitivas/PR_Leds.o
                                         0x4a (size before relaxing)
 .comment       0x0000000000000049       0x4a ./Primitivas/PR_TImers.o
 .comment       0x0000000000000049       0x4a ./Drivers/DR_GPIO.o
 .comment       0x0000000000000049       0x4a ./Drivers/DR_Init.o
 .comment       0x0000000000000049       0x4a ./Drivers/DR_Systick.o
 .comment       0x0000000000000049       0x4a ./Aplicacion/SystickCompleto.o
 .comment       0x0000000000000049       0x4a ./Aplicacion/cr_startup_lpc84x.o
 .comment       0x0000000000000049       0x4a /usr/local/mcuxpressoide-11.5.1_7266/ide/plugins/com.nxp.mcuxpresso.tools.linux_11.5.1.202201181444/tools/bin/../lib/gcc/arm-none-eabi/10.3.1/../../../../arm-none-eabi/lib/thumb/v6-m/nofp/libcr_c.a(__weak__main.o)

.ARM.attributes
                0x0000000000000000       0x2c
 .ARM.attributes
                0x0000000000000000       0x2c ./Primitivas/PR_Leds.o
 .ARM.attributes
                0x000000000000002c       0x2c ./Primitivas/PR_TImers.o
 .ARM.attributes
                0x0000000000000058       0x2c ./Drivers/DR_GPIO.o
 .ARM.attributes
                0x0000000000000084       0x2c ./Drivers/DR_Init.o
 .ARM.attributes
                0x00000000000000b0       0x2c ./Drivers/DR_Systick.o
 .ARM.attributes
                0x00000000000000dc       0x2c ./Aplicacion/SystickCompleto.o
 .ARM.attributes
                0x0000000000000108       0x2c ./Aplicacion/cr_startup_lpc84x.o
 .ARM.attributes
                0x0000000000000134       0x2c /usr/local/mcuxpressoide-11.5.1_7266/ide/plugins/com.nxp.mcuxpresso.tools.linux_11.5.1.202201181444/tools/bin/../lib/gcc/arm-none-eabi/10.3.1/../../../../arm-none-eabi/lib/thumb/v6-m/nofp/libcr_c.a(__weak__main.o)

.debug_frame    0x0000000000000000      0x418
 .debug_frame   0x0000000000000000       0x90 ./Primitivas/PR_Leds.o
 .debug_frame   0x0000000000000090       0x70 ./Primitivas/PR_TImers.o
 .debug_frame   0x0000000000000100       0xcc ./Drivers/DR_GPIO.o
 .debug_frame   0x00000000000001cc       0x48 ./Drivers/DR_Init.o
 .debug_frame   0x0000000000000214       0x6c ./Drivers/DR_Systick.o
 .debug_frame   0x0000000000000280       0x80 ./Aplicacion/SystickCompleto.o
 .debug_frame   0x0000000000000300      0x118 ./Aplicacion/cr_startup_lpc84x.o

Cross Reference Table

Symbol                                            File
ADC_OVR_IRQHandler                                ./Aplicacion/cr_startup_lpc84x.o
ADC_SEQA_IRQHandler                               ./Aplicacion/cr_startup_lpc84x.o
ADC_SEQB_IRQHandler                               ./Aplicacion/cr_startup_lpc84x.o
ADC_THCMP_IRQHandler                              ./Aplicacion/cr_startup_lpc84x.o
AnalizarTimers                                    ./Drivers/DR_Systick.o
BOD_IRQHandler                                    ./Aplicacion/cr_startup_lpc84x.o
CMP_IRQHandler                                    ./Aplicacion/cr_startup_lpc84x.o
CTIMER0_IRQHandler                                ./Aplicacion/cr_startup_lpc84x.o
DAC0_IRQHandler                                   ./Aplicacion/cr_startup_lpc84x.o
DMA_IRQHandler                                    ./Aplicacion/cr_startup_lpc84x.o
FAIM_IRQHandler                                   ./Aplicacion/cr_startup_lpc84x.o
FLASH_IRQHandler                                  ./Aplicacion/cr_startup_lpc84x.o
GetPIN                                            ./Drivers/DR_GPIO.o
                                                  ./Primitivas/PR_Leds.o
HandlerT0                                         ./Aplicacion/SystickCompleto.o
HandlerT1                                         ./Aplicacion/SystickCompleto.o
HandlerT2                                         ./Aplicacion/SystickCompleto.o
HandlersTimer                                     ./Primitivas/PR_TImers.o
HardFault_Handler                                 ./Aplicacion/cr_startup_lpc84x.o
I2C0_IRQHandler                                   ./Aplicacion/cr_startup_lpc84x.o
I2C1_IRQHandler                                   ./Aplicacion/cr_startup_lpc84x.o
I2C2_IRQHandler                                   ./Aplicacion/cr_startup_lpc84x.o
I2C3_IRQHandler                                   ./Aplicacion/cr_startup_lpc84x.o
InitGPIO                                          ./Drivers/DR_GPIO.o
                                                  ./Drivers/DR_Init.o
InitHw                                            ./Drivers/DR_Init.o
                                                  ./Aplicacion/SystickCompleto.o
InitPLL                                           ./Drivers/DR_Init.o
InitSystick                                       ./Drivers/DR_Systick.o
                                                  ./Drivers/DR_Init.o
IntDefaultHandler                                 ./Aplicacion/cr_startup_lpc84x.o
LED_OFF                                           ./Primitivas/PR_Leds.o
                                                  ./Aplicacion/SystickCompleto.o
LED_ON                                            ./Primitivas/PR_Leds.o
Leds                                              ./Primitivas/PR_Leds.o
MRT_IRQHandler                                    ./Aplicacion/cr_startup_lpc84x.o
NMI_Handler                                       ./Aplicacion/cr_startup_lpc84x.o
PININT0_IRQHandler                                ./Aplicacion/cr_startup_lpc84x.o
PININT1_IRQHandler                                ./Aplicacion/cr_startup_lpc84x.o
PININT2_IRQHandler                                ./Aplicacion/cr_startup_lpc84x.o
PININT3_IRQHandler                                ./Aplicacion/cr_startup_lpc84x.o
PININT4_IRQHandler                                ./Aplicacion/cr_startup_lpc84x.o
PININT5_IRQHandler                                ./Aplicacion/cr_startup_lpc84x.o
PININT6_IRQHandler                                ./Aplicacion/cr_startup_lpc84x.o
PININT7_IRQHandler                                ./Aplicacion/cr_startup_lpc84x.o
PendSV_Handler                                    ./Aplicacion/cr_startup_lpc84x.o
ResetISR                                          ./Aplicacion/cr_startup_lpc84x.o
SCT_IRQHandler                                    ./Aplicacion/cr_startup_lpc84x.o
SPI0_IRQHandler                                   ./Aplicacion/cr_startup_lpc84x.o
SPI1_IRQHandler                                   ./Aplicacion/cr_startup_lpc84x.o
SVC_Handler                                       ./Aplicacion/cr_startup_lpc84x.o
SetDIR                                            ./Drivers/DR_GPIO.o
SetPIN                                            ./Drivers/DR_GPIO.o
                                                  ./Primitivas/PR_Leds.o
SetPINMODE_IN                                     ./Drivers/DR_GPIO.o
SetPINMODE_OUT                                    ./Drivers/DR_GPIO.o
SysTick_Handler                                   ./Drivers/DR_Systick.o
TimerEvent                                        ./Primitivas/PR_TImers.o
                                                  ./Aplicacion/SystickCompleto.o
TimerStart                                        ./Primitivas/PR_TImers.o
                                                  ./Aplicacion/SystickCompleto.o
TimerStop                                         ./Primitivas/PR_TImers.o
ToggleEstadoLed                                   ./Primitivas/PR_Leds.o
                                                  ./Aplicacion/SystickCompleto.o
UART0_IRQHandler                                  ./Aplicacion/cr_startup_lpc84x.o
UART1_IRQHandler                                  ./Aplicacion/cr_startup_lpc84x.o
UART2_IRQHandler                                  ./Aplicacion/cr_startup_lpc84x.o
WDT_IRQHandler                                    ./Aplicacion/cr_startup_lpc84x.o
WKT_IRQHandler                                    ./Aplicacion/cr_startup_lpc84x.o
__bss_section_table_end                           ./Aplicacion/cr_startup_lpc84x.o
__data_section_table                              ./Aplicacion/cr_startup_lpc84x.o
__data_section_table_end                          ./Aplicacion/cr_startup_lpc84x.o
__main                                            /usr/local/mcuxpressoide-11.5.1_7266/ide/plugins/com.nxp.mcuxpresso.tools.linux_11.5.1.202201181444/tools/bin/../lib/gcc/arm-none-eabi/10.3.1/../../../../arm-none-eabi/lib/thumb/v6-m/nofp/libcr_c.a(__weak__main.o)
                                                  ./Aplicacion/cr_startup_lpc84x.o
__valid_user_code_checksum                        ./Aplicacion/cr_startup_lpc84x.o
__weak_main                                       /usr/local/mcuxpressoide-11.5.1_7266/ide/plugins/com.nxp.mcuxpresso.tools.linux_11.5.1.202201181444/tools/bin/../lib/gcc/arm-none-eabi/10.3.1/../../../../arm-none-eabi/lib/thumb/v6-m/nofp/libcr_c.a(__weak__main.o)
_vStackTop                                        ./Aplicacion/cr_startup_lpc84x.o
bss_init                                          ./Aplicacion/cr_startup_lpc84x.o
data_init                                         ./Aplicacion/cr_startup_lpc84x.o
flag_t0                                           ./Aplicacion/SystickCompleto.o
flag_t1                                           ./Aplicacion/SystickCompleto.o
flag_t2                                           ./Aplicacion/SystickCompleto.o
flagsT                                            ./Drivers/DR_Systick.o
                                                  ./Primitivas/PR_TImers.o
fro_set_frec                                      ./Drivers/DR_Init.o
g_pfnVectors                                      ./Aplicacion/cr_startup_lpc84x.o
main                                              ./Aplicacion/SystickCompleto.o
                                                  /usr/local/mcuxpressoide-11.5.1_7266/ide/plugins/com.nxp.mcuxpresso.tools.linux_11.5.1.202201181444/tools/bin/../lib/gcc/arm-none-eabi/10.3.1/../../../../arm-none-eabi/lib/thumb/v6-m/nofp/libcr_c.a(__weak__main.o)
timers                                            ./Drivers/DR_Systick.o
                                                  ./Primitivas/PR_TImers.o
