Archive member included to satisfy reference by file (symbol)

/usr/local/mcuxpressoide-11.5.1_7266/ide/plugins/com.nxp.mcuxpresso.tools.linux_11.5.1.202201181444/tools/bin/../lib/gcc/arm-none-eabi/10.3.1/../../../../arm-none-eabi/lib/thumb/v6-m/nofp/libcr_c.a(__weak__main.o)
                              ./Aplicacion/cr_startup_lpc84x.o (__main)

Discarded input sections

 .group         0x0000000000000000        0xc ./Primitivas/PR_7Seg.o
 .group         0x0000000000000000        0xc ./Primitivas/PR_7Seg.o
 .group         0x0000000000000000        0xc ./Primitivas/PR_7Seg.o
 .group         0x0000000000000000        0xc ./Primitivas/PR_7Seg.o
 .group         0x0000000000000000        0xc ./Primitivas/PR_7Seg.o
 .group         0x0000000000000000        0xc ./Primitivas/PR_7Seg.o
 .text          0x0000000000000000        0x0 ./Primitivas/PR_7Seg.o
 .data          0x0000000000000000        0x0 ./Primitivas/PR_7Seg.o
 .bss           0x0000000000000000        0x0 ./Primitivas/PR_7Seg.o
 .text.display  0x0000000000000000       0x54 ./Primitivas/PR_7Seg.o
 .debug_info    0x0000000000000000       0xb5 ./Primitivas/PR_7Seg.o
 .debug_abbrev  0x0000000000000000       0xa4 ./Primitivas/PR_7Seg.o
 .debug_aranges
                0x0000000000000000       0x20 ./Primitivas/PR_7Seg.o
 .debug_ranges  0x0000000000000000       0x10 ./Primitivas/PR_7Seg.o
 .debug_macro   0x0000000000000000       0x6c ./Primitivas/PR_7Seg.o
 .debug_macro   0x0000000000000000      0xa66 ./Primitivas/PR_7Seg.o
 .debug_macro   0x0000000000000000      0x313 ./Primitivas/PR_7Seg.o
 .debug_macro   0x0000000000000000       0x9a ./Primitivas/PR_7Seg.o
 .debug_macro   0x0000000000000000       0x22 ./Primitivas/PR_7Seg.o
 .debug_macro   0x0000000000000000       0x1c ./Primitivas/PR_7Seg.o
 .debug_macro   0x0000000000000000       0x10 ./Primitivas/PR_7Seg.o
 .debug_line    0x0000000000000000      0x133 ./Primitivas/PR_7Seg.o
 .debug_str     0x0000000000000000     0x3b34 ./Primitivas/PR_7Seg.o
 .comment       0x0000000000000000       0x4a ./Primitivas/PR_7Seg.o
 .debug_frame   0x0000000000000000       0x30 ./Primitivas/PR_7Seg.o
 .ARM.attributes
                0x0000000000000000       0x2c ./Primitivas/PR_7Seg.o
 .group         0x0000000000000000        0xc ./Primitivas/Pr_Tecla.o
 .group         0x0000000000000000        0xc ./Primitivas/Pr_Tecla.o
 .group         0x0000000000000000        0xc ./Primitivas/Pr_Tecla.o
 .group         0x0000000000000000        0xc ./Primitivas/Pr_Tecla.o
 .group         0x0000000000000000        0xc ./Primitivas/Pr_Tecla.o
 .group         0x0000000000000000        0xc ./Primitivas/Pr_Tecla.o
 .text          0x0000000000000000        0x0 ./Primitivas/Pr_Tecla.o
 .data          0x0000000000000000        0x0 ./Primitivas/Pr_Tecla.o
 .bss           0x0000000000000000        0x0 ./Primitivas/Pr_Tecla.o
 .debug_macro   0x0000000000000000      0xa66 ./Primitivas/Pr_Tecla.o
 .debug_macro   0x0000000000000000      0x313 ./Primitivas/Pr_Tecla.o
 .debug_macro   0x0000000000000000       0x9a ./Primitivas/Pr_Tecla.o
 .debug_macro   0x0000000000000000       0x22 ./Primitivas/Pr_Tecla.o
 .debug_macro   0x0000000000000000       0x1c ./Primitivas/Pr_Tecla.o
 .debug_macro   0x0000000000000000       0x10 ./Primitivas/Pr_Tecla.o
 .group         0x0000000000000000        0xc ./Primitivas/Pr_serie.o
 .group         0x0000000000000000        0xc ./Primitivas/Pr_serie.o
 .text          0x0000000000000000        0x0 ./Primitivas/Pr_serie.o
 .data          0x0000000000000000        0x0 ./Primitivas/Pr_serie.o
 .bss           0x0000000000000000        0x0 ./Primitivas/Pr_serie.o
 .bss.Buffer_Rx
                0x0000000000000000       0x14 ./Primitivas/Pr_serie.o
 .bss.in_rx     0x0000000000000000        0x1 ./Primitivas/Pr_serie.o
 .bss.in_tx     0x0000000000000000        0x1 ./Primitivas/Pr_serie.o
 .bss.out_rx    0x0000000000000000        0x1 ./Primitivas/Pr_serie.o
 .bss.out_tx    0x0000000000000000        0x1 ./Primitivas/Pr_serie.o
 .text.RecibirSerie
                0x0000000000000000       0x5c ./Primitivas/Pr_serie.o
 .text.PopTx    0x0000000000000000       0x64 ./Primitivas/Pr_serie.o
 .text.PopRx    0x0000000000000000       0x64 ./Primitivas/Pr_serie.o
 .text.Push_Rx  0x0000000000000000       0x4c ./Primitivas/Pr_serie.o
 .debug_macro   0x0000000000000000      0xa66 ./Primitivas/Pr_serie.o
 .debug_macro   0x0000000000000000      0x313 ./Primitivas/Pr_serie.o
 .group         0x0000000000000000        0xc ./Drivers/DR_7Seg.o
 .group         0x0000000000000000        0xc ./Drivers/DR_7Seg.o
 .group         0x0000000000000000        0xc ./Drivers/DR_7Seg.o
 .text          0x0000000000000000        0x0 ./Drivers/DR_7Seg.o
 .data          0x0000000000000000        0x0 ./Drivers/DR_7Seg.o
 .bss           0x0000000000000000        0x0 ./Drivers/DR_7Seg.o
 .debug_macro   0x0000000000000000      0xa66 ./Drivers/DR_7Seg.o
 .debug_macro   0x0000000000000000      0x313 ./Drivers/DR_7Seg.o
 .debug_macro   0x0000000000000000       0x9a ./Drivers/DR_7Seg.o
 .group         0x0000000000000000        0xc ./Drivers/DR_GPIO.o
 .group         0x0000000000000000        0xc ./Drivers/DR_GPIO.o
 .group         0x0000000000000000        0xc ./Drivers/DR_GPIO.o
 .text          0x0000000000000000        0x0 ./Drivers/DR_GPIO.o
 .data          0x0000000000000000        0x0 ./Drivers/DR_GPIO.o
 .bss           0x0000000000000000        0x0 ./Drivers/DR_GPIO.o
 .text.SetPINMODE_OUT
                0x0000000000000000       0x4c ./Drivers/DR_GPIO.o
 .debug_macro   0x0000000000000000      0xa66 ./Drivers/DR_GPIO.o
 .debug_macro   0x0000000000000000      0x313 ./Drivers/DR_GPIO.o
 .debug_macro   0x0000000000000000       0x9a ./Drivers/DR_GPIO.o
 .group         0x0000000000000000        0xc ./Drivers/DR_Init.o
 .group         0x0000000000000000        0xc ./Drivers/DR_Init.o
 .group         0x0000000000000000        0xc ./Drivers/DR_Init.o
 .group         0x0000000000000000        0xc ./Drivers/DR_Init.o
 .group         0x0000000000000000        0xc ./Drivers/DR_Init.o
 .group         0x0000000000000000        0xc ./Drivers/DR_Init.o
 .text          0x0000000000000000        0x0 ./Drivers/DR_Init.o
 .data          0x0000000000000000        0x0 ./Drivers/DR_Init.o
 .bss           0x0000000000000000        0x0 ./Drivers/DR_Init.o
 .debug_macro   0x0000000000000000      0xa66 ./Drivers/DR_Init.o
 .debug_macro   0x0000000000000000       0x1c ./Drivers/DR_Init.o
 .debug_macro   0x0000000000000000      0x313 ./Drivers/DR_Init.o
 .debug_macro   0x0000000000000000       0x9a ./Drivers/DR_Init.o
 .debug_macro   0x0000000000000000       0x10 ./Drivers/DR_Init.o
 .group         0x0000000000000000        0xc ./Drivers/DR_Teclado.o
 .group         0x0000000000000000        0xc ./Drivers/DR_Teclado.o
 .group         0x0000000000000000        0xc ./Drivers/DR_Teclado.o
 .group         0x0000000000000000        0xc ./Drivers/DR_Teclado.o
 .group         0x0000000000000000        0xc ./Drivers/DR_Teclado.o
 .group         0x0000000000000000        0xc ./Drivers/DR_Teclado.o
 .group         0x0000000000000000        0xc ./Drivers/DR_Teclado.o
 .text          0x0000000000000000        0x0 ./Drivers/DR_Teclado.o
 .data          0x0000000000000000        0x0 ./Drivers/DR_Teclado.o
 .bss           0x0000000000000000        0x0 ./Drivers/DR_Teclado.o
 .debug_macro   0x0000000000000000      0xa66 ./Drivers/DR_Teclado.o
 .debug_macro   0x0000000000000000      0x313 ./Drivers/DR_Teclado.o
 .debug_macro   0x0000000000000000       0x9a ./Drivers/DR_Teclado.o
 .debug_macro   0x0000000000000000       0x22 ./Drivers/DR_Teclado.o
 .debug_macro   0x0000000000000000       0x1c ./Drivers/DR_Teclado.o
 .debug_macro   0x0000000000000000       0x10 ./Drivers/DR_Teclado.o
 .debug_macro   0x0000000000000000       0x10 ./Drivers/DR_Teclado.o
 .group         0x0000000000000000        0xc ./Drivers/Dr_Serie.o
 .group         0x0000000000000000        0xc ./Drivers/Dr_Serie.o
 .text          0x0000000000000000        0x0 ./Drivers/Dr_Serie.o
 .data          0x0000000000000000        0x0 ./Drivers/Dr_Serie.o
 .bss           0x0000000000000000        0x0 ./Drivers/Dr_Serie.o
 .text.USART0_IRQHandler
                0x0000000000000000       0x60 ./Drivers/Dr_Serie.o
 .debug_info    0x0000000000000000      0x16e ./Drivers/Dr_Serie.o
 .debug_abbrev  0x0000000000000000       0xae ./Drivers/Dr_Serie.o
 .debug_aranges
                0x0000000000000000       0x20 ./Drivers/Dr_Serie.o
 .debug_ranges  0x0000000000000000       0x10 ./Drivers/Dr_Serie.o
 .debug_macro   0x0000000000000000       0x38 ./Drivers/Dr_Serie.o
 .debug_macro   0x0000000000000000      0xa66 ./Drivers/Dr_Serie.o
 .debug_macro   0x0000000000000000      0x313 ./Drivers/Dr_Serie.o
 .debug_line    0x0000000000000000      0x165 ./Drivers/Dr_Serie.o
 .debug_str     0x0000000000000000     0x39b5 ./Drivers/Dr_Serie.o
 .comment       0x0000000000000000       0x4a ./Drivers/Dr_Serie.o
 .debug_frame   0x0000000000000000       0x30 ./Drivers/Dr_Serie.o
 .ARM.attributes
                0x0000000000000000       0x2c ./Drivers/Dr_Serie.o
 .group         0x0000000000000000        0xc ./Drivers/Systick.o
 .group         0x0000000000000000        0xc ./Drivers/Systick.o
 .group         0x0000000000000000        0xc ./Drivers/Systick.o
 .group         0x0000000000000000        0xc ./Drivers/Systick.o
 .group         0x0000000000000000        0xc ./Drivers/Systick.o
 .text          0x0000000000000000        0x0 ./Drivers/Systick.o
 .data          0x0000000000000000        0x0 ./Drivers/Systick.o
 .bss           0x0000000000000000        0x0 ./Drivers/Systick.o
 .debug_macro   0x0000000000000000      0xa66 ./Drivers/Systick.o
 .debug_macro   0x0000000000000000      0x313 ./Drivers/Systick.o
 .debug_macro   0x0000000000000000       0x9a ./Drivers/Systick.o
 .debug_macro   0x0000000000000000       0x10 ./Drivers/Systick.o
 .debug_macro   0x0000000000000000       0x10 ./Drivers/Systick.o
 .group         0x0000000000000000        0xc ./Aplicacion/ComunicacionSerie.o
 .group         0x0000000000000000        0xc ./Aplicacion/ComunicacionSerie.o
 .group         0x0000000000000000        0xc ./Aplicacion/ComunicacionSerie.o
 .group         0x0000000000000000        0xc ./Aplicacion/ComunicacionSerie.o
 .group         0x0000000000000000        0xc ./Aplicacion/ComunicacionSerie.o
 .group         0x0000000000000000        0xc ./Aplicacion/ComunicacionSerie.o
 .group         0x0000000000000000        0xc ./Aplicacion/ComunicacionSerie.o
 .group         0x0000000000000000        0xc ./Aplicacion/ComunicacionSerie.o
 .text          0x0000000000000000        0x0 ./Aplicacion/ComunicacionSerie.o
 .data          0x0000000000000000        0x0 ./Aplicacion/ComunicacionSerie.o
 .bss           0x0000000000000000        0x0 ./Aplicacion/ComunicacionSerie.o
 .debug_macro   0x0000000000000000      0xa66 ./Aplicacion/ComunicacionSerie.o
 .debug_macro   0x0000000000000000      0x313 ./Aplicacion/ComunicacionSerie.o
 .debug_macro   0x0000000000000000       0x1c ./Aplicacion/ComunicacionSerie.o
 .debug_macro   0x0000000000000000       0x9a ./Aplicacion/ComunicacionSerie.o
 .debug_macro   0x0000000000000000       0x10 ./Aplicacion/ComunicacionSerie.o
 .debug_macro   0x0000000000000000       0x10 ./Aplicacion/ComunicacionSerie.o
 .text          0x0000000000000000        0x0 ./Aplicacion/aeabi_romdiv_patch.o
 .data          0x0000000000000000        0x0 ./Aplicacion/aeabi_romdiv_patch.o
 .bss           0x0000000000000000        0x0 ./Aplicacion/aeabi_romdiv_patch.o
 .text.__aeabi_idiv
                0x0000000000000000       0x10 ./Aplicacion/aeabi_romdiv_patch.o
 .text.__aeabi_uidiv
                0x0000000000000000       0x10 ./Aplicacion/aeabi_romdiv_patch.o
 .debug_line    0x0000000000000000       0x6c ./Aplicacion/aeabi_romdiv_patch.o
 .debug_info    0x0000000000000000       0x22 ./Aplicacion/aeabi_romdiv_patch.o
 .debug_abbrev  0x0000000000000000       0x12 ./Aplicacion/aeabi_romdiv_patch.o
 .debug_aranges
                0x0000000000000000       0x28 ./Aplicacion/aeabi_romdiv_patch.o
 .debug_str     0x0000000000000000       0x8d ./Aplicacion/aeabi_romdiv_patch.o
 .debug_ranges  0x0000000000000000       0x20 ./Aplicacion/aeabi_romdiv_patch.o
 .ARM.attributes
                0x0000000000000000       0x1c ./Aplicacion/aeabi_romdiv_patch.o
 .group         0x0000000000000000        0xc ./Aplicacion/cr_startup_lpc84x.o
 .text          0x0000000000000000        0x0 ./Aplicacion/cr_startup_lpc84x.o
 .data          0x0000000000000000        0x0 ./Aplicacion/cr_startup_lpc84x.o
 .bss           0x0000000000000000        0x0 ./Aplicacion/cr_startup_lpc84x.o
 .debug_macro   0x0000000000000000      0xa66 ./Aplicacion/cr_startup_lpc84x.o
 .group         0x0000000000000000        0xc ./Aplicacion/crp.o
 .group         0x0000000000000000        0xc ./Aplicacion/crp.o
 .text          0x0000000000000000        0x0 ./Aplicacion/crp.o
 .data          0x0000000000000000        0x0 ./Aplicacion/crp.o
 .bss           0x0000000000000000        0x0 ./Aplicacion/crp.o
 .debug_macro   0x0000000000000000      0xa66 ./Aplicacion/crp.o
 .group         0x0000000000000000        0xc ./Aplicacion/mtb.o
 .group         0x0000000000000000        0xc ./Aplicacion/mtb.o
 .group         0x0000000000000000        0xc ./Aplicacion/mtb.o
 .text          0x0000000000000000        0x0 ./Aplicacion/mtb.o
 .data          0x0000000000000000        0x0 ./Aplicacion/mtb.o
 .bss           0x0000000000000000        0x0 ./Aplicacion/mtb.o
 .debug_macro   0x0000000000000000      0xa66 ./Aplicacion/mtb.o
 .text          0x0000000000000000        0x0 /usr/local/mcuxpressoide-11.5.1_7266/ide/plugins/com.nxp.mcuxpresso.tools.linux_11.5.1.202201181444/tools/bin/../lib/gcc/arm-none-eabi/10.3.1/../../../../arm-none-eabi/lib/thumb/v6-m/nofp/libcr_c.a(__weak__main.o)
 .data          0x0000000000000000        0x0 /usr/local/mcuxpressoide-11.5.1_7266/ide/plugins/com.nxp.mcuxpresso.tools.linux_11.5.1.202201181444/tools/bin/../lib/gcc/arm-none-eabi/10.3.1/../../../../arm-none-eabi/lib/thumb/v6-m/nofp/libcr_c.a(__weak__main.o)
 .bss           0x0000000000000000        0x0 /usr/local/mcuxpressoide-11.5.1_7266/ide/plugins/com.nxp.mcuxpresso.tools.linux_11.5.1.202201181444/tools/bin/../lib/gcc/arm-none-eabi/10.3.1/../../../../arm-none-eabi/lib/thumb/v6-m/nofp/libcr_c.a(__weak__main.o)

Memory Configuration

Name             Origin             Length             Attributes
MFlash64         0x0000000000000000 0x0000000000010000 xr
RamLoc16         0x0000000010000000 0x0000000000004000 xrw
*default*        0x0000000000000000 0xffffffffffffffff

Linker script and memory map

LOAD ./Primitivas/PR_7Seg.o
LOAD ./Primitivas/Pr_Tecla.o
LOAD ./Primitivas/Pr_serie.o
LOAD ./Drivers/DR_7Seg.o
LOAD ./Drivers/DR_GPIO.o
LOAD ./Drivers/DR_Init.o
LOAD ./Drivers/DR_Teclado.o
LOAD ./Drivers/Dr_Serie.o
LOAD ./Drivers/Systick.o
LOAD ./Aplicacion/ComunicacionSerie.o
LOAD ./Aplicacion/aeabi_romdiv_patch.o
LOAD ./Aplicacion/cr_startup_lpc84x.o
LOAD ./Aplicacion/crp.o
LOAD ./Aplicacion/mtb.o
START GROUP
LOAD /usr/local/mcuxpressoide-11.5.1_7266/ide/plugins/com.nxp.mcuxpresso.tools.linux_11.5.1.202201181444/tools/bin/../lib/gcc/arm-none-eabi/10.3.1/../../../../arm-none-eabi/lib/thumb/v6-m/nofp/libcr_c.a
LOAD /usr/local/mcuxpressoide-11.5.1_7266/ide/plugins/com.nxp.mcuxpresso.tools.linux_11.5.1.202201181444/tools/bin/../lib/gcc/arm-none-eabi/10.3.1/thumb/v6-m/nofp/libcr_eabihelpers.a
LOAD /usr/local/mcuxpressoide-11.5.1_7266/ide/plugins/com.nxp.mcuxpresso.tools.linux_11.5.1.202201181444/tools/bin/../lib/gcc/arm-none-eabi/10.3.1/thumb/v6-m/nofp/libgcc.a
END GROUP
                0x0000000000000000                __base_MFlash64 = 0x0
                0x0000000000000000                __base_Flash = 0x0
                0x0000000000010000                __top_MFlash64 = 0x10000
                0x0000000000010000                __top_Flash = 0x10000
                0x0000000010000000                __base_RamLoc16 = 0x10000000
                0x0000000010000000                __base_RAM = 0x10000000
                0x0000000010004000                __top_RamLoc16 = 0x10004000
                0x0000000010004000                __top_RAM = 0x10004000

.text           0x0000000000000000      0xbb0
 FILL mask 0xff
                0x0000000000000000                __vectors_start__ = ABSOLUTE (.)
 *(.isr_vector)
 .isr_vector    0x0000000000000000       0xc0 ./Aplicacion/cr_startup_lpc84x.o
                0x0000000000000000                g_pfnVectors
                0x00000000000000c0                . = ALIGN (0x4)
                0x00000000000000c0                __section_table_start = .
                0x00000000000000c0                __data_section_table = .
                0x00000000000000c0        0x4 LONG 0xbb0 LOADADDR (.data)
                0x00000000000000c4        0x4 LONG 0x10000100 ADDR (.data)
                0x00000000000000c8        0x4 LONG 0x4 SIZEOF (.data)
                0x00000000000000cc                __data_section_table_end = .
                0x00000000000000cc                __bss_section_table = .
                0x00000000000000cc        0x4 LONG 0x10000104 ADDR (.bss)
                0x00000000000000d0        0x4 LONG 0x2c SIZEOF (.bss)
                0x00000000000000d4                __bss_section_table_end = .
                0x00000000000000d4                __section_table_end = .
 *(.after_vectors*)
 .after_vectors
                0x00000000000000d4      0x144 ./Aplicacion/cr_startup_lpc84x.o
                0x00000000000000d4                data_init
                0x0000000000000116                bss_init
                0x000000000000014c                ResetISR
                0x00000000000001f4                NMI_Handler
                0x00000000000001fa                HardFault_Handler
                0x0000000000000200                SVC_Handler
                0x0000000000000206                PendSV_Handler
                0x0000000000000212                CMP_IRQHandler
                0x0000000000000212                PININT7_IRQHandler
                0x0000000000000212                I2C0_IRQHandler
                0x0000000000000212                WKT_IRQHandler
                0x0000000000000212                PININT2_IRQHandler
                0x0000000000000212                PININT1_IRQHandler
                0x0000000000000212                MRT_IRQHandler
                0x0000000000000212                I2C1_IRQHandler
                0x0000000000000212                UART1_IRQHandler
                0x0000000000000212                ADC_SEQB_IRQHandler
                0x0000000000000212                UART0_IRQHandler
                0x0000000000000212                SPI1_IRQHandler
                0x0000000000000212                IntDefaultHandler
                0x0000000000000212                ADC_OVR_IRQHandler
                0x0000000000000212                I2C2_IRQHandler
                0x0000000000000212                PININT3_IRQHandler
                0x0000000000000212                UART2_IRQHandler
                0x0000000000000212                PININT5_IRQHandler
                0x0000000000000212                PININT4_IRQHandler
                0x0000000000000212                ADC_THCMP_IRQHandler
                0x0000000000000212                PININT0_IRQHandler
                0x0000000000000212                BOD_IRQHandler
                0x0000000000000212                I2C3_IRQHandler
                0x0000000000000212                SCT_IRQHandler
                0x0000000000000212                WDT_IRQHandler
                0x0000000000000212                ADC_SEQA_IRQHandler
                0x0000000000000212                FAIM_IRQHandler
                0x0000000000000212                DAC0_IRQHandler
                0x0000000000000212                PININT6_IRQHandler
                0x0000000000000212                SPI0_IRQHandler
                0x0000000000000212                DMA_IRQHandler
                0x0000000000000212                FLASH_IRQHandler
                0x0000000000000212                CTIMER0_IRQHandler
                0x00000000000002fc                . = 0x2fc
 *fill*         0x0000000000000218       0xe4 ff
                0x00000000000002fc                PROVIDE (__CRP_WORD_START__ = .)
 *(.crp)
 .crp           0x00000000000002fc        0x4 ./Aplicacion/crp.o
                0x00000000000002fc                CRP_WORD
                0x0000000000000300                PROVIDE (__CRP_WORD_END__ = .)
                0x0000000000000001                ASSERT (! ((__CRP_WORD_START__ == __CRP_WORD_END__)), Linker CRP Enabled, but no CRP_WORD provided within application)
 *(.text*)
 .text.getKey   0x0000000000000300       0x38 ./Primitivas/Pr_Tecla.o
                0x0000000000000300                getKey
 .text.Transmitir
                0x0000000000000338       0x5e ./Primitivas/Pr_serie.o
                0x0000000000000338                Transmitir
 *fill*         0x0000000000000396        0x2 ff
 .text.Push_Tx  0x0000000000000398       0x54 ./Primitivas/Pr_serie.o
                0x0000000000000398                Push_Tx
 .text.BarridoDisplay
                0x00000000000003ec      0x118 ./Drivers/DR_7Seg.o
                0x00000000000003ec                BarridoDisplay
 .text.InitGPIO
                0x0000000000000504       0xfc ./Drivers/DR_GPIO.o
                0x0000000000000504                InitGPIO
 .text.initdisplay
                0x0000000000000600       0x96 ./Drivers/DR_GPIO.o
                0x0000000000000600                initdisplay
 .text.SetDIR   0x0000000000000696       0x7e ./Drivers/DR_GPIO.o
                0x0000000000000696                SetDIR
 .text.SetPIN   0x0000000000000714       0x7e ./Drivers/DR_GPIO.o
                0x0000000000000714                SetPIN
 .text.GetPIN   0x0000000000000792       0x3a ./Drivers/DR_GPIO.o
                0x0000000000000792                GetPIN
 .text.SetPINMODE_IN
                0x00000000000007cc       0x34 ./Drivers/DR_GPIO.o
                0x00000000000007cc                SetPINMODE_IN
 .text.InitHw   0x0000000000000800       0x1e ./Drivers/DR_Init.o
                0x0000000000000800                InitHw
 *fill*         0x000000000000081e        0x2 ff
 .text.InitPLL  0x0000000000000820       0x88 ./Drivers/DR_Init.o
                0x0000000000000820                InitPLL
 .text.UART0_Init
                0x00000000000008a8       0xb0 ./Drivers/DR_Init.o
                0x00000000000008a8                UART0_Init
 .text.DriverTecladoSW
                0x0000000000000958       0x60 ./Drivers/DR_Teclado.o
                0x0000000000000958                DriverTecladoSW
 .text.getTecla
                0x00000000000009b8      0x152 ./Drivers/DR_Teclado.o
                0x00000000000009b8                getTecla
 *fill*         0x0000000000000b0a        0x2 ff
 .text.SysTick_Handler
                0x0000000000000b0c       0x40 ./Drivers/Systick.o
                0x0000000000000b0c                SysTick_Handler
 .text.InitSystick
                0x0000000000000b4c       0x28 ./Drivers/Systick.o
                0x0000000000000b4c                InitSystick
 .text.main     0x0000000000000b74       0x30 ./Aplicacion/ComunicacionSerie.o
                0x0000000000000b74                main
 .text.__weak_main
                0x0000000000000ba4        0x8 /usr/local/mcuxpressoide-11.5.1_7266/ide/plugins/com.nxp.mcuxpresso.tools.linux_11.5.1.202201181444/tools/bin/../lib/gcc/arm-none-eabi/10.3.1/../../../../arm-none-eabi/lib/thumb/v6-m/nofp/libcr_c.a(__weak__main.o)
                0x0000000000000ba4                __main
                0x0000000000000ba4                __weak_main
 *(.rodata .rodata.* .constdata .constdata.*)
 .rodata.main.str1.4
                0x0000000000000bac        0x2 ./Aplicacion/ComunicacionSerie.o
                0x0000000000000bb0                . = ALIGN (0x4)
 *fill*         0x0000000000000bae        0x2 ff

.glue_7         0x0000000000000bb0        0x0
 .glue_7        0x0000000000000bb0        0x0 linker stubs

.glue_7t        0x0000000000000bb0        0x0
 .glue_7t       0x0000000000000bb0        0x0 linker stubs

.vfp11_veneer   0x0000000000000bb0        0x0
 .vfp11_veneer  0x0000000000000bb0        0x0 linker stubs

.v4_bx          0x0000000000000bb0        0x0
 .v4_bx         0x0000000000000bb0        0x0 linker stubs

.iplt           0x0000000000000bb0        0x0
 .iplt          0x0000000000000bb0        0x0 ./Primitivas/Pr_Tecla.o

.rel.dyn        0x0000000000000bb0        0x0
 .rel.iplt      0x0000000000000bb0        0x0 ./Primitivas/Pr_Tecla.o

.ARM.extab
 *(.ARM.extab* .gnu.linkonce.armextab.*)

.ARM.exidx      0x0000000000000bb0        0x0
                0x0000000000000bb0                __exidx_start = .
 *(.ARM.exidx* .gnu.linkonce.armexidx.*)
                0x0000000000000bb0                __exidx_end = .
                0x0000000000000bb0                _etext = .

.mtb_buffer_default
                0x0000000010000000      0x100
 *(.mtb*)
 .mtb.$RAM1     0x0000000010000000      0x100 ./Aplicacion/mtb.o
                0x0000000010000000                __mtb_buffer__

.uninit_RESERVED
                0x0000000010000100        0x0
                0x0000000010000100                _start_uninit_RESERVED = .
 *(.bss.$RESERVED*)
                0x0000000010000100                . = ALIGN (0x4)
                0x0000000010000100                _end_uninit_RESERVED = .

.data           0x0000000010000100        0x4 load address 0x0000000000000bb0
 FILL mask 0xff
                0x0000000010000100                _data = .
                [!provide]                        PROVIDE (__start_data_RAM = .)
                [!provide]                        PROVIDE (__start_data_RamLoc16 = .)
 *(vtable)
 *(.ramfunc*)
 *(CodeQuickAccess)
 *(DataQuickAccess)
 *(RamFunction)
 *(.data*)
 .data.fro_set_frec
                0x0000000010000100        0x4 ./Drivers/DR_Init.o
                0x0000000010000100                fro_set_frec
                0x0000000010000104                . = ALIGN (0x4)
                0x0000000010000104                _edata = .
                [!provide]                        PROVIDE (__end_data_RAM = .)
                [!provide]                        PROVIDE (__end_data_RamLoc16 = .)

.igot.plt       0x0000000010000104        0x0 load address 0x0000000000000bb4
 .igot.plt      0x0000000010000104        0x0 ./Primitivas/Pr_Tecla.o

.bss            0x0000000010000104       0x2c
                0x0000000010000104                _bss = .
                [!provide]                        PROVIDE (__start_bss_RAM = .)
                [!provide]                        PROVIDE (__start_bss_RamLoc16 = .)
 *(.bss*)
 .bss.Buffer_Tx
                0x0000000010000104       0x14 ./Primitivas/Pr_serie.o
                0x0000000010000104                Buffer_Tx
 .bss.in_tx.0   0x0000000010000118        0x1 ./Primitivas/Pr_serie.o
 *fill*         0x0000000010000119        0x3 
 .bss.Digitos_Display
                0x000000001000011c        0x4 ./Drivers/DR_7Seg.o
                0x000000001000011c                Digitos_Display
 .bss.indice_display.0
                0x0000000010000120        0x4 ./Drivers/DR_7Seg.o
 .bss.Tecla     0x0000000010000124        0x1 ./Drivers/DR_Teclado.o
                0x0000000010000124                Tecla
 .bss.contador.0
                0x0000000010000125        0x1 ./Drivers/DR_Teclado.o
 .bss.cont.0    0x0000000010000126        0x1 ./Drivers/Systick.o
 *fill*         0x0000000010000127        0x1 
 .bss.pDivRom_idiv
                0x0000000010000128        0x4 ./Aplicacion/cr_startup_lpc84x.o
                0x0000000010000128                pDivRom_idiv
 .bss.pDivRom_uidiv
                0x000000001000012c        0x4 ./Aplicacion/cr_startup_lpc84x.o
                0x000000001000012c                pDivRom_uidiv
 *(COMMON)
                0x0000000010000130                . = ALIGN (0x4)
                0x0000000010000130                _ebss = .
                [!provide]                        PROVIDE (__end_bss_RAM = .)
                [!provide]                        PROVIDE (__end_bss_RamLoc16 = .)
                [!provide]                        PROVIDE (end = .)

.noinit         0x0000000010000130        0x0
                0x0000000010000130                _noinit = .
                [!provide]                        PROVIDE (__start_noinit_RAM = .)
                [!provide]                        PROVIDE (__start_noinit_RamLoc16 = .)
 *(.noinit*)
                0x0000000010000130                . = ALIGN (0x4)
                0x0000000010000130                _end_noinit = .
                [!provide]                        PROVIDE (__end_noinit_RAM = .)
                [!provide]                        PROVIDE (__end_noinit_RamLoc16 = .)
                [!provide]                        PROVIDE (_pvHeapStart = DEFINED (__user_heap_base)?__user_heap_base:.)
                0x0000000010004000                PROVIDE (_vStackTop = DEFINED (__user_stack_top)?__user_stack_top:(__top_RamLoc16 - 0x0))
                0xffffffffefffbac3                PROVIDE (__valid_user_code_checksum = (0x0 - (((_vStackTop + (ResetISR + 0x1)) + (DEFINED (NMI_Handler)?NMI_Handler:M0_NMI_Handler + 0x1)) + (DEFINED (HardFault_Handler)?HardFault_Handler:M0_HardFault_Handler + 0x1))))
                0x0000000000000000                _image_start = LOADADDR (.text)
                0x0000000000000bb4                _image_end = (LOADADDR (.data) + SIZEOF (.data))
                0x0000000000000bb4                _image_size = (_image_end - _image_start)
OUTPUT(ComunicacionSerie.axf elf32-littlearm)
LOAD linker stubs

.debug_info     0x0000000000000000     0x1891
 .debug_info    0x0000000000000000       0x97 ./Primitivas/Pr_Tecla.o
 .debug_info    0x0000000000000097      0x2f0 ./Primitivas/Pr_serie.o
 .debug_info    0x0000000000000387       0xc0 ./Drivers/DR_7Seg.o
 .debug_info    0x0000000000000447      0x888 ./Drivers/DR_GPIO.o
 .debug_info    0x0000000000000ccf      0x631 ./Drivers/DR_Init.o
 .debug_info    0x0000000000001300       0xdd ./Drivers/DR_Teclado.o
 .debug_info    0x00000000000013dd      0x138 ./Drivers/Systick.o
 .debug_info    0x0000000000001515       0x86 ./Aplicacion/ComunicacionSerie.o
 .debug_info    0x000000000000159b      0x262 ./Aplicacion/cr_startup_lpc84x.o
 .debug_info    0x00000000000017fd       0x40 ./Aplicacion/crp.o
 .debug_info    0x000000000000183d       0x54 ./Aplicacion/mtb.o

.debug_abbrev   0x0000000000000000      0x960
 .debug_abbrev  0x0000000000000000       0x83 ./Primitivas/Pr_Tecla.o
 .debug_abbrev  0x0000000000000083      0x169 ./Primitivas/Pr_serie.o
 .debug_abbrev  0x00000000000001ec       0xa4 ./Drivers/DR_7Seg.o
 .debug_abbrev  0x0000000000000290      0x16a ./Drivers/DR_GPIO.o
 .debug_abbrev  0x00000000000003fa      0x188 ./Drivers/DR_Init.o
 .debug_abbrev  0x0000000000000582       0xbf ./Drivers/DR_Teclado.o
 .debug_abbrev  0x0000000000000641      0x103 ./Drivers/Systick.o
 .debug_abbrev  0x0000000000000744       0x69 ./Aplicacion/ComunicacionSerie.o
 .debug_abbrev  0x00000000000007ad      0x135 ./Aplicacion/cr_startup_lpc84x.o
 .debug_abbrev  0x00000000000008e2       0x38 ./Aplicacion/crp.o
 .debug_abbrev  0x000000000000091a       0x46 ./Aplicacion/mtb.o

.debug_aranges  0x0000000000000000      0x208
 .debug_aranges
                0x0000000000000000       0x20 ./Primitivas/Pr_Tecla.o
 .debug_aranges
                0x0000000000000020       0x48 ./Primitivas/Pr_serie.o
 .debug_aranges
                0x0000000000000068       0x20 ./Drivers/DR_7Seg.o
 .debug_aranges
                0x0000000000000088       0x50 ./Drivers/DR_GPIO.o
 .debug_aranges
                0x00000000000000d8       0x30 ./Drivers/DR_Init.o
 .debug_aranges
                0x0000000000000108       0x28 ./Drivers/DR_Teclado.o
 .debug_aranges
                0x0000000000000130       0x28 ./Drivers/Systick.o
 .debug_aranges
                0x0000000000000158       0x20 ./Aplicacion/ComunicacionSerie.o
 .debug_aranges
                0x0000000000000178       0x60 ./Aplicacion/cr_startup_lpc84x.o
 .debug_aranges
                0x00000000000001d8       0x18 ./Aplicacion/crp.o
 .debug_aranges
                0x00000000000001f0       0x18 ./Aplicacion/mtb.o

.debug_ranges   0x0000000000000000      0x148
 .debug_ranges  0x0000000000000000       0x10 ./Primitivas/Pr_Tecla.o
 .debug_ranges  0x0000000000000010       0x38 ./Primitivas/Pr_serie.o
 .debug_ranges  0x0000000000000048       0x10 ./Drivers/DR_7Seg.o
 .debug_ranges  0x0000000000000058       0x40 ./Drivers/DR_GPIO.o
 .debug_ranges  0x0000000000000098       0x20 ./Drivers/DR_Init.o
 .debug_ranges  0x00000000000000b8       0x18 ./Drivers/DR_Teclado.o
 .debug_ranges  0x00000000000000d0       0x18 ./Drivers/Systick.o
 .debug_ranges  0x00000000000000e8       0x10 ./Aplicacion/ComunicacionSerie.o
 .debug_ranges  0x00000000000000f8       0x50 ./Aplicacion/cr_startup_lpc84x.o

.debug_macro    0x0000000000000000      0x3da
 .debug_macro   0x0000000000000000       0x80 ./Primitivas/Pr_Tecla.o
 .debug_macro   0x0000000000000080       0x2a ./Primitivas/Pr_serie.o
 .debug_macro   0x00000000000000aa       0x55 ./Drivers/DR_7Seg.o
 .debug_macro   0x00000000000000ff       0x2d ./Drivers/DR_GPIO.o
 .debug_macro   0x000000000000012c       0x52 ./Drivers/DR_Init.o
 .debug_macro   0x000000000000017e       0x10 ./Drivers/DR_Init.o
 .debug_macro   0x000000000000018e       0x57 ./Drivers/DR_Teclado.o
 .debug_macro   0x00000000000001e5       0x45 ./Drivers/Systick.o
 .debug_macro   0x000000000000022a       0x64 ./Aplicacion/ComunicacionSerie.o
 .debug_macro   0x000000000000028e       0x10 ./Aplicacion/ComunicacionSerie.o
 .debug_macro   0x000000000000029e       0x10 ./Aplicacion/ComunicacionSerie.o
 .debug_macro   0x00000000000002ae       0x23 ./Aplicacion/cr_startup_lpc84x.o
 .debug_macro   0x00000000000002d1       0x1a ./Aplicacion/crp.o
 .debug_macro   0x00000000000002eb       0x34 ./Aplicacion/crp.o
 .debug_macro   0x000000000000031f       0x29 ./Aplicacion/mtb.o
 .debug_macro   0x0000000000000348       0x82 ./Aplicacion/mtb.o
 .debug_macro   0x00000000000003ca       0x10 ./Aplicacion/mtb.o

.debug_line     0x0000000000000000      0xeb0
 .debug_line    0x0000000000000000      0x126 ./Primitivas/Pr_Tecla.o
 .debug_line    0x0000000000000126      0x1c4 ./Primitivas/Pr_serie.o
 .debug_line    0x00000000000002ea      0x10c ./Drivers/DR_7Seg.o
 .debug_line    0x00000000000003f6      0x1f2 ./Drivers/DR_GPIO.o
 .debug_line    0x00000000000005e8      0x181 ./Drivers/DR_Init.o
 .debug_line    0x0000000000000769      0x1b6 ./Drivers/DR_Teclado.o
 .debug_line    0x000000000000091f      0x128 ./Drivers/Systick.o
 .debug_line    0x0000000000000a47      0x180 ./Aplicacion/ComunicacionSerie.o
 .debug_line    0x0000000000000bc7      0x154 ./Aplicacion/cr_startup_lpc84x.o
 .debug_line    0x0000000000000d1b       0xbc ./Aplicacion/crp.o
 .debug_line    0x0000000000000dd7       0xd9 ./Aplicacion/mtb.o

.debug_str      0x0000000000000000     0x48c6
 .debug_str     0x0000000000000000     0x3af7 ./Primitivas/Pr_Tecla.o
                                       0x3b41 (size before relaxing)
 .debug_str     0x0000000000003af7       0xef ./Primitivas/Pr_serie.o
                                       0x3a11 (size before relaxing)
 .debug_str     0x0000000000003be6       0x6f ./Drivers/DR_7Seg.o
                                       0x3aac (size before relaxing)
 .debug_str     0x0000000000003c55      0x3a6 ./Drivers/DR_GPIO.o
                                       0x3dd4 (size before relaxing)
 .debug_str     0x0000000000003ffb       0x3c ./Drivers/DR_Init.o
                                       0x3e3c (size before relaxing)
 .debug_str     0x0000000000004037       0x3a ./Drivers/DR_Teclado.o
                                       0x3b38 (size before relaxing)
 .debug_str     0x0000000000004071       0x53 ./Drivers/Systick.o
                                       0x3ad3 (size before relaxing)
 .debug_str     0x00000000000040c4       0x2d ./Aplicacion/ComunicacionSerie.o
                                       0x3b16 (size before relaxing)
 .debug_str     0x00000000000040f1      0x1c5 ./Aplicacion/cr_startup_lpc84x.o
                                       0x2e4a (size before relaxing)
 .debug_str     0x00000000000042b6       0xf0 ./Aplicacion/crp.o
                                       0x2d5f (size before relaxing)
 .debug_str     0x00000000000043a6      0x520 ./Aplicacion/mtb.o
                                       0x3194 (size before relaxing)

.comment        0x0000000000000000       0x49
 .comment       0x0000000000000000       0x49 ./Primitivas/Pr_Tecla.o
                                         0x4a (size before relaxing)
 .comment       0x0000000000000049       0x4a ./Primitivas/Pr_serie.o
 .comment       0x0000000000000049       0x4a ./Drivers/DR_7Seg.o
 .comment       0x0000000000000049       0x4a ./Drivers/DR_GPIO.o
 .comment       0x0000000000000049       0x4a ./Drivers/DR_Init.o
 .comment       0x0000000000000049       0x4a ./Drivers/DR_Teclado.o
 .comment       0x0000000000000049       0x4a ./Drivers/Systick.o
 .comment       0x0000000000000049       0x4a ./Aplicacion/ComunicacionSerie.o
 .comment       0x0000000000000049       0x4a ./Aplicacion/cr_startup_lpc84x.o
 .comment       0x0000000000000049       0x4a ./Aplicacion/crp.o
 .comment       0x0000000000000049       0x4a ./Aplicacion/mtb.o
 .comment       0x0000000000000049       0x4a /usr/local/mcuxpressoide-11.5.1_7266/ide/plugins/com.nxp.mcuxpresso.tools.linux_11.5.1.202201181444/tools/bin/../lib/gcc/arm-none-eabi/10.3.1/../../../../arm-none-eabi/lib/thumb/v6-m/nofp/libcr_c.a(__weak__main.o)

.ARM.attributes
                0x0000000000000000       0x2a
 .ARM.attributes
                0x0000000000000000       0x2c ./Primitivas/Pr_Tecla.o
 .ARM.attributes
                0x000000000000002c       0x2c ./Primitivas/Pr_serie.o
 .ARM.attributes
                0x0000000000000058       0x2c ./Drivers/DR_7Seg.o
 .ARM.attributes
                0x0000000000000084       0x2c ./Drivers/DR_GPIO.o
 .ARM.attributes
                0x00000000000000b0       0x2c ./Drivers/DR_Init.o
 .ARM.attributes
                0x00000000000000dc       0x2c ./Drivers/DR_Teclado.o
 .ARM.attributes
                0x0000000000000108       0x2c ./Drivers/Systick.o
 .ARM.attributes
                0x0000000000000134       0x2c ./Aplicacion/ComunicacionSerie.o
 .ARM.attributes
                0x0000000000000160       0x2c ./Aplicacion/cr_startup_lpc84x.o
 .ARM.attributes
                0x000000000000018c       0x31 ./Aplicacion/crp.o
 .ARM.attributes
                0x00000000000001bd       0x31 ./Aplicacion/mtb.o
 .ARM.attributes
                0x00000000000001ee       0x2c /usr/local/mcuxpressoide-11.5.1_7266/ide/plugins/com.nxp.mcuxpresso.tools.linux_11.5.1.202201181444/tools/bin/../lib/gcc/arm-none-eabi/10.3.1/../../../../arm-none-eabi/lib/thumb/v6-m/nofp/libcr_c.a(__weak__main.o)

.debug_frame    0x0000000000000000      0x464
 .debug_frame   0x0000000000000000       0x30 ./Primitivas/Pr_Tecla.o
 .debug_frame   0x0000000000000030       0xd0 ./Primitivas/Pr_serie.o
 .debug_frame   0x0000000000000100       0x30 ./Drivers/DR_7Seg.o
 .debug_frame   0x0000000000000130       0xec ./Drivers/DR_GPIO.o
 .debug_frame   0x000000000000021c       0x64 ./Drivers/DR_Init.o
 .debug_frame   0x0000000000000280       0x50 ./Drivers/DR_Teclado.o
 .debug_frame   0x00000000000002d0       0x4c ./Drivers/Systick.o
 .debug_frame   0x000000000000031c       0x30 ./Aplicacion/ComunicacionSerie.o
 .debug_frame   0x000000000000034c      0x118 ./Aplicacion/cr_startup_lpc84x.o

Cross Reference Table

Symbol                                            File
ADC_OVR_IRQHandler                                ./Aplicacion/cr_startup_lpc84x.o
ADC_SEQA_IRQHandler                               ./Aplicacion/cr_startup_lpc84x.o
ADC_SEQB_IRQHandler                               ./Aplicacion/cr_startup_lpc84x.o
ADC_THCMP_IRQHandler                              ./Aplicacion/cr_startup_lpc84x.o
BOD_IRQHandler                                    ./Aplicacion/cr_startup_lpc84x.o
BarridoDisplay                                    ./Drivers/DR_7Seg.o
                                                  ./Drivers/Systick.o
Buffer_Rx                                         ./Primitivas/Pr_serie.o
Buffer_Tx                                         ./Primitivas/Pr_serie.o
CMP_IRQHandler                                    ./Aplicacion/cr_startup_lpc84x.o
CRP_WORD                                          ./Aplicacion/crp.o
CTIMER0_IRQHandler                                ./Aplicacion/cr_startup_lpc84x.o
DAC0_IRQHandler                                   ./Aplicacion/cr_startup_lpc84x.o
DMA_IRQHandler                                    ./Aplicacion/cr_startup_lpc84x.o
Digitos_Display                                   ./Drivers/DR_7Seg.o
                                                  ./Primitivas/PR_7Seg.o
DriverTecladoSW                                   ./Drivers/DR_Teclado.o
                                                  ./Drivers/Systick.o
FAIM_IRQHandler                                   ./Aplicacion/cr_startup_lpc84x.o
FLASH_IRQHandler                                  ./Aplicacion/cr_startup_lpc84x.o
GetPIN                                            ./Drivers/DR_GPIO.o
                                                  ./Drivers/DR_Teclado.o
HardFault_Handler                                 ./Aplicacion/cr_startup_lpc84x.o
I2C0_IRQHandler                                   ./Aplicacion/cr_startup_lpc84x.o
I2C1_IRQHandler                                   ./Aplicacion/cr_startup_lpc84x.o
I2C2_IRQHandler                                   ./Aplicacion/cr_startup_lpc84x.o
I2C3_IRQHandler                                   ./Aplicacion/cr_startup_lpc84x.o
InitGPIO                                          ./Drivers/DR_GPIO.o
                                                  ./Drivers/DR_Init.o
InitHw                                            ./Drivers/DR_Init.o
                                                  ./Aplicacion/ComunicacionSerie.o
InitPLL                                           ./Drivers/DR_Init.o
InitSystick                                       ./Drivers/Systick.o
                                                  ./Drivers/DR_Init.o
IntDefaultHandler                                 ./Aplicacion/cr_startup_lpc84x.o
MRT_IRQHandler                                    ./Aplicacion/cr_startup_lpc84x.o
NMI_Handler                                       ./Aplicacion/cr_startup_lpc84x.o
PININT0_IRQHandler                                ./Aplicacion/cr_startup_lpc84x.o
PININT1_IRQHandler                                ./Aplicacion/cr_startup_lpc84x.o
PININT2_IRQHandler                                ./Aplicacion/cr_startup_lpc84x.o
PININT3_IRQHandler                                ./Aplicacion/cr_startup_lpc84x.o
PININT4_IRQHandler                                ./Aplicacion/cr_startup_lpc84x.o
PININT5_IRQHandler                                ./Aplicacion/cr_startup_lpc84x.o
PININT6_IRQHandler                                ./Aplicacion/cr_startup_lpc84x.o
PININT7_IRQHandler                                ./Aplicacion/cr_startup_lpc84x.o
PendSV_Handler                                    ./Aplicacion/cr_startup_lpc84x.o
PopRx                                             ./Primitivas/Pr_serie.o
PopTx                                             ./Primitivas/Pr_serie.o
                                                  ./Drivers/Dr_Serie.o
Push_Rx                                           ./Primitivas/Pr_serie.o
                                                  ./Drivers/Dr_Serie.o
Push_Tx                                           ./Primitivas/Pr_serie.o
RecibirSerie                                      ./Primitivas/Pr_serie.o
ResetISR                                          ./Aplicacion/cr_startup_lpc84x.o
SCT_IRQHandler                                    ./Aplicacion/cr_startup_lpc84x.o
SPI0_IRQHandler                                   ./Aplicacion/cr_startup_lpc84x.o
SPI1_IRQHandler                                   ./Aplicacion/cr_startup_lpc84x.o
SVC_Handler                                       ./Aplicacion/cr_startup_lpc84x.o
SetDIR                                            ./Drivers/DR_GPIO.o
SetPIN                                            ./Drivers/DR_GPIO.o
                                                  ./Drivers/DR_Teclado.o
                                                  ./Drivers/DR_7Seg.o
SetPINMODE_IN                                     ./Drivers/DR_GPIO.o
SetPINMODE_OUT                                    ./Drivers/DR_GPIO.o
SysTick_Handler                                   ./Drivers/Systick.o
Tecla                                             ./Drivers/DR_Teclado.o
                                                  ./Primitivas/Pr_Tecla.o
Transmitir                                        ./Primitivas/Pr_serie.o
                                                  ./Aplicacion/ComunicacionSerie.o
UART0_IRQHandler                                  ./Aplicacion/cr_startup_lpc84x.o
UART0_Init                                        ./Drivers/DR_Init.o
UART1_IRQHandler                                  ./Aplicacion/cr_startup_lpc84x.o
UART2_IRQHandler                                  ./Aplicacion/cr_startup_lpc84x.o
USART0_IRQHandler                                 ./Drivers/Dr_Serie.o
WDT_IRQHandler                                    ./Aplicacion/cr_startup_lpc84x.o
WKT_IRQHandler                                    ./Aplicacion/cr_startup_lpc84x.o
__aeabi_idiv                                      ./Aplicacion/aeabi_romdiv_patch.o
__aeabi_idivmod                                   ./Aplicacion/aeabi_romdiv_patch.o
__aeabi_uidiv                                     ./Aplicacion/aeabi_romdiv_patch.o
                                                  ./Primitivas/PR_7Seg.o
__aeabi_uidivmod                                  ./Aplicacion/aeabi_romdiv_patch.o
                                                  ./Primitivas/Pr_serie.o
                                                  ./Primitivas/PR_7Seg.o
__bss_section_table_end                           ./Aplicacion/cr_startup_lpc84x.o
__data_section_table                              ./Aplicacion/cr_startup_lpc84x.o
__data_section_table_end                          ./Aplicacion/cr_startup_lpc84x.o
__main                                            /usr/local/mcuxpressoide-11.5.1_7266/ide/plugins/com.nxp.mcuxpresso.tools.linux_11.5.1.202201181444/tools/bin/../lib/gcc/arm-none-eabi/10.3.1/../../../../arm-none-eabi/lib/thumb/v6-m/nofp/libcr_c.a(__weak__main.o)
                                                  ./Aplicacion/cr_startup_lpc84x.o
__mtb_buffer__                                    ./Aplicacion/mtb.o
__valid_user_code_checksum                        ./Aplicacion/cr_startup_lpc84x.o
__weak_main                                       /usr/local/mcuxpressoide-11.5.1_7266/ide/plugins/com.nxp.mcuxpresso.tools.linux_11.5.1.202201181444/tools/bin/../lib/gcc/arm-none-eabi/10.3.1/../../../../arm-none-eabi/lib/thumb/v6-m/nofp/libcr_c.a(__weak__main.o)
_vStackTop                                        ./Aplicacion/cr_startup_lpc84x.o
bss_init                                          ./Aplicacion/cr_startup_lpc84x.o
data_init                                         ./Aplicacion/cr_startup_lpc84x.o
display                                           ./Primitivas/PR_7Seg.o
fro_set_frec                                      ./Drivers/DR_Init.o
g_pfnVectors                                      ./Aplicacion/cr_startup_lpc84x.o
getKey                                            ./Primitivas/Pr_Tecla.o
                                                  ./Aplicacion/ComunicacionSerie.o
getTecla                                          ./Drivers/DR_Teclado.o
in_rx                                             ./Primitivas/Pr_serie.o
in_tx                                             ./Primitivas/Pr_serie.o
initdisplay                                       ./Drivers/DR_GPIO.o
                                                  ./Drivers/DR_Init.o
main                                              ./Aplicacion/ComunicacionSerie.o
                                                  /usr/local/mcuxpressoide-11.5.1_7266/ide/plugins/com.nxp.mcuxpresso.tools.linux_11.5.1.202201181444/tools/bin/../lib/gcc/arm-none-eabi/10.3.1/../../../../arm-none-eabi/lib/thumb/v6-m/nofp/libcr_c.a(__weak__main.o)
out_rx                                            ./Primitivas/Pr_serie.o
out_tx                                            ./Primitivas/Pr_serie.o
pDivRom_idiv                                      ./Aplicacion/cr_startup_lpc84x.o
                                                  ./Aplicacion/aeabi_romdiv_patch.o
pDivRom_uidiv                                     ./Aplicacion/cr_startup_lpc84x.o
                                                  ./Aplicacion/aeabi_romdiv_patch.o
