12:12:05 **** Incremental Build of configuration Debug for project ComunicacionSerie ****
make -r -j2 all 
Building file: ../Aplicacion/ComunicacionSerie.c
Building file: ../Aplicacion/cr_startup_lpc84x.c
Invoking: MCU C Compiler
Invoking: MCU C Compiler
arm-none-eabi-gcc -DDEBUG -D__CODE_RED -DCORE_M0PLUS -D__MTB_BUFFER_SIZE=256 -D__USE_ROMDIVIDE -D__LPC84X__ -D__REDLIB__ -I"/home/chor/Documents/EjemplosMCU2022/ComunicacionSerie.zip_expanded/ComunicacionSerie/Drivers" -I"/home/chor/Documents/EjemplosMCU2022/ComunicacionSerie.zip_expanded/ComunicacionSerie/Primitivas" -O0 -fno-common -g3 -Wall -c -fmessage-length=0 -fno-builtin -ffunction-sections -fdata-sections -fmerge-constants -fmacro-prefix-map="../Aplicacion/"= -mcpu=cortex-m0 -mthumb -fstack-usage -specs=redlib.specs -MMD -MP -MF"Aplicacion/cr_startup_lpc84x.d" -MT"Aplicacion/cr_startup_lpc84x.o" -MT"Aplicacion/cr_startup_lpc84x.d" -o "Aplicacion/cr_startup_lpc84x.o" "../Aplicacion/cr_startup_lpc84x.c"
arm-none-eabi-gcc -DDEBUG -D__CODE_RED -DCORE_M0PLUS -D__MTB_BUFFER_SIZE=256 -D__USE_ROMDIVIDE -D__LPC84X__ -D__REDLIB__ -I"/home/chor/Documents/EjemplosMCU2022/ComunicacionSerie.zip_expanded/ComunicacionSerie/Drivers" -I"/home/chor/Documents/EjemplosMCU2022/ComunicacionSerie.zip_expanded/ComunicacionSerie/Primitivas" -O0 -fno-common -g3 -Wall -c -fmessage-length=0 -fno-builtin -ffunction-sections -fdata-sections -fmerge-constants -fmacro-prefix-map="../Aplicacion/"= -mcpu=cortex-m0 -mthumb -fstack-usage -specs=redlib.specs -MMD -MP -MF"Aplicacion/ComunicacionSerie.d" -MT"Aplicacion/ComunicacionSerie.o" -MT"Aplicacion/ComunicacionSerie.d" -o "Aplicacion/ComunicacionSerie.o" "../Aplicacion/ComunicacionSerie.c"
../Aplicacion/ComunicacionSerie.c: In function 'main':
../Aplicacion/ComunicacionSerie.c:21:17: warning: initialization of 'uint8_t' {aka 'unsigned char'} from 'char *' makes integer from pointer without a cast [-Wint-conversion]
   21 |  uint8_t letra ="a";
      |                 ^~~
../Aplicacion/ComunicacionSerie.c:26:18: warning: passing argument 1 of 'Transmitir' makes pointer from integer without a cast [-Wint-conversion]
   26 |       Transmitir(letra,1);
      |                  ^~~~~
      |                  |
      |                  uint8_t {aka unsigned char}
In file included from ../Aplicacion/ComunicacionSerie.c:13:
/home/chor/Documents/EjemplosMCU2022/ComunicacionSerie.zip_expanded/ComunicacionSerie/Primitivas/Pr_serie.h:12:17: note: expected 'char *' but argument is of type 'uint8_t' {aka 'unsigned char'}
   12 | void Transmitir(char * , uint8_t );
      |                 ^~~~~~
Finished building: ../Aplicacion/cr_startup_lpc84x.c
Finished building: ../Aplicacion/ComunicacionSerie.c
 
 
Building file: ../Aplicacion/crp.c
Building file: ../Aplicacion/mtb.c
Invoking: MCU C Compiler
arm-none-eabi-gcc -DDEBUG -D__CODE_RED -DCORE_M0PLUS -D__MTB_BUFFER_SIZE=256 -D__USE_ROMDIVIDE -D__LPC84X__ -D__REDLIB__ -I"/home/chor/Documents/EjemplosMCU2022/ComunicacionSerie.zip_expanded/ComunicacionSerie/Drivers" -I"/home/chor/Documents/EjemplosMCU2022/ComunicacionSerie.zip_expanded/ComunicacionSerie/Primitivas" -O0 -fno-common -g3 -Wall -c -fmessage-length=0 -fno-builtin -ffunction-sections -fdata-sections -fmerge-constants -fmacro-prefix-map="../Aplicacion/"= -mcpu=cortex-m0 -mthumb -fstack-usage -specs=redlib.specs -MMD -MP -MF"Aplicacion/mtb.d" -MT"Aplicacion/mtb.o" -MT"Aplicacion/mtb.d" -o "Aplicacion/mtb.o" "../Aplicacion/mtb.c"
Invoking: MCU C Compiler
arm-none-eabi-gcc -DDEBUG -D__CODE_RED -DCORE_M0PLUS -D__MTB_BUFFER_SIZE=256 -D__USE_ROMDIVIDE -D__LPC84X__ -D__REDLIB__ -I"/home/chor/Documents/EjemplosMCU2022/ComunicacionSerie.zip_expanded/ComunicacionSerie/Drivers" -I"/home/chor/Documents/EjemplosMCU2022/ComunicacionSerie.zip_expanded/ComunicacionSerie/Primitivas" -O0 -fno-common -g3 -Wall -c -fmessage-length=0 -fno-builtin -ffunction-sections -fdata-sections -fmerge-constants -fmacro-prefix-map="../Aplicacion/"= -mcpu=cortex-m0 -mthumb -fstack-usage -specs=redlib.specs -MMD -MP -MF"Aplicacion/crp.d" -MT"Aplicacion/crp.o" -MT"Aplicacion/crp.d" -o "Aplicacion/crp.o" "../Aplicacion/crp.c"
Finished building: ../Aplicacion/mtb.c
 
Finished building: ../Aplicacion/crp.c
 
Building target: ComunicacionSerie.axf
Invoking: MCU Linker
arm-none-eabi-gcc -nostdlib -Xlinker -Map="ComunicacionSerie.map" -Xlinker --cref -Xlinker --gc-sections -Xlinker -print-memory-usage -mcpu=cortex-m0 -mthumb -T "ComunicacionSerie_Debug.ld" -o "ComunicacionSerie.axf"  ./Primitivas/PR_7Seg.o ./Primitivas/Pr_Tecla.o ./Primitivas/Pr_serie.o  ./Drivers/DR_7Seg.o ./Drivers/DR_GPIO.o ./Drivers/DR_Init.o ./Drivers/DR_Teclado.o ./Drivers/Dr_Serie.o ./Drivers/Systick.o  ./Aplicacion/ComunicacionSerie.o ./Aplicacion/aeabi_romdiv_patch.o ./Aplicacion/cr_startup_lpc84x.o ./Aplicacion/crp.o ./Aplicacion/mtb.o   
Memory region         Used Size  Region Size  %age Used
        MFlash64:        2996 B        64 KB      4.57%
        RamLoc16:         304 B        16 KB      1.86%
Finished building target: ComunicacionSerie.axf
 
Performing post-build steps
arm-none-eabi-size "ComunicacionSerie.axf"; # arm-none-eabi-objcopy -v -O binary "ComunicacionSerie.axf" "ComunicacionSerie.bin" ; # checksum -p LPC845 -d "ComunicacionSerie.bin";
   text	   data	    bss	    dec	    hex	filename
   2992	      4	    300	   3296	    ce0	ComunicacionSerie.axf
 

12:12:07 Build Finished. 0 errors, 2 warnings. (took 1s.843ms)

