20:27:33 **** Incremental Build of configuration Debug for project PruebaADC ****
make -r -j2 all 
Building file: ../Aplicacion/PruebaADC.c
Invoking: MCU C Compiler
arm-none-eabi-gcc -DDEBUG -D__CODE_RED -DCORE_M0PLUS -D__MTB_DISABLE -D__MTB_BUFFER_SIZE=256 -D__LPC84X__ -D__REDLIB__ -I"/home/chor/Documents/EjemplosMCU2022/PruebaADC.zip_expanded/PruebaADC/Primitivas" -I"/home/chor/Documents/EjemplosMCU2022/PruebaADC.zip_expanded/PruebaADC/Aplicacion" -I"/home/chor/Documents/EjemplosMCU2022/PruebaADC.zip_expanded/PruebaADC/Drivers" -O0 -fno-common -g3 -Wall -c -fmessage-length=0 -fno-builtin -ffunction-sections -fdata-sections -fmerge-constants -fmacro-prefix-map="../Aplicacion/"= -mcpu=cortex-m0 -mthumb -fstack-usage -specs=redlib.specs -MMD -MP -MF"Aplicacion/PruebaADC.d" -MT"Aplicacion/PruebaADC.o" -MT"Aplicacion/PruebaADC.d" -o "Aplicacion/PruebaADC.o" "../Aplicacion/PruebaADC.c"
Finished building: ../Aplicacion/PruebaADC.c
 
Building target: PruebaADC.axf
Invoking: MCU Linker
arm-none-eabi-gcc -nostdlib -Xlinker -Map="PruebaADC.map" -Xlinker --cref -Xlinker --gc-sections -Xlinker -print-memory-usage -mcpu=cortex-m0 -mthumb -T "PruebaADC_Debug.ld" -o "PruebaADC.axf"  ./Primitivas/PR_7Seg.o ./Primitivas/PR_ADC.o ./Primitivas/PR_Leds.o ./Primitivas/PR_TImers.o ./Primitivas/PR_Teclado.o ./Primitivas/PR_UART.o  ./Drivers/DR_7Seg.o ./Drivers/DR_ADC.o ./Drivers/DR_GPIO.o ./Drivers/DR_Init.o ./Drivers/DR_UART.o ./Drivers/DR_teclado.o ./Drivers/Systick.o  ./Aplicacion/PruebaADC.o ./Aplicacion/cr_startup_lpc84x.o ./Aplicacion/crp.o   
Memory region         Used Size  Region Size  %age Used
        MFlash64:        3660 B        64 KB      5.58%
        RamLoc16:         272 B        16 KB      1.66%
Finished building target: PruebaADC.axf
 
Performing post-build steps
arm-none-eabi-size "PruebaADC.axf"; # arm-none-eabi-objcopy -v -O binary "PruebaADC.axf" "PruebaADC.bin" ; # checksum -p LPC845 -d "PruebaADC.bin";
   text	   data	    bss	    dec	    hex	filename
   3652	      8	    264	   3924	    f54	PruebaADC.axf
 

20:27:35 Build Finished. 0 errors, 0 warnings. (took 1s.299ms)

