19:46:34 **** Incremental Build of configuration Debug for project Prueba845_Systick ****
make -r -j2 all 
make[1]: No se hace nada para 'main-build'.
Performing post-build steps
arm-none-eabi-size "Prueba845_Systick.axf"; # arm-none-eabi-objcopy -v -O binary "Prueba845_Systick.axf" "Prueba845_Systick.bin" ; # checksum -p LPC845 -d "Prueba845_Systick.bin";
   text	   data	    bss	    dec	    hex	filename
    984	      4	      8	    996	    3e4	Prueba845_Systick.axf
 

19:46:35 Build Finished. 0 errors, 0 warnings. (took 956ms)

