12:19:40 **** Incremental Build of configuration Debug for project SerieBuffers ****
make -r -j2 all 
make[1]: No se hace nada para 'main-build'.
Performing post-build steps
arm-none-eabi-size "SerieBuffers.axf"; # arm-none-eabi-objcopy -v -O binary "SerieBuffers.axf" "SerieBuffers.bin" ; # checksum -p LPC845 -d "SerieBuffers.bin";
   text	   data	    bss	    dec	    hex	filename
   3084	      8	    232	   3324	    cfc	SerieBuffers.axf
 

12:19:41 Build Finished. 0 errors, 0 warnings. (took 1s.90ms)

