11:33:40 **** Incremental Build of configuration Debug for project SystickCompleto ****
make -r -j2 all 
make[1]: No se hace nada para 'main-build'.
Performing post-build steps
arm-none-eabi-size "SystickCompleto.axf"; # arm-none-eabi-objcopy -v -O binary "SystickCompleto.axf" "SystickCompleto.bin" ; # checksum -p LPC845 -d "SystickCompleto.bin";
   text	   data	    bss	    dec	    hex	filename
   1840	      4	    148	   1992	    7c8	SystickCompleto.axf
 

11:33:42 Build Finished. 0 errors, 0 warnings. (took 1s.433ms)

